###############################################################################
#
# IAR ELF Linker V9.10.1.308/W64 for ARM                  09/Jun/2022  14:55:01
# Copyright 2007-2021 IAR Systems AB.
#
#    Output file  =
#        C:\Users\LIANMENG\Desktop\AX9-PROJECT-IAR-PID\AX9_V1.00\source\application\USER\Debug\Exe\AX9.out
#    Map file     =
#        C:\Users\LIANMENG\Desktop\AX9-PROJECT-IAR-PID\AX9_V1.00\source\application\USER\Debug\List\AX9.map
#    Command line =
#        -f
#        C:\Users\LIANMENG\Desktop\AX9-PROJECT-IAR-PID\AX9_V1.00\source\application\USER\Debug\Exe\AX9.out.rsp
#        (C:\Users\LIANMENG\Desktop\AX9-PROJECT-IAR-PID\AX9_V1.00\source\application\USER\Debug\Obj\BSP\adc.o
#        C:\Users\LIANMENG\Desktop\AX9-PROJECT-IAR-PID\AX9_V1.00\source\application\USER\Debug\Obj\DEVICE\adjustvoltage.o
#        C:\Users\LIANMENG\Desktop\AX9-PROJECT-IAR-PID\AX9_V1.00\source\application\USER\Debug\Obj\DEVICE\adt7302.o
#        C:\Users\LIANMENG\Desktop\AX9-PROJECT-IAR-PID\AX9_V1.00\source\application\USER\Debug\Obj\APP\app.o
#        C:\Users\LIANMENG\Desktop\AX9-PROJECT-IAR-PID\AX9_V1.00\source\application\USER\Debug\Obj\APP\app_adc.o
#        C:\Users\LIANMENG\Desktop\AX9-PROJECT-IAR-PID\AX9_V1.00\source\application\USER\Debug\Obj\APP\app_adjvol.o
#        C:\Users\LIANMENG\Desktop\AX9-PROJECT-IAR-PID\AX9_V1.00\source\application\USER\Debug\Obj\APP\app_com.o
#        C:\Users\LIANMENG\Desktop\AX9-PROJECT-IAR-PID\AX9_V1.00\source\application\USER\Debug\Obj\APP\app_comdebug.o
#        C:\Users\LIANMENG\Desktop\AX9-PROJECT-IAR-PID\AX9_V1.00\source\application\USER\Debug\Obj\APP\app_fan.o
#        C:\Users\LIANMENG\Desktop\AX9-PROJECT-IAR-PID\AX9_V1.00\source\application\USER\Debug\Obj\APP\app_led.o
#        C:\Users\LIANMENG\Desktop\AX9-PROJECT-IAR-PID\AX9_V1.00\source\application\USER\Debug\Obj\APP\app_pwrmanager.o
#        C:\Users\LIANMENG\Desktop\AX9-PROJECT-IAR-PID\AX9_V1.00\source\application\USER\Debug\Obj\APP\app_sysonoff.o
#        C:\Users\LIANMENG\Desktop\AX9-PROJECT-IAR-PID\AX9_V1.00\source\application\USER\Debug\Obj\APP\app_temperature.o
#        C:\Users\LIANMENG\Desktop\AX9-PROJECT-IAR-PID\AX9_V1.00\source\application\USER\Debug\Obj\APP\app_timer.o
#        C:\Users\LIANMENG\Desktop\AX9-PROJECT-IAR-PID\AX9_V1.00\source\application\USER\Debug\Obj\APP\app_usb.o
#        C:\Users\LIANMENG\Desktop\AX9-PROJECT-IAR-PID\AX9_V1.00\source\application\USER\Debug\Obj\DEVICE\bat1.o
#        C:\Users\LIANMENG\Desktop\AX9-PROJECT-IAR-PID\AX9_V1.00\source\application\USER\Debug\Obj\DEVICE\bat2.o
#        C:\Users\LIANMENG\Desktop\AX9-PROJECT-IAR-PID\AX9_V1.00\source\application\USER\Debug\Obj\BSP\board.o
#        C:\Users\LIANMENG\Desktop\AX9-PROJECT-IAR-PID\AX9_V1.00\source\application\USER\Debug\Obj\UCOSIII\uCOS-BSP\bsp.o
#        C:\Users\LIANMENG\Desktop\AX9-PROJECT-IAR-PID\AX9_V1.00\source\application\USER\Debug\Obj\DEVICE\command_process.o
#        C:\Users\LIANMENG\Desktop\AX9-PROJECT-IAR-PID\AX9_V1.00\source\application\USER\Debug\Obj\UCOSIII\uCOS-CPU\cpu_a.o
#        C:\Users\LIANMENG\Desktop\AX9-PROJECT-IAR-PID\AX9_V1.00\source\application\USER\Debug\Obj\UCOSIII\uCOS-CPU\cpu_c.o
#        C:\Users\LIANMENG\Desktop\AX9-PROJECT-IAR-PID\AX9_V1.00\source\application\USER\Debug\Obj\UCOSIII\uCOS-CPU\cpu_core.o
#        C:\Users\LIANMENG\Desktop\AX9-PROJECT-IAR-PID\AX9_V1.00\source\application\USER\Debug\Obj\BSP\dac.o
#        C:\Users\LIANMENG\Desktop\AX9-PROJECT-IAR-PID\AX9_V1.00\source\application\USER\Debug\Obj\BSP\dma.o
#        C:\Users\LIANMENG\Desktop\AX9-PROJECT-IAR-PID\AX9_V1.00\source\application\USER\Debug\Obj\DEVICE\ds2431.o
#        C:\Users\LIANMENG\Desktop\AX9-PROJECT-IAR-PID\AX9_V1.00\source\application\USER\Debug\Obj\DEVICE\emc2305.o
#        C:\Users\LIANMENG\Desktop\AX9-PROJECT-IAR-PID\AX9_V1.00\source\application\USER\Debug\Obj\BSP\gpio.o
#        C:\Users\LIANMENG\Desktop\AX9-PROJECT-IAR-PID\AX9_V1.00\source\application\USER\Debug\Obj\BSP\iic.o
#        C:\Users\LIANMENG\Desktop\AX9-PROJECT-IAR-PID\AX9_V1.00\source\application\USER\Debug\Obj\UCOSIII\uCOSIII-LIB\lib_ascii.o
#        C:\Users\LIANMENG\Desktop\AX9-PROJECT-IAR-PID\AX9_V1.00\source\application\USER\Debug\Obj\UCOSIII\uCOSIII-LIB\lib_math.o
#        C:\Users\LIANMENG\Desktop\AX9-PROJECT-IAR-PID\AX9_V1.00\source\application\USER\Debug\Obj\UCOSIII\uCOSIII-LIB\lib_mem.o
#        C:\Users\LIANMENG\Desktop\AX9-PROJECT-IAR-PID\AX9_V1.00\source\application\USER\Debug\Obj\UCOSIII\uCOSIII-LIB\lib_mem_a.o
#        C:\Users\LIANMENG\Desktop\AX9-PROJECT-IAR-PID\AX9_V1.00\source\application\USER\Debug\Obj\UCOSIII\uCOSIII-LIB\lib_str.o
#        C:\Users\LIANMENG\Desktop\AX9-PROJECT-IAR-PID\AX9_V1.00\source\application\USER\Debug\Obj\USER\main.o
#        C:\Users\LIANMENG\Desktop\AX9-PROJECT-IAR-PID\AX9_V1.00\source\application\USER\Debug\Obj\FWLIB\misc.o
#        C:\Users\LIANMENG\Desktop\AX9-PROJECT-IAR-PID\AX9_V1.00\source\application\USER\Debug\Obj\BSP\nvic.o
#        C:\Users\LIANMENG\Desktop\AX9-PROJECT-IAR-PID\AX9_V1.00\source\application\USER\Debug\Obj\UCOSIII\uCOS-CONFIG\os_app_hooks.o
#        C:\Users\LIANMENG\Desktop\AX9-PROJECT-IAR-PID\AX9_V1.00\source\application\USER\Debug\Obj\UCOSIII\uCOS-III\Source\os_cfg_app.o
#        C:\Users\LIANMENG\Desktop\AX9-PROJECT-IAR-PID\AX9_V1.00\source\application\USER\Debug\Obj\UCOSIII\uCOS-III\Source\os_core.o
#        C:\Users\LIANMENG\Desktop\AX9-PROJECT-IAR-PID\AX9_V1.00\source\application\USER\Debug\Obj\UCOSIII\uCOS-III\Port\os_cpu_a.o
#        C:\Users\LIANMENG\Desktop\AX9-PROJECT-IAR-PID\AX9_V1.00\source\application\USER\Debug\Obj\UCOSIII\uCOS-III\Port\os_cpu_c.o
#        C:\Users\LIANMENG\Desktop\AX9-PROJECT-IAR-PID\AX9_V1.00\source\application\USER\Debug\Obj\UCOSIII\uCOS-III\Source\os_dbg.o
#        C:\Users\LIANMENG\Desktop\AX9-PROJECT-IAR-PID\AX9_V1.00\source\application\USER\Debug\Obj\UCOSIII\uCOS-III\Source\os_flag.o
#        C:\Users\LIANMENG\Desktop\AX9-PROJECT-IAR-PID\AX9_V1.00\source\application\USER\Debug\Obj\UCOSIII\uCOS-III\Source\os_int.o
#        C:\Users\LIANMENG\Desktop\AX9-PROJECT-IAR-PID\AX9_V1.00\source\application\USER\Debug\Obj\UCOSIII\uCOS-III\Source\os_mem.o
#        C:\Users\LIANMENG\Desktop\AX9-PROJECT-IAR-PID\AX9_V1.00\source\application\USER\Debug\Obj\UCOSIII\uCOS-III\Source\os_msg.o
#        C:\Users\LIANMENG\Desktop\AX9-PROJECT-IAR-PID\AX9_V1.00\source\application\USER\Debug\Obj\UCOSIII\uCOS-III\Source\os_mutex.o
#        C:\Users\LIANMENG\Desktop\AX9-PROJECT-IAR-PID\AX9_V1.00\source\application\USER\Debug\Obj\UCOSIII\uCOS-III\Source\os_pend_multi.o
#        C:\Users\LIANMENG\Desktop\AX9-PROJECT-IAR-PID\AX9_V1.00\source\application\USER\Debug\Obj\UCOSIII\uCOS-III\Source\os_prio.o
#        C:\Users\LIANMENG\Desktop\AX9-PROJECT-IAR-PID\AX9_V1.00\source\application\USER\Debug\Obj\UCOSIII\uCOS-III\Source\os_q.o
#        C:\Users\LIANMENG\Desktop\AX9-PROJECT-IAR-PID\AX9_V1.00\source\application\USER\Debug\Obj\UCOSIII\uCOS-III\Source\os_sem.o
#        C:\Users\LIANMENG\Desktop\AX9-PROJECT-IAR-PID\AX9_V1.00\source\application\USER\Debug\Obj\UCOSIII\uCOS-III\Source\os_stat.o
#        C:\Users\LIANMENG\Desktop\AX9-PROJECT-IAR-PID\AX9_V1.00\source\application\USER\Debug\Obj\UCOSIII\uCOS-III\Source\os_task.o
#        C:\Users\LIANMENG\Desktop\AX9-PROJECT-IAR-PID\AX9_V1.00\source\application\USER\Debug\Obj\UCOSIII\uCOS-III\Source\os_tick.o
#        C:\Users\LIANMENG\Desktop\AX9-PROJECT-IAR-PID\AX9_V1.00\source\application\USER\Debug\Obj\UCOSIII\uCOS-III\Source\os_time.o
#        C:\Users\LIANMENG\Desktop\AX9-PROJECT-IAR-PID\AX9_V1.00\source\application\USER\Debug\Obj\UCOSIII\uCOS-III\Source\os_tmr.o
#        C:\Users\LIANMENG\Desktop\AX9-PROJECT-IAR-PID\AX9_V1.00\source\application\USER\Debug\Obj\UCOSIII\uCOS-III\Source\os_var.o
#        C:\Users\LIANMENG\Desktop\AX9-PROJECT-IAR-PID\AX9_V1.00\source\application\USER\Debug\Obj\DEVICE\power.o
#        C:\Users\LIANMENG\Desktop\AX9-PROJECT-IAR-PID\AX9_V1.00\source\application\USER\Debug\Obj\BSP\spi.o
#        C:\Users\LIANMENG\Desktop\AX9-PROJECT-IAR-PID\AX9_V1.00\source\application\USER\Debug\Obj\CMSIS\startup_stm32f40_41xxx.o
#        C:\Users\LIANMENG\Desktop\AX9-PROJECT-IAR-PID\AX9_V1.00\source\application\USER\Debug\Obj\FWLIB\stm32f4xx_adc.o
#        C:\Users\LIANMENG\Desktop\AX9-PROJECT-IAR-PID\AX9_V1.00\source\application\USER\Debug\Obj\FWLIB\stm32f4xx_can.o
#        C:\Users\LIANMENG\Desktop\AX9-PROJECT-IAR-PID\AX9_V1.00\source\application\USER\Debug\Obj\FWLIB\stm32f4xx_cec.o
#        C:\Users\LIANMENG\Desktop\AX9-PROJECT-IAR-PID\AX9_V1.00\source\application\USER\Debug\Obj\FWLIB\stm32f4xx_crc.o
#        C:\Users\LIANMENG\Desktop\AX9-PROJECT-IAR-PID\AX9_V1.00\source\application\USER\Debug\Obj\FWLIB\stm32f4xx_cryp.o
#        C:\Users\LIANMENG\Desktop\AX9-PROJECT-IAR-PID\AX9_V1.00\source\application\USER\Debug\Obj\FWLIB\stm32f4xx_cryp_aes.o
#        C:\Users\LIANMENG\Desktop\AX9-PROJECT-IAR-PID\AX9_V1.00\source\application\USER\Debug\Obj\FWLIB\stm32f4xx_cryp_des.o
#        C:\Users\LIANMENG\Desktop\AX9-PROJECT-IAR-PID\AX9_V1.00\source\application\USER\Debug\Obj\FWLIB\stm32f4xx_cryp_tdes.o
#        C:\Users\LIANMENG\Desktop\AX9-PROJECT-IAR-PID\AX9_V1.00\source\application\USER\Debug\Obj\FWLIB\stm32f4xx_dac.o
#        C:\Users\LIANMENG\Desktop\AX9-PROJECT-IAR-PID\AX9_V1.00\source\application\USER\Debug\Obj\FWLIB\stm32f4xx_dbgmcu.o
#        C:\Users\LIANMENG\Desktop\AX9-PROJECT-IAR-PID\AX9_V1.00\source\application\USER\Debug\Obj\FWLIB\stm32f4xx_dcmi.o
#        C:\Users\LIANMENG\Desktop\AX9-PROJECT-IAR-PID\AX9_V1.00\source\application\USER\Debug\Obj\FWLIB\stm32f4xx_dfsdm.o
#        C:\Users\LIANMENG\Desktop\AX9-PROJECT-IAR-PID\AX9_V1.00\source\application\USER\Debug\Obj\FWLIB\stm32f4xx_dma.o
#        C:\Users\LIANMENG\Desktop\AX9-PROJECT-IAR-PID\AX9_V1.00\source\application\USER\Debug\Obj\FWLIB\stm32f4xx_dma2d.o
#        C:\Users\LIANMENG\Desktop\AX9-PROJECT-IAR-PID\AX9_V1.00\source\application\USER\Debug\Obj\FWLIB\stm32f4xx_dsi.o
#        C:\Users\LIANMENG\Desktop\AX9-PROJECT-IAR-PID\AX9_V1.00\source\application\USER\Debug\Obj\FWLIB\stm32f4xx_exti.o
#        C:\Users\LIANMENG\Desktop\AX9-PROJECT-IAR-PID\AX9_V1.00\source\application\USER\Debug\Obj\FWLIB\stm32f4xx_flash.o
#        C:\Users\LIANMENG\Desktop\AX9-PROJECT-IAR-PID\AX9_V1.00\source\application\USER\Debug\Obj\FWLIB\stm32f4xx_flash_ramfunc.o
#        C:\Users\LIANMENG\Desktop\AX9-PROJECT-IAR-PID\AX9_V1.00\source\application\USER\Debug\Obj\FWLIB\stm32f4xx_fmpi2c.o
#        C:\Users\LIANMENG\Desktop\AX9-PROJECT-IAR-PID\AX9_V1.00\source\application\USER\Debug\Obj\FWLIB\stm32f4xx_fsmc.o
#        C:\Users\LIANMENG\Desktop\AX9-PROJECT-IAR-PID\AX9_V1.00\source\application\USER\Debug\Obj\FWLIB\stm32f4xx_gpio.o
#        C:\Users\LIANMENG\Desktop\AX9-PROJECT-IAR-PID\AX9_V1.00\source\application\USER\Debug\Obj\FWLIB\stm32f4xx_hash.o
#        C:\Users\LIANMENG\Desktop\AX9-PROJECT-IAR-PID\AX9_V1.00\source\application\USER\Debug\Obj\FWLIB\stm32f4xx_hash_md5.o
#        C:\Users\LIANMENG\Desktop\AX9-PROJECT-IAR-PID\AX9_V1.00\source\application\USER\Debug\Obj\FWLIB\stm32f4xx_hash_sha1.o
#        C:\Users\LIANMENG\Desktop\AX9-PROJECT-IAR-PID\AX9_V1.00\source\application\USER\Debug\Obj\FWLIB\stm32f4xx_i2c.o
#        C:\Users\LIANMENG\Desktop\AX9-PROJECT-IAR-PID\AX9_V1.00\source\application\USER\Debug\Obj\USER\stm32f4xx_it.o
#        C:\Users\LIANMENG\Desktop\AX9-PROJECT-IAR-PID\AX9_V1.00\source\application\USER\Debug\Obj\FWLIB\stm32f4xx_iwdg.o
#        C:\Users\LIANMENG\Desktop\AX9-PROJECT-IAR-PID\AX9_V1.00\source\application\USER\Debug\Obj\FWLIB\stm32f4xx_lptim.o
#        C:\Users\LIANMENG\Desktop\AX9-PROJECT-IAR-PID\AX9_V1.00\source\application\USER\Debug\Obj\FWLIB\stm32f4xx_ltdc.o
#        C:\Users\LIANMENG\Desktop\AX9-PROJECT-IAR-PID\AX9_V1.00\source\application\USER\Debug\Obj\FWLIB\stm32f4xx_pwr.o
#        C:\Users\LIANMENG\Desktop\AX9-PROJECT-IAR-PID\AX9_V1.00\source\application\USER\Debug\Obj\FWLIB\stm32f4xx_qspi.o
#        C:\Users\LIANMENG\Desktop\AX9-PROJECT-IAR-PID\AX9_V1.00\source\application\USER\Debug\Obj\FWLIB\stm32f4xx_rcc.o
#        C:\Users\LIANMENG\Desktop\AX9-PROJECT-IAR-PID\AX9_V1.00\source\application\USER\Debug\Obj\FWLIB\stm32f4xx_rng.o
#        C:\Users\LIANMENG\Desktop\AX9-PROJECT-IAR-PID\AX9_V1.00\source\application\USER\Debug\Obj\FWLIB\stm32f4xx_rtc.o
#        C:\Users\LIANMENG\Desktop\AX9-PROJECT-IAR-PID\AX9_V1.00\source\application\USER\Debug\Obj\FWLIB\stm32f4xx_sai.o
#        C:\Users\LIANMENG\Desktop\AX9-PROJECT-IAR-PID\AX9_V1.00\source\application\USER\Debug\Obj\FWLIB\stm32f4xx_sdio.o
#        C:\Users\LIANMENG\Desktop\AX9-PROJECT-IAR-PID\AX9_V1.00\source\application\USER\Debug\Obj\FWLIB\stm32f4xx_spdifrx.o
#        C:\Users\LIANMENG\Desktop\AX9-PROJECT-IAR-PID\AX9_V1.00\source\application\USER\Debug\Obj\FWLIB\stm32f4xx_spi.o
#        C:\Users\LIANMENG\Desktop\AX9-PROJECT-IAR-PID\AX9_V1.00\source\application\USER\Debug\Obj\FWLIB\stm32f4xx_syscfg.o
#        C:\Users\LIANMENG\Desktop\AX9-PROJECT-IAR-PID\AX9_V1.00\source\application\USER\Debug\Obj\FWLIB\stm32f4xx_tim.o
#        C:\Users\LIANMENG\Desktop\AX9-PROJECT-IAR-PID\AX9_V1.00\source\application\USER\Debug\Obj\FWLIB\stm32f4xx_usart.o
#        C:\Users\LIANMENG\Desktop\AX9-PROJECT-IAR-PID\AX9_V1.00\source\application\USER\Debug\Obj\FWLIB\stm32f4xx_wwdg.o
#        C:\Users\LIANMENG\Desktop\AX9-PROJECT-IAR-PID\AX9_V1.00\source\application\USER\Debug\Obj\DEVICE\system.o
#        C:\Users\LIANMENG\Desktop\AX9-PROJECT-IAR-PID\AX9_V1.00\source\application\USER\Debug\Obj\CMSIS\system_stm32f4xx.o
#        C:\Users\LIANMENG\Desktop\AX9-PROJECT-IAR-PID\AX9_V1.00\source\application\USER\Debug\Obj\BSP\systick.o
#        C:\Users\LIANMENG\Desktop\AX9-PROJECT-IAR-PID\AX9_V1.00\source\application\USER\Debug\Obj\BSP\timer.o
#        C:\Users\LIANMENG\Desktop\AX9-PROJECT-IAR-PID\AX9_V1.00\source\application\USER\Debug\Obj\DEVICE\tlv5626cd.o
#        C:\Users\LIANMENG\Desktop\AX9-PROJECT-IAR-PID\AX9_V1.00\source\application\USER\Debug\Obj\DEVICE\tmp468.o
#        C:\Users\LIANMENG\Desktop\AX9-PROJECT-IAR-PID\AX9_V1.00\source\application\USER\Debug\Obj\BSP\usart.o
#        C:\Users\LIANMENG\Desktop\AX9-PROJECT-IAR-PID\AX9_V1.00\source\application\USER\Debug\Obj\USB\USB-APP\usb_bsp.o
#        C:\Users\LIANMENG\Desktop\AX9-PROJECT-IAR-PID\AX9_V1.00\source\application\USER\Debug\Obj\USB\USB-OTG\usb_core.o
#        C:\Users\LIANMENG\Desktop\AX9-PROJECT-IAR-PID\AX9_V1.00\source\application\USER\Debug\Obj\USB\USB-OTG\usb_dcd.o
#        C:\Users\LIANMENG\Desktop\AX9-PROJECT-IAR-PID\AX9_V1.00\source\application\USER\Debug\Obj\USB\USB-OTG\usb_dcd_int.o
#        C:\Users\LIANMENG\Desktop\AX9-PROJECT-IAR-PID\AX9_V1.00\source\application\USER\Debug\Obj\USB\USB-DEVICE\usbd_cdc_core.o
#        C:\Users\LIANMENG\Desktop\AX9-PROJECT-IAR-PID\AX9_V1.00\source\application\USER\Debug\Obj\USB\USB-APP\usbd_cdc_vcp.o
#        C:\Users\LIANMENG\Desktop\AX9-PROJECT-IAR-PID\AX9_V1.00\source\application\USER\Debug\Obj\USB\USB-DEVICE\usbd_core.o
#        C:\Users\LIANMENG\Desktop\AX9-PROJECT-IAR-PID\AX9_V1.00\source\application\USER\Debug\Obj\USB\USB-APP\usbd_desc.o
#        C:\Users\LIANMENG\Desktop\AX9-PROJECT-IAR-PID\AX9_V1.00\source\application\USER\Debug\Obj\USB\USB-DEVICE\usbd_ioreq.o
#        C:\Users\LIANMENG\Desktop\AX9-PROJECT-IAR-PID\AX9_V1.00\source\application\USER\Debug\Obj\USB\USB-DEVICE\usbd_req.o
#        C:\Users\LIANMENG\Desktop\AX9-PROJECT-IAR-PID\AX9_V1.00\source\application\USER\Debug\Obj\USB\USB-APP\usbd_usr.o
#        --no_out_extension -o
#        C:\Users\LIANMENG\Desktop\AX9-PROJECT-IAR-PID\AX9_V1.00\source\application\USER\Debug\Exe\AX9.out
#        --map
#        C:\Users\LIANMENG\Desktop\AX9-PROJECT-IAR-PID\AX9_V1.00\source\application\USER\Debug\List\AX9.map
#        --config
#        C:\Users\LIANMENG\Desktop\AX9-PROJECT-IAR-PID\AX9_V1.00\source\application\USER\stm32f405xG.icf
#        --semihosting --entry __iar_program_start --vfe --text_out locale)
#
###############################################################################

*******************************************************************************
*** RUNTIME MODEL ATTRIBUTES
***

CppFlavor       = *
__SystemLibrary = DLib
__dlib_version  = 6


*******************************************************************************
*** HEAP SELECTION
***

The basic heap was selected because no calls to memory allocation
functions were found in the application outside of system library
functions, and there are calls to deallocation functions in the
application.


*******************************************************************************
*** PLACEMENT SUMMARY
***

"A0":  place at address 0x802'0000 { ro section .intvec };
"P1":  place in [from 0x800'0000 to 0x80f'ffff] { ro };
define block CSTACK with size = 8K, alignment = 8 { };
define block HEAP with size = 8K, alignment = 8 { };
"P4":  place in [from 0x2000'0000 to 0x2001'bfff] |
                [from 0x2001'c000 to 0x2001'ffff] {
          rw, block CSTACK, block HEAP };
initialize by copy { rw };

No sections matched the following patterns:

  ro section application_specific_ro  in "P2"
  section .backup_sram                in "P5"
  section .ccram                      in "P3"


  Section            Kind         Address    Size  Object
  -------            ----         -------    ----  ------
"A0":                                       0x188
  .intvec            ro code   0x802'0000   0x188  startup_stm32f40_41xxx.o [3]
                             - 0x802'0188   0x188

"P1":                                      0xf5db
  .text              ro code   0x802'0188  0x175c  command_process.o [4]
  .text              ro code   0x802'18e4    0xa6  ABImemcpy.o [18]
  .text              ro code   0x802'198a     0xe  usbd_usr.o [12]
  .text              ro code   0x802'1998   0x240  ds2431.o [4]
  .text              ro code   0x802'1bd8   0x114  stm32f4xx_flash.o [5]
  .text              ro code   0x802'1cec   0x10c  systick.o [2]
  .text              ro code   0x802'1df8   0x728  adc.o [2]
  .text              ro code   0x802'2520   0x11e  stm32f4xx_gpio.o [5]
  .rodata            const     0x802'263e     0x2  os_cfg_app.o [10]
  .text              ro code   0x802'2640  0x1164  app_adjvol.o [1]
  .text              ro code   0x802'37a4   0x160  stm32f4xx_dma.o [5]
  .text              ro code   0x802'3904   0x1c4  stm32f4xx_rcc.o [5]
  .text              ro code   0x802'3ac8    0xb8  misc.o [5]
  .text              ro code   0x802'3b80   0xb78  os_core.o [10]
  .text              ro code   0x802'46f8   0x1c8  stm32f4xx_adc.o [5]
  .text              ro code   0x802'48c0    0x1c  U32ToDbl.o [17]
  .text              ro code   0x802'48dc   0x1aa  DblMul.o [17]
  .rodata            const     0x802'4a86     0x2  os_cfg_app.o [10]
  .text              ro code   0x802'4a88   0x246  DblDiv.o [17]
  .rodata            const     0x802'4cce     0x2  os_dbg.o [10]
  .text              ro code   0x802'4cd0    0x22  DblToU32.o [17]
  .rodata            const     0x802'4cf2     0x2  os_dbg.o [10]
  .text              ro code   0x802'4cf4   0x25e  DblAddSub.o [17]
  .rodata            const     0x802'4f52     0x2  os_dbg.o [10]
  .text              ro code   0x802'4f54    0x36  DblToS32.o [17]
  .rodata            const     0x802'4f8a     0x2  os_dbg.o [10]
  .text              ro code   0x802'4f8c    0x28  printf.o [16]
  .text              ro code   0x802'4fb4   0x298  adjustvoltage.o [4]
  .text              ro code   0x802'524c    0xcc  stm32f4xx_dac.o [5]
  .text              ro code   0x802'5318   0x150  tlv5626cd.o [4]
  .text              ro code   0x802'5468   0x2b8  os_time.o [10]
  .text              ro code   0x802'5720     0x8  abs.o [16]
  .text              ro code   0x802'5728   0xda8  os_task.o [10]
  .text              ro code   0x802'64d0   0x1bc  os_cpu_c.o [9]
  .text              ro code   0x802'668c    0x94  os_prio.o [10]
  .text              ro code   0x802'6720   0x1e8  os_flag.o [10]
  .text              ro code   0x802'6908    0x1c  os_mem.o [10]
  .text              ro code   0x802'6924   0x190  os_msg.o [10]
  .text              ro code   0x802'6ab4   0x4f0  os_mutex.o [10]
  .text              ro code   0x802'6fa4   0x104  os_q.o [10]
  .text              ro code   0x802'70a8    0xd0  os_sem.o [10]
  .text              ro code   0x802'7178   0x428  os_int.o [10]
  .text              ro code   0x802'75a0   0x4f0  os_tick.o [10]
  .text              ro code   0x802'7a90   0x520  os_stat.o [10]
  .text              ro code   0x802'7fb0   0x3f0  os_tmr.o [10]
  .text              ro code   0x802'83a0   0x1a8  os_dbg.o [10]
  .text              ro code   0x802'8548    0xe0  os_cfg_app.o [10]
  CODE               ro code   0x802'8628    0x34  cpu_a.o [8]
  CODE               ro code   0x802'865c    0x94  os_cpu_a.o [9]
  .text              ro code   0x802'86f0    0x4c  bsp.o [6]
  .text              ro code   0x802'873c   0x136  xprintftiny.o [16]
  .rodata            const     0x802'8872     0x2  os_dbg.o [10]
  .text              ro code   0x802'8874    0x68  DblToFlt.o [17]
  .text              ro code   0x802'88dc    0x48  FltToDbl.o [17]
  .text              ro code   0x802'8924    0xd8  FltMul.o [17]
  .text              ro code   0x802'89fc   0x10c  spi.o [2]
  .text              ro code   0x802'8b08   0x47c  system.o [4]
  .text              ro code   0x802'8f84    0x4c  cpu_core.o [8]
  .text              ro code   0x802'8fd0    0x36  strlen.o [18]
  .rodata            const     0x802'9006     0x2  os_dbg.o [10]
  .text              ro code   0x802'9008    0x6c  stm32f4xx_spi.o [5]
  .text              ro code   0x802'9074    0x58  lib_mem.o [11]
  .text              ro code   0x802'90cc   0xa06  usb_core.o [14]
  .rodata            const     0x802'9ad2     0x2  os_dbg.o [10]
  .text              ro code   0x802'9ad4    0x9a  usb_bsp.o [12]
  .rodata            const     0x802'9b6e     0x2  os_dbg.o [10]
  .text              ro code   0x802'9b70   0x868  power.o [4]
  .text              ro code   0x802'a3d8   0x3c0  bat1.o [4]
  .text              ro code   0x802'a798   0x404  bat2.o [4]
  .text              ro code   0x802'ab9c    0x66  ABImemset.o [18]
  .rodata            const     0x802'ac02     0x2  os_dbg.o [10]
  .text              ro code   0x802'ac04    0x22  S32ToDbl.o [17]
  .rodata            const     0x802'ac26     0x2  os_dbg.o [10]
  .text              ro code   0x802'ac28   0x774  usb_dcd_int.o [14]
  .text              ro code   0x802'b39c   0x722  emc2305.o [4]
  .rodata            const     0x802'babe     0x2  os_dbg.o [10]
  .text              ro code   0x802'bac0   0x720  gpio.o [2]
  .text              ro code   0x802'c1e0     0xc  stm32f4xx_pwr.o [5]
  .text              ro code   0x802'c1ec   0x676  usbd_req.o [13]
  .text              ro code   0x802'c862    0xcc  usbd_ioreq.o [13]
  .text              ro code   0x802'c92e   0x266  usb_dcd.o [14]
  .text              ro code   0x802'cb94   0x326  usbd_core.o [13]
  .rodata            const     0x802'ceba     0x2  os_dbg.o [10]
  .text              ro code   0x802'cebc   0x43c  app_sysonoff.o [1]
  .text              ro code   0x802'd2f8   0x324  usbd_cdc_core.o [13]
  .text              ro code   0x802'd61c   0x2d8  board.o [2]
  .text              ro code   0x802'd8f4   0x1a0  usart.o [2]
  .text              ro code   0x802'da94   0x1f8  stm32f4xx_usart.o [5]
  .text              ro code   0x802'dc8c    0xb8  dma.o [2]
  .text              ro code   0x802'dd44    0xa2  nvic.o [2]
  .text              ro code   0x802'dde6    0x30  dac.o [2]
  .rodata            const     0x802'de16     0x2  os_dbg.o [10]
  .text              ro code   0x802'de18    0xc0  timer.o [2]
  .text              ro code   0x802'ded8    0xc0  stm32f4xx_tim.o [5]
  .text              ro code   0x802'df98   0x144  system_stm32f4xx.o [3]
  .text              ro code   0x802'e0dc   0x13e  usbd_desc.o [12]
  .rodata            const     0x802'e21a     0x2  os_dbg.o [10]
  .text              ro code   0x802'e21c   0x110  app.o [1]
  .text              ro code   0x802'e32c    0xb8  app_led.o [1]
  .text              ro code   0x802'e3e4    0x98  app_usb.o [1]
  .text              ro code   0x802'e47c    0xf4  app_com.o [1]
  .text              ro code   0x802'e570    0xf4  app_comdebug.o [1]
  .text              ro code   0x802'e664    0x6c  app_fan.o [1]
  .text              ro code   0x802'e6d0    0x68  app_pwrmanager.o [1]
  .text              ro code   0x802'e738    0x70  app_temperature.o [1]
  .text              ro code   0x802'e7a8    0x60  usbd_cdc_vcp.o [12]
  .text              ro code   0x802'e808    0xa2  packbits_init.o [18]
  .text              ro code   0x802'e8aa     0x6  abort.o [16]
  .text              ro code   0x802'e8b0    0x14  exit.o [19]
  .text              ro code   0x802'e8c4    0x98  stm32f4xx_it.o [15]
  .rodata            const     0x802'e95c    0x8c  app_adjvol.o [1]
  .text              ro code   0x802'e9e8    0x78  main.o [15]
  .rodata            const     0x802'ea60    0x54  app_adjvol.o [1]
  .rodata            const     0x802'eab4    0x54  app_adjvol.o [1]
  .rodata            const     0x802'eb08    0x50  app_adjvol.o [1]
  .rodata            const     0x802'eb58    0x50  app_adjvol.o [1]
  .rodata            const     0x802'eba8    0x50  app_adjvol.o [1]
  .rodata            const     0x802'ebf8    0x50  app_adjvol.o [1]
  .rodata            const     0x802'ec48    0x50  app_adjvol.o [1]
  .rodata            const     0x802'ec98    0x3c  app_adjvol.o [1]
  .rodata            const     0x802'ecd4    0x3c  app_adjvol.o [1]
  .text              ro code   0x802'ed10    0x38  zero_init3.o [18]
  .rodata            const     0x802'ed48    0x30  app_adjvol.o [1]
  .rodata            const     0x802'ed78    0x30  os_dbg.o [10]
  .rodata            const     0x802'eda8    0x30  os_dbg.o [10]
  .rodata            const     0x802'edd8    0x2c  os_dbg.o [10]
  .rodata            const     0x802'ee04    0x28  os_dbg.o [10]
  .rodata            const     0x802'ee2c    0x28  os_dbg.o [10]
  .rodata            const     0x802'ee54    0x28  power.o [4]
  .rodata            const     0x802'ee7c    0x28  power.o [4]
  .text              ro code   0x802'eea4    0x28  data_init.o [18]
  .rodata            const     0x802'eecc    0x24  power.o [4]
  .rodata            const     0x802'eef0    0x24  power.o [4]
  .rodata            const     0x802'ef14    0x24  power.o [4]
  .rodata            const     0x802'ef38    0x24  power.o [4]
  .rodata            const     0x802'ef5c    0x24  power.o [4]
  .rodata            const     0x802'ef80    0x24  power.o [4]
  .rodata            const     0x802'efa4    0x24  usbd_desc.o [12]
  .rodata            const     0x802'efc8    0x24  usbd_desc.o [12]
  .iar.init_table    const     0x802'efec    0x2c  - Linker created -
  .rodata            const     0x802'f018    0x20  app_adjvol.o [1]
  .rodata            const     0x802'f038    0x20  app_adjvol.o [1]
  .rodata            const     0x802'f058    0x20  os_dbg.o [10]
  .text              ro code   0x802'f078    0x1e  cmain.o [18]
  .text              ro code   0x802'f096     0x4  low_level_init.o [16]
  .text              ro code   0x802'f09a     0x4  exit.o [16]
  .rodata            const     0x802'f09e     0x2  os_dbg.o [10]
  .text              ro code   0x802'f0a0     0xa  cexit.o [18]
  .rodata            const     0x802'f0aa     0x2  os_dbg.o [10]
  .rodata            const     0x802'f0ac    0x1c  app_adjvol.o [1]
  .rodata            const     0x802'f0c8    0x1c  main.o [15]
  .rodata            const     0x802'f0e4    0x1c  os_int.o [10]
  .text              ro code   0x802'f100    0x1c  cstartup_M.o [18]
  .rodata            const     0x802'f11c    0x18  app_temperature.o [1]
  .rodata            const     0x802'f134    0x18  emc2305.o [4]
  .rodata            const     0x802'f14c    0x18  emc2305.o [4]
  .rodata            const     0x802'f164    0x18  emc2305.o [4]
  .rodata            const     0x802'f17c    0x18  emc2305.o [4]
  .rodata            const     0x802'f194    0x18  emc2305.o [4]
  .rodata            const     0x802'f1ac    0x18  os_tmr.o [10]
  .text              ro code   0x802'f1c4    0x16  xprout.o [16]
  .rodata            const     0x802'f1da     0x2  os_dbg.o [10]
  .text              ro code   0x802'f1dc     0xc  putchar.o [16]
  .rodata            const     0x802'f1e8    0x14  app.o [1]
  .rodata            const     0x802'f1fc    0x14  app_adjvol.o [1]
  .rodata            const     0x802'f210    0x14  app_comdebug.o [1]
  .rodata            const     0x802'f224    0x14  app_pwrmanager.o [1]
  .rodata            const     0x802'f238    0x14  os_core.o [10]
  .rodata            const     0x802'f24c    0x14  os_stat.o [10]
  .rodata            const     0x802'f260    0x14  os_tick.o [10]
  .rodata            const     0x802'f274    0x14  stm32f4xx_it.o [15]
  .rodata            const     0x802'f288    0x14  usbd_desc.o [12]
  .rodata            const     0x802'f29c    0x10  app.o [1]
  .rodata            const     0x802'f2ac    0x10  app_adjvol.o [1]
  .rodata            const     0x802'f2bc    0x10  app_adjvol.o [1]
  .rodata            const     0x802'f2cc    0x10  app_com.o [1]
  .rodata            const     0x802'f2dc    0x10  app_fan.o [1]
  .rodata            const     0x802'f2ec    0x10  app_led.o [1]
  .rodata            const     0x802'f2fc    0x10  app_sysonoff.o [1]
  .rodata            const     0x802'f30c    0x10  app_usb.o [1]
  .rodata            const     0x802'f31c    0x10  os_tmr.o [10]
  .rodata            const     0x802'f32c    0x10  usbd_desc.o [12]
  .text              ro code   0x802'f33c    0x10  app_timer.o [1]
  .text              ro code   0x802'f34c    0x10  startup_stm32f40_41xxx.o [3]
  .rodata            const     0x802'f35c     0xc  app_adjvol.o [1]
  .rodata            const     0x802'f368     0xc  app_adjvol.o [1]
  .rodata            const     0x802'f374     0xc  os_core.o [10]
  .rodata            const     0x802'f380     0xc  usbd_desc.o [12]
  .rodata            const     0x802'f38c     0x8  os_core.o [10]
  .rodata            const     0x802'f394     0x8  os_task.o [10]
  .rodata            const     0x802'f39c     0x4  os_cfg_app.o [10]
  .rodata            const     0x802'f3a0     0x4  os_cfg_app.o [10]
  .rodata            const     0x802'f3a4     0x4  os_cfg_app.o [10]
  .rodata            const     0x802'f3a8     0x4  os_cfg_app.o [10]
  .rodata            const     0x802'f3ac     0x4  os_cfg_app.o [10]
  .rodata            const     0x802'f3b0     0x4  os_cfg_app.o [10]
  .rodata            const     0x802'f3b4     0x4  os_cfg_app.o [10]
  .rodata            const     0x802'f3b8     0x4  os_cfg_app.o [10]
  .rodata            const     0x802'f3bc     0x4  os_cfg_app.o [10]
  .rodata            const     0x802'f3c0     0x4  os_cfg_app.o [10]
  .rodata            const     0x802'f3c4     0x4  os_cfg_app.o [10]
  .rodata            const     0x802'f3c8     0x4  os_cfg_app.o [10]
  .rodata            const     0x802'f3cc     0x4  os_cfg_app.o [10]
  .rodata            const     0x802'f3d0     0x4  os_cfg_app.o [10]
  .rodata            const     0x802'f3d4     0x4  os_cfg_app.o [10]
  .rodata            const     0x802'f3d8     0x4  os_cfg_app.o [10]
  .rodata            const     0x802'f3dc     0x4  os_cfg_app.o [10]
  .rodata            const     0x802'f3e0     0x4  os_cfg_app.o [10]
  .rodata            const     0x802'f3e4     0x4  os_cfg_app.o [10]
  .rodata            const     0x802'f3e8     0x4  os_cfg_app.o [10]
  .rodata            const     0x802'f3ec     0x4  os_cfg_app.o [10]
  .rodata            const     0x802'f3f0     0x4  os_cfg_app.o [10]
  .rodata            const     0x802'f3f4     0x4  os_cfg_app.o [10]
  .rodata            const     0x802'f3f8     0x4  os_cfg_app.o [10]
  .rodata            const     0x802'f3fc     0x4  os_cfg_app.o [10]
  .rodata            const     0x802'f400     0x4  os_cfg_app.o [10]
  .rodata            const     0x802'f404     0x4  os_cfg_app.o [10]
  .rodata            const     0x802'f408     0x4  os_cfg_app.o [10]
  .rodata            const     0x802'f40c     0x4  os_cfg_app.o [10]
  .rodata            const     0x802'f410     0x4  os_cfg_app.o [10]
  .rodata            const     0x802'f414     0x4  os_cfg_app.o [10]
  .rodata            const     0x802'f418     0x4  os_cfg_app.o [10]
  .rodata            const     0x802'f41c     0x4  os_dbg.o [10]
  .rodata            const     0x802'f420     0x4  os_dbg.o [10]
  .rodata            const     0x802'f424     0x4  os_dbg.o [10]
  .text              ro code   0x802'f428     0x4  startup_stm32f40_41xxx.o [3]
  .text              ro code   0x802'f42c     0x4  startup_stm32f40_41xxx.o [3]
  .text              ro code   0x802'f430     0x4  startup_stm32f40_41xxx.o [3]
  .text              ro code   0x802'f434     0x4  startup_stm32f40_41xxx.o [3]
  .text              ro code   0x802'f438     0x4  startup_stm32f40_41xxx.o [3]
  .text              ro code   0x802'f43c     0x4  startup_stm32f40_41xxx.o [3]
  .text              ro code   0x802'f440     0x4  startup_stm32f40_41xxx.o [3]
  .text              ro code   0x802'f444     0x4  startup_stm32f40_41xxx.o [3]
  .text              ro code   0x802'f448     0x4  startup_stm32f40_41xxx.o [3]
  .text              ro code   0x802'f44c     0x4  startup_stm32f40_41xxx.o [3]
  .text              ro code   0x802'f450     0x4  startup_stm32f40_41xxx.o [3]
  .text              ro code   0x802'f454     0x4  startup_stm32f40_41xxx.o [3]
  .text              ro code   0x802'f458     0x4  startup_stm32f40_41xxx.o [3]
  .text              ro code   0x802'f45c     0x4  startup_stm32f40_41xxx.o [3]
  .text              ro code   0x802'f460     0x4  startup_stm32f40_41xxx.o [3]
  .text              ro code   0x802'f464     0x4  startup_stm32f40_41xxx.o [3]
  .text              ro code   0x802'f468     0x4  startup_stm32f40_41xxx.o [3]
  .text              ro code   0x802'f46c     0x4  startup_stm32f40_41xxx.o [3]
  .text              ro code   0x802'f470     0x4  startup_stm32f40_41xxx.o [3]
  .text              ro code   0x802'f474     0x4  startup_stm32f40_41xxx.o [3]
  .text              ro code   0x802'f478     0x4  startup_stm32f40_41xxx.o [3]
  .text              ro code   0x802'f47c     0x4  startup_stm32f40_41xxx.o [3]
  .text              ro code   0x802'f480     0x4  startup_stm32f40_41xxx.o [3]
  .text              ro code   0x802'f484     0x4  startup_stm32f40_41xxx.o [3]
  .text              ro code   0x802'f488     0x4  startup_stm32f40_41xxx.o [3]
  .text              ro code   0x802'f48c     0x4  startup_stm32f40_41xxx.o [3]
  .text              ro code   0x802'f490     0x4  startup_stm32f40_41xxx.o [3]
  .text              ro code   0x802'f494     0x4  startup_stm32f40_41xxx.o [3]
  .text              ro code   0x802'f498     0x4  startup_stm32f40_41xxx.o [3]
  .text              ro code   0x802'f49c     0x4  startup_stm32f40_41xxx.o [3]
  .text              ro code   0x802'f4a0     0x4  startup_stm32f40_41xxx.o [3]
  .text              ro code   0x802'f4a4     0x4  startup_stm32f40_41xxx.o [3]
  .text              ro code   0x802'f4a8     0x4  startup_stm32f40_41xxx.o [3]
  .text              ro code   0x802'f4ac     0x4  startup_stm32f40_41xxx.o [3]
  .text              ro code   0x802'f4b0     0x4  startup_stm32f40_41xxx.o [3]
  .text              ro code   0x802'f4b4     0x4  startup_stm32f40_41xxx.o [3]
  .text              ro code   0x802'f4b8     0x4  startup_stm32f40_41xxx.o [3]
  .text              ro code   0x802'f4bc     0x4  startup_stm32f40_41xxx.o [3]
  .text              ro code   0x802'f4c0     0x4  startup_stm32f40_41xxx.o [3]
  .text              ro code   0x802'f4c4     0x4  startup_stm32f40_41xxx.o [3]
  .text              ro code   0x802'f4c8     0x4  startup_stm32f40_41xxx.o [3]
  .text              ro code   0x802'f4cc     0x4  startup_stm32f40_41xxx.o [3]
  .text              ro code   0x802'f4d0     0x4  startup_stm32f40_41xxx.o [3]
  .text              ro code   0x802'f4d4     0x4  startup_stm32f40_41xxx.o [3]
  .text              ro code   0x802'f4d8     0x4  startup_stm32f40_41xxx.o [3]
  .text              ro code   0x802'f4dc     0x4  startup_stm32f40_41xxx.o [3]
  .text              ro code   0x802'f4e0     0x4  startup_stm32f40_41xxx.o [3]
  .text              ro code   0x802'f4e4     0x4  startup_stm32f40_41xxx.o [3]
  .text              ro code   0x802'f4e8     0x4  startup_stm32f40_41xxx.o [3]
  .text              ro code   0x802'f4ec     0x4  startup_stm32f40_41xxx.o [3]
  .text              ro code   0x802'f4f0     0x4  startup_stm32f40_41xxx.o [3]
  .text              ro code   0x802'f4f4     0x4  startup_stm32f40_41xxx.o [3]
  .text              ro code   0x802'f4f8     0x4  startup_stm32f40_41xxx.o [3]
  .text              ro code   0x802'f4fc     0x4  startup_stm32f40_41xxx.o [3]
  .text              ro code   0x802'f500     0x4  startup_stm32f40_41xxx.o [3]
  .text              ro code   0x802'f504     0x4  startup_stm32f40_41xxx.o [3]
  .text              ro code   0x802'f508     0x4  startup_stm32f40_41xxx.o [3]
  .text              ro code   0x802'f50c     0x4  startup_stm32f40_41xxx.o [3]
  .text              ro code   0x802'f510     0x4  startup_stm32f40_41xxx.o [3]
  .text              ro code   0x802'f514     0x4  startup_stm32f40_41xxx.o [3]
  .text              ro code   0x802'f518     0x4  startup_stm32f40_41xxx.o [3]
  .text              ro code   0x802'f51c     0x4  startup_stm32f40_41xxx.o [3]
  .text              ro code   0x802'f520     0x4  startup_stm32f40_41xxx.o [3]
  .text              ro code   0x802'f524     0x4  startup_stm32f40_41xxx.o [3]
  .text              ro code   0x802'f528     0x4  startup_stm32f40_41xxx.o [3]
  .text              ro code   0x802'f52c     0x4  startup_stm32f40_41xxx.o [3]
  .text              ro code   0x802'f530     0x4  startup_stm32f40_41xxx.o [3]
  .text              ro code   0x802'f534     0x4  startup_stm32f40_41xxx.o [3]
  .text              ro code   0x802'f538     0x4  startup_stm32f40_41xxx.o [3]
  .text              ro code   0x802'f53c     0x4  startup_stm32f40_41xxx.o [3]
  .text              ro code   0x802'f540     0x4  startup_stm32f40_41xxx.o [3]
  .text              ro code   0x802'f544     0x4  startup_stm32f40_41xxx.o [3]
  .text              ro code   0x802'f548     0x4  startup_stm32f40_41xxx.o [3]
  .text              ro code   0x802'f54c     0x4  startup_stm32f40_41xxx.o [3]
  .text              ro code   0x802'f550     0x4  startup_stm32f40_41xxx.o [3]
  .text              ro code   0x802'f554     0x4  startup_stm32f40_41xxx.o [3]
  .rodata            const     0x802'f558     0x2  os_dbg.o [10]
  .rodata            const     0x802'f55a     0x2  os_dbg.o [10]
  .rodata            const     0x802'f55c     0x2  os_dbg.o [10]
  .rodata            const     0x802'f55e     0x2  os_dbg.o [10]
  .rodata            const     0x802'f560     0x2  os_dbg.o [10]
  .rodata            const     0x802'f562     0x1  os_cfg_app.o [10]
  .rodata            const     0x802'f563     0x1  os_cfg_app.o [10]
  .rodata            const     0x802'f564     0x1  os_cfg_app.o [10]
  .rodata            const     0x802'f565     0x1  os_dbg.o [10]
  .rodata            const     0x802'f566     0x1  os_dbg.o [10]
  .rodata            const     0x802'f567     0x1  os_dbg.o [10]
  .rodata            const     0x802'f568     0x1  os_dbg.o [10]
  .rodata            const     0x802'f569     0x1  os_dbg.o [10]
  .rodata            const     0x802'f56a     0x1  os_dbg.o [10]
  .rodata            const     0x802'f56b     0x1  os_dbg.o [10]
  .rodata            const     0x802'f56c     0x1  os_dbg.o [10]
  .rodata            const     0x802'f56d     0x1  os_dbg.o [10]
  .rodata            const     0x802'f56e     0x1  os_dbg.o [10]
  .rodata            const     0x802'f56f     0x1  os_dbg.o [10]
  .rodata            const     0x802'f570     0x1  os_dbg.o [10]
  .rodata            const     0x802'f571     0x1  os_dbg.o [10]
  .rodata            const     0x802'f572     0x1  os_dbg.o [10]
  .rodata            const     0x802'f573     0x1  os_dbg.o [10]
  .rodata            const     0x802'f574     0x1  os_dbg.o [10]
  .rodata            const     0x802'f575     0x1  os_dbg.o [10]
  .rodata            const     0x802'f576     0x1  os_dbg.o [10]
  .rodata            const     0x802'f577     0x1  os_dbg.o [10]
  .rodata            const     0x802'f578     0x1  os_dbg.o [10]
  .rodata            const     0x802'f579     0x1  os_dbg.o [10]
  .rodata            const     0x802'f57a     0x1  os_dbg.o [10]
  .rodata            const     0x802'f57b     0x1  os_dbg.o [10]
  .rodata            const     0x802'f57c     0x1  os_dbg.o [10]
  .rodata            const     0x802'f57d     0x1  os_dbg.o [10]
  .rodata            const     0x802'f57e     0x1  os_dbg.o [10]
  .rodata            const     0x802'f57f     0x1  os_dbg.o [10]
  .rodata            const     0x802'f580     0x1  os_dbg.o [10]
  .rodata            const     0x802'f581     0x1  os_dbg.o [10]
  .rodata            const     0x802'f582     0x1  os_dbg.o [10]
  .rodata            const     0x802'f583     0x1  os_dbg.o [10]
  .rodata            const     0x802'f584     0x1  os_dbg.o [10]
  .rodata            const     0x802'f585     0x1  os_dbg.o [10]
  .rodata            const     0x802'f586     0x1  os_dbg.o [10]
  .rodata            const     0x802'f587     0x1  os_dbg.o [10]
  .rodata            const     0x802'f588     0x1  os_dbg.o [10]
  .rodata            const     0x802'f589     0x1  os_dbg.o [10]
  .rodata            const     0x802'f58a     0x1  os_dbg.o [10]
  .rodata            const     0x802'f58b     0x1  os_dbg.o [10]
  .rodata            const     0x802'f58c     0x0  zero_init3.o [18]
  .rodata            const     0x802'f58c     0x0  packbits_init.o [18]
  Initializer bytes  const     0x802'f58c   0x1d7  <for P4 s0>
                             - 0x802'f763  0xf5db

"P4", part 1 of 3:                          0x298
  P4 s0                       0x2000'0000   0x298  <Init block>
    .data            inited   0x2000'0000    0x9c  system.o [4]
    .data            inited   0x2000'009c    0x48  xfiles.o [16]
    .data            inited   0x2000'00e4    0x44  usbd_cdc_core.o [13]
    .data            inited   0x2000'0128    0x34  command_process.o [4]
    .data            inited   0x2000'015c    0x2c  usbd_cdc_core.o [13]
    .data            inited   0x2000'0188    0x2c  usbd_core.o [13]
    .data            inited   0x2000'01b4    0x1c  usbd_desc.o [12]
    .data            inited   0x2000'01d0    0x1c  usbd_desc.o [12]
    .data            inited   0x2000'01ec    0x1c  usbd_usr.o [12]
    .data            inited   0x2000'0208    0x14  usbd_cdc_vcp.o [12]
    .data            inited   0x2000'021c    0x14  usbd_desc.o [12]
    .data            inited   0x2000'0230    0x10  stm32f4xx_rcc.o [5]
    .data            inited   0x2000'0240     0xc  command_process.o [4]
    .data            inited   0x2000'024c     0xc  command_process.o [4]
    .data            inited   0x2000'0258     0xc  command_process.o [4]
    .data            inited   0x2000'0264     0x8  command_process.o [4]
    .data            inited   0x2000'026c     0x8  usart.o [2]
    .data            inited   0x2000'0274     0x8  usart.o [2]
    .data            inited   0x2000'027c     0x8  usart.o [2]
    .data            inited   0x2000'0284     0x8  usart.o [2]
    .data            inited   0x2000'028c     0x4  usbd_cdc_core.o [13]
    .data            inited   0x2000'0290     0x4  usbd_core.o [13]
    .data            inited   0x2000'0294     0x4  usbd_desc.o [12]
                            - 0x2000'0298   0x298

"P4", part 2 of 3:                         0x6f3c
  .bss               zero     0x2000'0298  0x1000  app_adjvol.o [1]
  .bss               zero     0x2000'1298   0x800  app_sysonoff.o [1]
  .bss               zero     0x2000'1a98   0x800  usbd_cdc_core.o [13]
  .bss               zero     0x2000'2298   0x640  os_cfg_app.o [10]
  .bss               zero     0x2000'28d8   0x5f4  app_sysonoff.o [1]
  .bss               zero     0x2000'2ecc   0x400  app.o [1]
  .bss               zero     0x2000'32cc   0x400  app_com.o [1]
  .bss               zero     0x2000'36cc   0x400  app_comdebug.o [1]
  .bss               zero     0x2000'3acc   0x400  app_fan.o [1]
  .bss               zero     0x2000'3ecc   0x400  app_led.o [1]
  .bss               zero     0x2000'42cc   0x400  app_pwrmanager.o [1]
  .bss               zero     0x2000'46cc   0x400  app_temperature.o [1]
  .bss               zero     0x2000'4acc   0x400  app_usb.o [1]
  .bss               zero     0x2000'4ecc   0x300  os_var.o [10]
  .bss               zero     0x2000'51cc   0x230  adc.o [2]
  .bss               zero     0x2000'53fc   0x200  os_cfg_app.o [10]
  .bss               zero     0x2000'55fc   0x200  os_cfg_app.o [10]
  .bss               zero     0x2000'57fc   0x200  os_cfg_app.o [10]
  .bss               zero     0x2000'59fc   0x200  os_cfg_app.o [10]
  .bss               zero     0x2000'5bfc   0x200  os_cfg_app.o [10]
  .bss               zero     0x2000'5dfc   0x200  os_cfg_app.o [10]
  .bss               zero     0x2000'5ffc   0x140  os_cfg_app.o [10]
  .bss               zero     0x2000'613c   0x100  usbd_desc.o [12]
  .bss               zero     0x2000'623c    0xc0  app.o [1]
  .bss               zero     0x2000'62fc    0xc0  app_adjvol.o [1]
  .bss               zero     0x2000'63bc    0xc0  app_com.o [1]
  .bss               zero     0x2000'647c    0xc0  app_comdebug.o [1]
  .bss               zero     0x2000'653c    0xc0  app_fan.o [1]
  .bss               zero     0x2000'65fc    0xc0  app_led.o [1]
  .bss               zero     0x2000'66bc    0xc0  app_pwrmanager.o [1]
  .bss               zero     0x2000'677c    0xc0  app_sysonoff.o [1]
  .bss               zero     0x2000'683c    0xc0  app_temperature.o [1]
  .bss               zero     0x2000'68fc    0xc0  app_usb.o [1]
  .bss               zero     0x2000'69bc    0xc0  os_var.o [10]
  .bss               zero     0x2000'6a7c    0xc0  os_var.o [10]
  .bss               zero     0x2000'6b3c    0xc0  os_var.o [10]
  .bss               zero     0x2000'6bfc    0xc0  os_var.o [10]
  .bss               zero     0x2000'6cbc    0xc0  os_var.o [10]
  .bss               zero     0x2000'6d7c    0x64  command_process.o [4]
  .bss               zero     0x2000'6de0    0x64  command_process.o [4]
  .bss               zero     0x2000'6e44    0x64  usart.o [2]
  .bss               zero     0x2000'6ea8    0x64  usart.o [2]
  .bss               zero     0x2000'6f0c    0x50  adc.o [2]
  .bss               zero     0x2000'6f5c    0x50  xfiles.o [16]
  .bss               zero     0x2000'6fac    0x40  app_usb.o [1]
  .bss               zero     0x2000'6fec    0x40  usbd_cdc_core.o [13]
  .bss               zero     0x2000'702c    0x30  app.o [1]
  .bss               zero     0x2000'705c    0x2c  os_var.o [10]
  .bss               zero     0x2000'7088    0x10  cpu_core.o [8]
  .bss               zero     0x2000'7098    0x10  ds2431.o [4]
  .bss               zero     0x2000'70a8     0xc  os_var.o [10]
  .bss               zero     0x2000'70b4     0x8  os_prio.o [10]
  .bss               zero     0x2000'70bc     0x8  os_var.o [10]
  .bss               zero     0x2000'70c4     0x8  os_var.o [10]
  .bss               zero     0x2000'70cc     0x8  usbd_cdc_core.o [13]
  .bss               zero     0x2000'70d4     0x4  cpu_core.o [8]
  .bss               zero     0x2000'70d8     0x4  os_cpu_c.o [9]
  .bss               zero     0x2000'70dc     0x4  os_var.o [10]
  .bss               zero     0x2000'70e0     0x4  os_var.o [10]
  .bss               zero     0x2000'70e4     0x4  os_var.o [10]
  .bss               zero     0x2000'70e8     0x4  os_var.o [10]
  .bss               zero     0x2000'70ec     0x4  os_var.o [10]
  .bss               zero     0x2000'70f0     0x4  os_var.o [10]
  .bss               zero     0x2000'70f4     0x4  os_var.o [10]
  .bss               zero     0x2000'70f8     0x4  os_var.o [10]
  .bss               zero     0x2000'70fc     0x4  os_var.o [10]
  .bss               zero     0x2000'7100     0x4  os_var.o [10]
  .bss               zero     0x2000'7104     0x4  os_var.o [10]
  .bss               zero     0x2000'7108     0x4  os_var.o [10]
  .bss               zero     0x2000'710c     0x4  os_var.o [10]
  .bss               zero     0x2000'7110     0x4  os_var.o [10]
  .bss               zero     0x2000'7114     0x4  os_var.o [10]
  .bss               zero     0x2000'7118     0x4  os_var.o [10]
  .bss               zero     0x2000'711c     0x4  os_var.o [10]
  .bss               zero     0x2000'7120     0x4  os_var.o [10]
  .bss               zero     0x2000'7124     0x4  os_var.o [10]
  .bss               zero     0x2000'7128     0x4  os_var.o [10]
  .bss               zero     0x2000'712c     0x4  os_var.o [10]
  .bss               zero     0x2000'7130     0x4  os_var.o [10]
  .bss               zero     0x2000'7134     0x4  os_var.o [10]
  .bss               zero     0x2000'7138     0x4  os_var.o [10]
  .bss               zero     0x2000'713c     0x4  os_var.o [10]
  .bss               zero     0x2000'7140     0x4  os_var.o [10]
  .bss               zero     0x2000'7144     0x4  os_var.o [10]
  .bss               zero     0x2000'7148     0x4  os_var.o [10]
  .bss               zero     0x2000'714c     0x4  os_var.o [10]
  .bss               zero     0x2000'7150     0x4  os_var.o [10]
  .bss               zero     0x2000'7154     0x4  os_var.o [10]
  .bss               zero     0x2000'7158     0x4  os_var.o [10]
  .bss               zero     0x2000'715c     0x4  os_var.o [10]
  .bss               zero     0x2000'7160     0x4  os_var.o [10]
  .bss               zero     0x2000'7164     0x4  os_var.o [10]
  .bss               zero     0x2000'7168     0x4  os_var.o [10]
  .bss               zero     0x2000'716c     0x4  systick.o [2]
  .bss               zero     0x2000'7170     0x4  usbd_cdc_core.o [13]
  .bss               zero     0x2000'7174     0x4  usbd_cdc_core.o [13]
  .bss               zero     0x2000'7178     0x4  usbd_cdc_core.o [13]
  .bss               zero     0x2000'717c     0x4  usbd_cdc_core.o [13]
  .bss               zero     0x2000'7180     0x4  usbd_cdc_core.o [13]
  .bss               zero     0x2000'7184     0x4  usbd_cdc_core.o [13]
  .bss               zero     0x2000'7188     0x4  usbd_cdc_vcp.o [12]
  .bss               zero     0x2000'718c     0x4  usbd_core.o [13]
  .bss               zero     0x2000'7190     0x4  usbd_req.o [13]
  .bss               zero     0x2000'7194     0x4  usbd_req.o [13]
  .bss               zero     0x2000'7198     0x4  usbd_req.o [13]
  .bss               zero     0x2000'719c     0x2  app_sysonoff.o [1]
  .bss               zero     0x2000'719e     0x2  os_var.o [10]
  .bss               zero     0x2000'71a0     0x2  os_var.o [10]
  .bss               zero     0x2000'71a2     0x2  os_var.o [10]
  .bss               zero     0x2000'71a4     0x2  os_var.o [10]
  .bss               zero     0x2000'71a6     0x2  os_var.o [10]
  .bss               zero     0x2000'71a8     0x2  os_var.o [10]
  .bss               zero     0x2000'71aa     0x2  os_var.o [10]
  .bss               zero     0x2000'71ac     0x2  os_var.o [10]
  .bss               zero     0x2000'71ae     0x2  os_var.o [10]
  .bss               zero     0x2000'71b0     0x2  os_var.o [10]
  .bss               zero     0x2000'71b2     0x2  os_var.o [10]
  .bss               zero     0x2000'71b4     0x2  os_var.o [10]
  .bss               zero     0x2000'71b6     0x2  os_var.o [10]
  .bss               zero     0x2000'71b8     0x2  power.o [4]
  .bss               zero     0x2000'71ba     0x2  power.o [4]
  .bss               zero     0x2000'71bc     0x2  system.o [4]
  .bss               zero     0x2000'71be     0x1  app_sysonoff.o [1]
  .bss               zero     0x2000'71bf     0x1  emc2305.o [4]
  .bss               zero     0x2000'71c0     0x1  emc2305.o [4]
  .bss               zero     0x2000'71c1     0x1  os_var.o [10]
  .bss               zero     0x2000'71c2     0x1  os_var.o [10]
  .bss               zero     0x2000'71c3     0x1  os_var.o [10]
  .bss               zero     0x2000'71c4     0x1  os_var.o [10]
  .bss               zero     0x2000'71c5     0x1  os_var.o [10]
  .bss               zero     0x2000'71c6     0x1  os_var.o [10]
  .bss               zero     0x2000'71c7     0x1  os_var.o [10]
  .bss               zero     0x2000'71c8     0x1  os_var.o [10]
  .bss               zero     0x2000'71c9     0x1  os_var.o [10]
  .bss               zero     0x2000'71ca     0x1  os_var.o [10]
  .bss               zero     0x2000'71cb     0x1  system.o [4]
  .bss               zero     0x2000'71cc     0x1  system.o [4]
  .bss               zero     0x2000'71cd     0x1  system.o [4]
  .bss               zero     0x2000'71ce     0x1  system.o [4]
  .bss               zero     0x2000'71cf     0x1  system.o [4]
  .bss               zero     0x2000'71d0     0x1  usbd_cdc_core.o [13]
  .bss               zero     0x2000'71d1     0x1  usbd_req.o [13]
                            - 0x2000'71d2  0x6f3a

"P4", part 3 of 3:                         0x2000
  CSTACK                      0x2000'71d8  0x2000  <Block>
    CSTACK           uninit   0x2000'71d8  0x2000  <Block tail>
                            - 0x2000'91d8  0x2000

Unused ranges:

         From           To      Size
         ----           --      ----
   0x800'0000   0x801'ffff  0x2'0000
   0x802'f763   0x80f'ffff  0xd'089d
  0x2000'71d4  0x2000'71d7       0x4
  0x2000'91d8  0x2001'bfff  0x1'2e28
  0x2001'c000  0x2001'ffff    0x4000


*******************************************************************************
*** INIT TABLE
***

          Address      Size
          -------      ----
Zero (__iar_zero_init3)
    1 destination range, total size 0x6f3a:
          0x2000'0298  0x6f3a

Copy/packbits (__iar_packbits_init3)
    1 source range, total size 0x1d7 (70% of destination):
           0x802'f58c   0x1d7
    1 destination range, total size 0x298:
          0x2000'0000   0x298



*******************************************************************************
*** MODULE SUMMARY
***

    Module                    ro code  ro data  rw data
    ------                    -------  -------  -------
command line/config:
    ---------------------------------------------------
    Total:

C:\Users\LIANMENG\Desktop\AX9-PROJECT-IAR-PID\AX9_V1.00\source\application\USER\Debug\Obj\APP: [1]
    app.o                         272       36    1'264
    app_adjvol.o                4'452    1'044    4'288
    app_com.o                     244       16    1'216
    app_comdebug.o                244       20    1'216
    app_fan.o                     108       16    1'216
    app_led.o                     184       16    1'216
    app_pwrmanager.o              104       20    1'216
    app_sysonoff.o              1'084       16    3'767
    app_temperature.o             112       24    1'216
    app_timer.o                    16
    app_usb.o                     152       16    1'280
    ---------------------------------------------------
    Total:                      6'972    1'224   17'895

C:\Users\LIANMENG\Desktop\AX9-PROJECT-IAR-PID\AX9_V1.00\source\application\USER\Debug\Obj\BSP: [2]
    adc.o                       1'832               640
    board.o                       728
    dac.o                          48
    dma.o                         184
    gpio.o                      1'824
    nvic.o                        162
    spi.o                         268
    systick.o                     268                 4
    timer.o                       192
    usart.o                       416       23      232
    ---------------------------------------------------
    Total:                      5'922       23      876

C:\Users\LIANMENG\Desktop\AX9-PROJECT-IAR-PID\AX9_V1.00\source\application\USER\Debug\Obj\CMSIS: [3]
    startup_stm32f40_41xxx.o      712
    system_stm32f4xx.o            324
    ---------------------------------------------------
    Total:                      1'036

C:\Users\LIANMENG\Desktop\AX9-PROJECT-IAR-PID\AX9_V1.00\source\application\USER\Debug\Obj\DEVICE: [4]
    adjustvoltage.o               664
    bat1.o                        960
    bat2.o                      1'028
    command_process.o           5'980       68      296
    ds2431.o                      576                16
    emc2305.o                   1'826      120        2
    power.o                     2'152      296        4
    system.o                    1'148      110      163
    tlv5626cd.o                   336
    ---------------------------------------------------
    Total:                     14'670      594      481

C:\Users\LIANMENG\Desktop\AX9-PROJECT-IAR-PID\AX9_V1.00\source\application\USER\Debug\Obj\FWLIB: [5]
    misc.o                        184
    stm32f4xx_adc.o               456
    stm32f4xx_dac.o               204
    stm32f4xx_dma.o               352
    stm32f4xx_flash.o             276
    stm32f4xx_gpio.o              286
    stm32f4xx_pwr.o                12
    stm32f4xx_rcc.o               452       11       16
    stm32f4xx_spi.o               108
    stm32f4xx_tim.o               192
    stm32f4xx_usart.o             504
    ---------------------------------------------------
    Total:                      3'026       11       16

C:\Users\LIANMENG\Desktop\AX9-PROJECT-IAR-PID\AX9_V1.00\source\application\USER\Debug\Obj\UCOSIII\uCOS-BSP: [6]
    bsp.o                          76
    ---------------------------------------------------
    Total:                         76

C:\Users\LIANMENG\Desktop\AX9-PROJECT-IAR-PID\AX9_V1.00\source\application\USER\Debug\Obj\UCOSIII\uCOS-CONFIG: [7]
    ---------------------------------------------------
    Total:

C:\Users\LIANMENG\Desktop\AX9-PROJECT-IAR-PID\AX9_V1.00\source\application\USER\Debug\Obj\UCOSIII\uCOS-CPU: [8]
    cpu_a.o                        52
    cpu_core.o                     76                20
    ---------------------------------------------------
    Total:                        128                20

C:\Users\LIANMENG\Desktop\AX9-PROJECT-IAR-PID\AX9_V1.00\source\application\USER\Debug\Obj\UCOSIII\uCOS-III\Port: [9]
    os_cpu_a.o                    148
    os_cpu_c.o                    444                 4
    ---------------------------------------------------
    Total:                        592                 4

C:\Users\LIANMENG\Desktop\AX9-PROJECT-IAR-PID\AX9_V1.00\source\application\USER\Debug\Obj\UCOSIII\uCOS-III\Source: [10]
    os_cfg_app.o                  224      135    4'992
    os_core.o                   2'936       40
    os_dbg.o                      424      347
    os_flag.o                     488
    os_int.o                    1'064       28
    os_mem.o                       28
    os_msg.o                      400
    os_mutex.o                  1'264
    os_prio.o                     148                 8
    os_q.o                        260
    os_sem.o                      208
    os_stat.o                   1'312       20
    os_task.o                   3'496        8
    os_tick.o                   1'264       20
    os_time.o                     696
    os_tmr.o                    1'008       40
    os_var.o                                      1'980
    ---------------------------------------------------
    Total:                     15'220      638    6'980

C:\Users\LIANMENG\Desktop\AX9-PROJECT-IAR-PID\AX9_V1.00\source\application\USER\Debug\Obj\UCOSIII\uCOSIII-LIB: [11]
    lib_mem.o                      88
    ---------------------------------------------------
    Total:                         88

C:\Users\LIANMENG\Desktop\AX9-PROJECT-IAR-PID\AX9_V1.00\source\application\USER\Debug\Obj\USB\USB-APP: [12]
    usb_bsp.o                     154
    usbd_cdc_vcp.o                 96       15       24
    usbd_desc.o                   318      176      336
    usbd_usr.o                     14       20       28
    ---------------------------------------------------
    Total:                        582      211      388

C:\Users\LIANMENG\Desktop\AX9-PROJECT-IAR-PID\AX9_V1.00\source\application\USER\Debug\Obj\USB\USB-DEVICE: [13]
    usbd_cdc_core.o               804       83    2'261
    usbd_core.o                   806       34       52
    usbd_ioreq.o                  204
    usbd_req.o                  1'654                13
    ---------------------------------------------------
    Total:                      3'468      117    2'326

C:\Users\LIANMENG\Desktop\AX9-PROJECT-IAR-PID\AX9_V1.00\source\application\USER\Debug\Obj\USB\USB-OTG: [14]
    usb_core.o                  2'566
    usb_dcd.o                     614
    usb_dcd_int.o               1'908
    ---------------------------------------------------
    Total:                      5'088

C:\Users\LIANMENG\Desktop\AX9-PROJECT-IAR-PID\AX9_V1.00\source\application\USER\Debug\Obj\USER: [15]
    main.o                        120       28
    stm32f4xx_it.o                152       20
    ---------------------------------------------------
    Total:                        272       48

dl7M_tlf.a: [16]
    abort.o                         6
    abs.o                           8
    exit.o                          4
    low_level_init.o                4
    printf.o                       40
    putchar.o                      12
    xfiles.o                                51      152
    xprintftiny.o                 310
    xprout.o                       22
    ---------------------------------------------------
    Total:                        406       51      152

m7M_tl.a: [17]
    DblAddSub.o                   606
    DblDiv.o                      582
    DblMul.o                      426
    DblToFlt.o                    104
    DblToS32.o                     54
    DblToU32.o                     34
    FltMul.o                      216
    FltToDbl.o                     72
    S32ToDbl.o                     34
    U32ToDbl.o                     28
    ---------------------------------------------------
    Total:                      2'156

rt7M_tl.a: [18]
    ABImemcpy.o                   166
    ABImemset.o                   102
    cexit.o                        10
    cmain.o                        30
    cstartup_M.o                   28
    data_init.o                    40
    packbits_init.o               162
    strlen.o                       54
    zero_init3.o                   56
    ---------------------------------------------------
    Total:                        648

shb_l.a: [19]
    exit.o                         20
    ---------------------------------------------------
    Total:                         20

    Linker created                          44    8'192
-------------------------------------------------------
    Grand Total:               60'370    2'961   37'330


*******************************************************************************
*** ENTRY LIST
***

Entry                       Address    Size  Type      Object
-----                       -------    ----  ----      ------
.iar.init_table$$Base    0x802'efec           --   Gb  - Linker created -
.iar.init_table$$Limit   0x802'f018           --   Gb  - Linker created -
?main                    0x802'f079          Code  Gb  cmain.o [18]
ADC_Cmd                  0x802'4763    0x1a  Code  Gb  stm32f4xx_adc.o [5]
ADC_CommonInit           0x802'4743    0x20  Code  Gb  stm32f4xx_adc.o [5]
ADC_DMACmd               0x802'487d    0x1a  Code  Gb  stm32f4xx_adc.o [5]
ADC_DMARequestAfterLastTransferCmd
                         0x802'4897    0x1a  Code  Gb  stm32f4xx_adc.o [5]
ADC_Init                 0x802'46f9    0x4a  Code  Gb  stm32f4xx_adc.o [5]
ADC_RegularChannelConfig
                         0x802'479f    0xd4  Code  Gb  stm32f4xx_adc.o [5]
ADC_SoftwareStartConv    0x802'4873     0xa  Code  Gb  stm32f4xx_adc.o [5]
ADC_TempSensorVrefintCmd
                         0x802'477d    0x22  Code  Gb  stm32f4xx_adc.o [5]
APBAHBPrescTable        0x2000'0230    0x10  Data  Lc  stm32f4xx_rcc.o [5]
APP_Rx_Buffer           0x2000'1a98   0x800  Data  Gb  usbd_cdc_core.o [13]
APP_Rx_length           0x2000'717c     0x4  Data  Gb  usbd_cdc_core.o [13]
APP_Rx_ptr_in           0x2000'7174     0x4  Data  Gb  usbd_cdc_core.o [13]
APP_Rx_ptr_out          0x2000'7178     0x4  Data  Gb  usbd_cdc_core.o [13]
Adc1_Config              0x802'd78d    0x2a  Code  Gb  board.o [2]
Adc1_GetMcuInternalTemperature
                         0x802'245d    0x42  Code  Gb  adc.o [2]
Adc1_ReadConvertValue    0x802'2397    0xc6  Code  Gb  adc.o [2]
Adc3_Config              0x802'd6d9    0xb4  Code  Gb  board.o [2]
Adc3_GetAdjVoltage       0x802'1f51   0x174  Code  Gb  adc.o [2]
Adc3_GetFixVoltage       0x802'20c5   0x2d2  Code  Gb  adc.o [2]
Adc3_ReadConvertValue    0x802'1e85    0xcc  Code  Gb  adc.o [2]
Adc_1_ConValue          0x2000'6f0c    0x50  Data  Gb  adc.o [2]
Adc_3_ConValue          0x2000'51cc   0x230  Data  Gb  adc.o [2]
Adc_Init                 0x802'1df9    0x8c  Code  Gb  adc.o [2]
AdjVolTcb               0x2000'62fc    0xc0  Data  Gb  app_adjvol.o [1]
AdjVol_Result_Send       0x802'2641    0xcc  Code  Gb  app_adjvol.o [1]
Adjust_Cw_Reset          0x802'518d     0xc  Code  Gb  adjustvoltage.o [4]
Adjust_Hv_Reset          0x802'515d    0x30  Code  Gb  adjustvoltage.o [4]
Adjust_Voltage_CW        0x802'51bd    0x3e  Code  Gb  adjustvoltage.o [4]
Adjust_Voltage_Init      0x802'5199    0x24  Code  Gb  adjustvoltage.o [4]
Adjust_Voltage_Pcw_Ncw   0x802'5125    0x38  Code  Gb  adjustvoltage.o [4]
Adjust_Voltage_Vnn1_Vnn2
                         0x802'50ef    0x36  Code  Gb  adjustvoltage.o [4]
Adjust_Voltage_Vpp1      0x802'50a5    0x24  Code  Gb  adjustvoltage.o [4]
Adjust_Voltage_Vpp2      0x802'50c9    0x26  Code  Gb  adjustvoltage.o [4]
App_AdjVol_Task          0x802'2e99   0x880  Code  Gb  app_adjvol.o [1]
App_AdjVol_TaskCreate    0x802'3719    0x3a  Code  Gb  app_adjvol.o [1]
App_AdjVol_Task_Stk     0x2000'0298  0x1000  Data  Gb  app_adjvol.o [1]
App_ComDebug_Task        0x802'e571    0x98  Code  Gb  app_comdebug.o [1]
App_ComDebug_TaskCreate
                         0x802'e609    0x3a  Code  Gb  app_comdebug.o [1]
App_ComDebug_Task_Stk   0x2000'36cc   0x400  Data  Gb  app_comdebug.o [1]
App_ComEc_Task           0x802'e47d    0x98  Code  Gb  app_com.o [1]
App_ComEc_TaskCreate     0x802'e515    0x3a  Code  Gb  app_com.o [1]
App_ComEc_Task_Stk      0x2000'32cc   0x400  Data  Gb  app_com.o [1]
App_Fan_Task             0x802'e665    0x20  Code  Gb  app_fan.o [1]
App_Fan_TaskCreate       0x802'e685    0x3a  Code  Gb  app_fan.o [1]
App_Fan_Task_Stk        0x2000'3acc   0x400  Data  Gb  app_fan.o [1]
App_Led_Task             0x802'e32d    0x60  Code  Gb  app_led.o [1]
App_Led_TaskCreate       0x802'e38d    0x3a  Code  Gb  app_led.o [1]
App_Led_Task_Stk        0x2000'3ecc   0x400  Data  Gb  app_led.o [1]
App_PwrManager_Task      0x802'e6d1    0x1e  Code  Gb  app_pwrmanager.o [1]
App_PwrManager_TaskCreate
                         0x802'e6ef    0x3a  Code  Gb  app_pwrmanager.o [1]
App_PwrManager_Task_Stk
                        0x2000'42cc   0x400  Data  Gb  app_pwrmanager.o [1]
App_Start_Task           0x802'e21d    0xb2  Code  Gb  app.o [1]
App_Start_Task_Create    0x802'e2cf    0x3a  Code  Gb  app.o [1]
App_Start_Task_Stk      0x2000'2ecc   0x400  Data  Gb  app.o [1]
App_SysOnOff_Task        0x802'd25b    0x20  Code  Gb  app_sysonoff.o [1]
App_SysOnOff_TaskCreate
                         0x802'd27b    0x3a  Code  Gb  app_sysonoff.o [1]
App_SysOnOff_Task_Stk   0x2000'1298   0x800  Data  Gb  app_sysonoff.o [1]
App_Temperature_Task     0x802'e739    0x24  Code  Gb  app_temperature.o [1]
App_Temperature_TaskCreate
                         0x802'e75d    0x3a  Code  Gb  app_temperature.o [1]
App_Temperature_Task_Stk
                        0x2000'46cc   0x400  Data  Gb  app_temperature.o [1]
App_Usb_Task             0x802'e3e5    0x42  Code  Gb  app_usb.o [1]
App_Usb_TaskCreate       0x802'e427    0x3a  Code  Gb  app_usb.o [1]
App_Usb_Task_Stk        0x2000'4acc   0x400  Data  Gb  app_usb.o [1]
BSP_CPU_ClkFreq          0x802'86f1     0xe  Code  Gb  bsp.o [6]
Bat1_PowerRead           0x802'a6d7    0x46  Code  Gb  bat1.o [4]
Bat1_TempatureRead       0x802'a71d    0x6c  Code  Gb  bat1.o [4]
Bat2_PowerRead           0x802'aad5    0x46  Code  Gb  bat2.o [4]
Bat2_TempatureRead       0x802'ab1b    0x6c  Code  Gb  bat2.o [4]
Battery_Power_Read       0x802'9bf1   0x7b0  Code  Gb  power.o [4]
Battery_Power_Read::bat1ChargeRecoverCnt
                        0x2000'71b8     0x2  Data  Lc  power.o [4]
Battery_Power_Read::bat2ChargeRecoverCnt
                        0x2000'71ba     0x2  Data  Lc  power.o [4]
Board_Bsp_Init           0x802'd8a9    0x4c  Code  Gb  board.o [2]
BusFault_Handler         0x802'e8d3     0x2  Code  Gb  stm32f4xx_it.o [15]
CPU_CntLeadZeros         0x802'8647          Code  Gb  cpu_a.o [8]
CPU_CntTrailZeros        0x802'864d          Code  Gb  cpu_a.o [8]
CPU_Init                 0x802'8f85     0xc  Code  Gb  cpu_core.o [8]
CPU_IntDis               0x802'8629          Code  Gb  cpu_a.o [8]
CPU_IntEn                0x802'862d          Code  Gb  cpu_a.o [8]
CPU_Name                0x2000'7088    0x10  Data  Gb  cpu_core.o [8]
CPU_NameClr              0x802'8f91    0x1a  Code  Gb  cpu_core.o [8]
CPU_NameInit             0x802'8fb1     0x8  Code  Lc  cpu_core.o [8]
CPU_RevBits              0x802'8657          Code  Gb  cpu_a.o [8]
CPU_SR_Restore           0x802'8639          Code  Gb  cpu_a.o [8]
CPU_SR_Save              0x802'8631          Code  Gb  cpu_a.o [8]
CPU_TS_Init              0x802'8fb9     0xe  Code  Lc  cpu_core.o [8]
CPU_TS_TmrFreqSet        0x802'8fab     0x6  Code  Gb  cpu_core.o [8]
CPU_TS_TmrFreq_Hz       0x2000'70d4     0x4  Data  Gb  cpu_core.o [8]
CPU_TS_TmrInit           0x802'86ff    0x2a  Code  Gb  bsp.o [6]
CPU_TS_TmrRd             0x802'8729     0x6  Code  Gb  bsp.o [6]
CPU_WaitForExcept        0x802'8643          Code  Gb  cpu_a.o [8]
CPU_WaitForInt           0x802'863f          Code  Gb  cpu_a.o [8]
CSTACK$$Base            0x2000'71d8           --   Gb  - Linker created -
CSTACK$$Limit           0x2000'91d8           --   Gb  - Linker created -
Calc_TarVol_AlowRange    0x802'270d    0xbe  Code  Gb  app_adjvol.o [1]
CheckBatteryState        0x802'9bcd    0x24  Code  Gb  power.o [4]
CmdBuff                 0x2000'70cc     0x8  Data  Gb  usbd_cdc_core.o [13]
Cmd_AdjustVoltageCw      0x802'1407     0xe  Code  Gb  command_process.o [4]
Cmd_AdjustVoltageHv      0x802'13f9     0xe  Code  Gb  command_process.o [4]
Cmd_DebugMessageWwitch   0x802'1495    0xb2  Code  Gb  command_process.o [4]
Cmd_EcInfo               0x802'04df    0x82  Code  Gb  command_process.o [4]
Cmd_InValidData          0x802'1415    0x7a  Code  Gb  command_process.o [4]
Cmd_Process              0x802'1759   0x166  Code  Gb  command_process.o [4]
Cmd_ReadAdjustVoltage    0x802'10b5   0x10c  Code  Gb  command_process.o [4]
Cmd_ReadCompileInfo      0x802'06f5    0xa0  Code  Gb  command_process.o [4]
Cmd_ReadFanInfo          0x802'0c4d   0x106  Code  Gb  command_process.o [4]
Cmd_ReadFirmWareVersion
                         0x802'0561   0x194  Code  Gb  command_process.o [4]
Cmd_ReadHardWareVersion
                         0x802'0795    0x8c  Code  Gb  command_process.o [4]
Cmd_ReadPowerInfo        0x802'0b93    0xb4  Code  Gb  command_process.o [4]
Cmd_ReadStaticVoltage    0x802'0ecd   0x1e0  Code  Gb  command_process.o [4]
Cmd_ReadTempeatureInfo   0x802'0d53    0xde  Code  Gb  command_process.o [4]
Cmd_Restart              0x802'09a9    0x7c  Code  Gb  command_process.o [4]
Cmd_SleepEn              0x802'08ad    0x80  Code  Gb  command_process.o [4]
Cmd_Upgrade              0x802'0a31   0x162  Code  Gb  command_process.o [4]
Cmd_Vpp1Vnn1DisableRes   0x802'124f    0x8c  Code  Gb  command_process.o [4]
Cmd_Vpp1Vnn1EnableRes    0x802'11c1    0x8e  Code  Gb  command_process.o [4]
Cmd_Vpp2Vnn2DisableRes   0x802'136d    0x8c  Code  Gb  command_process.o [4]
Cmd_Vpp2Vnn2EnableRes    0x802'12e1    0x8c  Code  Gb  command_process.o [4]
Cmd_WeakUp               0x802'092d    0x7c  Code  Gb  command_process.o [4]
Cmd_WriteHardWareVersion
                         0x802'0821    0x8c  Code  Gb  command_process.o [4]
Cmd_WriteTempeatureInfo
                         0x802'0e31    0x7c  Code  Gb  command_process.o [4]
ComDebugTaskTcb         0x2000'647c    0xc0  Data  Gb  app_comdebug.o [1]
ComEcTaskTcb            0x2000'63bc    0xc0  Data  Gb  app_com.o [1]
Com_IRQHandler_CallBack
                         0x802'd9a7    0xac  Code  Gb  usart.o [2]
CommuComRX              0x2000'027c     0x8  Data  Gb  usart.o [2]
CommuComTX              0x2000'0284     0x8  Data  Gb  usart.o [2]
DAC_Cmd                  0x802'527b    0x2c  Code  Gb  stm32f4xx_dac.o [5]
DAC_Init                 0x802'524d    0x2e  Code  Gb  stm32f4xx_dac.o [5]
DAC_SetChannel1Data      0x802'52d7    0x1c  Code  Gb  stm32f4xx_dac.o [5]
DAC_SetChannel2Data      0x802'52f3    0x1c  Code  Gb  stm32f4xx_dac.o [5]
DAC_SoftwareTriggerCmd   0x802'52a7    0x30  Code  Gb  stm32f4xx_dac.o [5]
DCD_EP_Close             0x802'ca29    0x46  Code  Gb  usb_dcd.o [14]
DCD_EP_ClrStall          0x802'cb3d    0x46  Code  Gb  usb_dcd.o [14]
DCD_EP_Open              0x802'c9c9    0x60  Code  Gb  usb_dcd.o [14]
DCD_EP_PrepareRx         0x802'ca6f    0x48  Code  Gb  usb_dcd.o [14]
DCD_EP_SetAddress        0x802'cb83    0x12  Code  Gb  usb_dcd.o [14]
DCD_EP_Stall             0x802'caf7    0x46  Code  Gb  usb_dcd.o [14]
DCD_EP_Tx                0x802'cab7    0x40  Code  Gb  usb_dcd.o [14]
DCD_HandleEnumDone_ISR   0x802'b1ef   0x100  Code  Lc  usb_dcd_int.o [14]
DCD_HandleInEP_ISR       0x802'ae2b    0xe0  Code  Lc  usb_dcd_int.o [14]
DCD_HandleOutEP_ISR      0x802'af0b    0xcc  Code  Lc  usb_dcd_int.o [14]
DCD_HandleResume_ISR     0x802'ad61    0x4a  Code  Lc  usb_dcd_int.o [14]
DCD_HandleRxStatusQueueLevel_ISR
                         0x802'aff5    0xa2  Code  Lc  usb_dcd_int.o [14]
DCD_HandleSof_ISR        0x802'afd7    0x1e  Code  Lc  usb_dcd_int.o [14]
DCD_HandleUSBSuspend_ISR
                         0x802'adab    0x80  Code  Lc  usb_dcd_int.o [14]
DCD_HandleUsbReset_ISR   0x802'b145    0xaa  Code  Lc  usb_dcd_int.o [14]
DCD_Init                 0x802'c92f    0x9a  Code  Gb  usb_dcd.o [14]
DCD_IsoINIncomplete_ISR
                         0x802'b2ef    0x1c  Code  Lc  usb_dcd_int.o [14]
DCD_IsoOUTIncomplete_ISR
                         0x802'b30b    0x1c  Code  Lc  usb_dcd_int.o [14]
DCD_OTG_ISR              0x802'ad3d    0x24  Code  Lc  usb_dcd_int.o [14]
DCD_ReadDevInEP          0x802'b37d    0x20  Code  Lc  usb_dcd_int.o [14]
DCD_SessionRequest_ISR   0x802'ad1f    0x1e  Code  Lc  usb_dcd_int.o [14]
DCD_WriteEmptyTxFifo     0x802'b097    0xae  Code  Lc  usb_dcd_int.o [14]
DMA1_Stream4_IRQHandler
                         0x802'e92d    0x10  Code  Gb  stm32f4xx_it.o [15]
DMA1_Stream6_IRQHandler
                         0x802'e93d    0x10  Code  Gb  stm32f4xx_it.o [15]
DMA_ClearFlag            0x802'381b    0x20  Code  Gb  stm32f4xx_dma.o [5]
DMA_ClearITPendingBit    0x802'38c9    0x20  Code  Gb  stm32f4xx_dma.o [5]
DMA_Cmd                  0x802'37f5    0x1a  Code  Gb  stm32f4xx_dma.o [5]
DMA_GetCurrDataCounter   0x802'3815     0x6  Code  Gb  stm32f4xx_dma.o [5]
DMA_GetITStatus          0x802'387d    0x4c  Code  Gb  stm32f4xx_dma.o [5]
DMA_ITConfig             0x802'383b    0x42  Code  Gb  stm32f4xx_dma.o [5]
DMA_Init                 0x802'37a5    0x50  Code  Gb  stm32f4xx_dma.o [5]
DMA_SetCurrDataCounter   0x802'380f     0x6  Code  Gb  stm32f4xx_dma.o [5]
DS2431_ReadByte          0x802'1aa1    0x60  Code  Gb  ds2431.o [4]
DS2431_Reset             0x802'19fd    0x4c  Code  Gb  ds2431.o [4]
DS2431_WriteByte         0x802'1a49    0x58  Code  Gb  ds2431.o [4]
DS2431_WriteData         0x802'1b01    0xa8  Code  Gb  ds2431.o [4]
DacCw_Tlv5626cd_ValueSet
                         0x802'53c5    0x9a  Code  Gb  tlv5626cd.o [4]
DacHv_Tlv5626cd_ValueSet
                         0x802'532b    0x9a  Code  Gb  tlv5626cd.o [4]
Dac_config               0x802'dde7    0x30  Code  Gb  dac.o [2]
DateStr                 0x2000'0240     0xc  Data  Gb  command_process.o [4]
DebugComRX              0x2000'026c     0x8  Data  Gb  usart.o [2]
DebugComTX              0x2000'0274     0x8  Data  Gb  usart.o [2]
DebugMon_Handler         0x802'e8d9     0x2  Code  Gb  stm32f4xx_it.o [15]
Debug_Com_Config         0x802'd61d    0xbc  Code  Gb  board.o [2]
Delay_Nop                0x802'8e3b     0xc  Code  Gb  system.o [4]
Delay_ms                 0x802'1d53    0x12  Code  Gb  systick.o [2]
Dma_Config               0x802'dc8d    0x82  Code  Gb  dma.o [2]
Dmay_Streamx_IRQHandler_CallBack
                         0x802'dd0f    0x28  Code  Gb  dma.o [2]
Ec_Info                 0x2000'0128    0x34  Data  Gb  command_process.o [4]
Emc2305_ReadByte         0x802'b665    0x6a  Code  Gb  emc2305.o [4]
Emc2305_ReadData         0x802'b6cf    0x94  Code  Gb  emc2305.o [4]
Emc2305_WriteByte        0x802'b613    0x52  Code  Gb  emc2305.o [4]
FLASH_GetStatus          0x802'1c69    0x46  Code  Gb  stm32f4xx_flash.o [5]
FLASH_Lock               0x802'1bf9    0x12  Code  Gb  stm32f4xx_flash.o [5]
FLASH_ProgramWord        0x802'1c0b    0x5e  Code  Gb  stm32f4xx_flash.o [5]
FLASH_Unlock             0x802'1bd9    0x20  Code  Gb  stm32f4xx_flash.o [5]
FLASH_WaitForLastOperation
                         0x802'1cc5    0x28  Code  Gb  stm32f4xx_flash.o [5]
FanTaskTcb              0x2000'653c    0xc0  Data  Gb  app_fan.o [1]
Fan_Config               0x802'd8a1     0x8  Code  Gb  board.o [2]
Fan_Emc2305_Control      0x802'b763    0xe2  Code  Gb  emc2305.o [4]
Fan_Emc2305_Control::TempNow
                        0x2000'71bf     0x1  Data  Lc  emc2305.o [4]
Fan_Emc2305_Control::TempOld
                        0x2000'71c0     0x1  Data  Lc  emc2305.o [4]
Fan_Emc2305_Init         0x802'ba4d    0x72  Code  Gb  emc2305.o [4]
Fan_Speed_Read           0x802'b845   0x1e2  Code  Gb  emc2305.o [4]
FrameCmdPackage          0x802'1547    0xb0  Code  Gb  command_process.o [4]
GPIO_Init                0x802'2521    0xa4  Code  Gb  stm32f4xx_gpio.o [5]
GPIO_PinAFConfig         0x802'25eb    0x54  Code  Gb  stm32f4xx_gpio.o [5]
GPIO_ReadInputDataBit    0x802'25c5    0x14  Code  Gb  stm32f4xx_gpio.o [5]
GPIO_ResetBits           0x802'25dd     0x4  Code  Gb  stm32f4xx_gpio.o [5]
GPIO_SetBits             0x802'25d9     0x4  Code  Gb  stm32f4xx_gpio.o [5]
GPIO_ToggleBits          0x802'25e1     0xa  Code  Gb  stm32f4xx_gpio.o [5]
Get_AdjCwMsg             0x802'2bbf   0x2b8  Code  Gb  app_adjvol.o [1]
Get_AdjHvMsg             0x802'2835   0x38a  Code  Gb  app_adjvol.o [1]
Get_DelayMs              0x802'1d85     0x6  Code  Gb  systick.o [2]
Get_SerialNum            0x802'e16b    0x28  Code  Lc  usbd_desc.o [12]
Gpio_Config              0x802'bae3   0x6e2  Code  Gb  gpio.o [2]
Gpio_Init                0x802'bac1    0x22  Code  Lc  gpio.o [2]
Handle_USBAsynchXfer     0x802'd51b    0xc2  Code  Lc  usbd_cdc_core.o [13]
HardFault_Handler        0x802'e8c7     0xa  Code  Gb  stm32f4xx_it.o [15]
I2c_Bat1_ReadByte        0x802'a5e9    0x56  Code  Gb  bat1.o [4]
I2c_Bat1_ReadData        0x802'a63f    0x98  Code  Gb  bat1.o [4]
I2c_Bat1_SendAck         0x802'a569    0x40  Code  Gb  bat1.o [4]
I2c_Bat1_SendByte        0x802'a4bd    0x5c  Code  Gb  bat1.o [4]
I2c_Bat1_SendNack        0x802'a5a9    0x40  Code  Gb  bat1.o [4]
I2c_Bat1_Start           0x802'a43d    0x40  Code  Gb  bat1.o [4]
I2c_Bat1_Stop            0x802'a47d    0x40  Code  Gb  bat1.o [4]
I2c_Bat1_WaitAck         0x802'a519    0x50  Code  Gb  bat1.o [4]
I2c_Bat2_ReadByte        0x802'a9e1    0x5c  Code  Gb  bat2.o [4]
I2c_Bat2_ReadData        0x802'aa3d    0x98  Code  Gb  bat2.o [4]
[...]
SMDAT_BAT1_IN            0x802'a40b    0x32  Code  Gb  bat1.o [4]
SMDAT_BAT1_OUT           0x802'a3d9    0x32  Code  Gb  bat1.o [4]
SMDAT_BAT2_IN            0x802'a7cd    0x34  Code  Gb  bat2.o [4]
SMDAT_BAT2_OUT           0x802'a799    0x34  Code  Gb  bat2.o [4]
SPI_Cmd                  0x802'9043    0x1c  Code  Gb  stm32f4xx_spi.o [5]
SPI_I2S_GetFlagStatus    0x802'9063    0x12  Code  Gb  stm32f4xx_spi.o [5]
SPI_I2S_SendData         0x802'905f     0x4  Code  Gb  stm32f4xx_spi.o [5]
SPI_Init                 0x802'9009    0x3a  Code  Gb  stm32f4xx_spi.o [5]
SPI_WriteHalfWord        0x802'8ad5    0x34  Code  Gb  spi.o [2]
SVC_Handler              0x802'e8d7     0x2  Code  Gb  stm32f4xx_it.o [15]
SenData                 0x2000'6ea8    0x64  Data  Gb  usart.o [2]
SenDataCmd              0x2000'6de0    0x64  Data  Gb  command_process.o [4]
SenFrameCmd             0x2000'0258     0xc  Data  Gb  command_process.o [4]
Send_CmdPackage          0x802'15fd    0x1e  Code  Gb  command_process.o [4]
SetSysClock              0x802'dfdf    0xce  Code  Lc  system_stm32f4xx.o [3]
Set_DelayMs              0x802'1d79     0xc  Code  Gb  systick.o [2]
Spi_Dac_Config           0x802'5319    0x12  Code  Gb  tlv5626cd.o [4]
Spi_config               0x802'89fd    0xbe  Code  Gb  spi.o [2]
StartTaskTcb            0x2000'623c    0xc0  Data  Gb  app.o [1]
Step_HvAdjVol_Calcuation
                         0x802'27cb    0x6a  Code  Gb  app_adjvol.o [1]
SysMsg                  0x2000'0000    0x9c  Data  Gb  system.o [4]
SysOnOffTaskTcb         0x2000'677c    0xc0  Data  Gb  app_sysonoff.o [1]
SysTick_CLKSourceConfig
                         0x802'3b41    0x20  Code  Gb  misc.o [5]
SysTick_Config           0x802'1d11    0x2e  Code  Lc  systick.o [2]
SysTick_Handler          0x802'e8db    0x1c  Code  Gb  stm32f4xx_it.o [15]
SysTick_Iint             0x802'1d3f    0x14  Code  Gb  systick.o [2]
Sys_StateChk_Tmr        0x2000'702c    0x30  Data  Gb  app.o [1]
SystemInit               0x802'df99    0x46  Code  Gb  system_stm32f4xx.o [3]
SystemStateInit          0x802'8b09   0x332  Code  Gb  system.o [4]
System_OffCtrl           0x802'd1d1    0x8a  Code  Gb  app_sysonoff.o [1]
System_OnCtrl            0x802'd0a9   0x128  Code  Gb  app_sysonoff.o [1]
System_OnCtrl::Pwr_OnSequence
                        0x2000'71be     0x1  Data  Lc  app_sysonoff.o [1]
System_OnCtrl::cnt      0x2000'719c     0x2  Data  Lc  app_sysonoff.o [1]
System_PwrKey_Minitor    0x802'8e47    0xb4  Code  Gb  system.o [4]
System_PwrKey_Minitor::startCnt
                        0x2000'71bc     0x2  Data  Lc  system.o [4]
System_PwrKey_Minitor::stateNow
                        0x2000'71cb     0x1  Data  Lc  system.o [4]
System_PwrKey_Minitor::stateOld
                        0x2000'71cc     0x1  Data  Lc  system.o [4]
System_S3_State_Minitor
                         0x802'8efb    0x6a  Code  Gb  system.o [4]
System_S3_State_Minitor::startCnt
                        0x2000'71cd     0x1  Data  Lc  system.o [4]
System_S3_State_Minitor::stateNow
                        0x2000'71ce     0x1  Data  Lc  system.o [4]
System_S3_State_Minitor::stateOld
                        0x2000'71cf     0x1  Data  Lc  system.o [4]
TIM2_IRQHandler          0x802'e94d    0x10  Code  Gb  stm32f4xx_it.o [15]
TIM2_IRQHandler_CallBack
                         0x802'de9f    0x28  Code  Gb  timer.o [2]
TIM_ClearITPendingBit    0x802'df91     0x8  Code  Gb  stm32f4xx_tim.o [5]
TIM_Cmd                  0x802'df41    0x1c  Code  Gb  stm32f4xx_tim.o [5]
TIM_ITConfig             0x802'df79    0x18  Code  Gb  stm32f4xx_tim.o [5]
TIM_TimeBaseInit         0x802'ded9    0x68  Code  Gb  stm32f4xx_tim.o [5]
TemperatureTaskTcb      0x2000'683c    0xc0  Data  Gb  app_temperature.o [1]
TimeStr                 0x2000'0264     0x8  Data  Gb  command_process.o [4]
TimerBase2_5_Config      0x802'de19    0x5e  Code  Gb  timer.o [2]
TimerConfig              0x802'de77    0x28  Code  Gb  timer.o [2]
TimingDelay             0x2000'716c     0x4  Data  Gb  systick.o [2]
TimingDelay_Decrement    0x802'1d65    0x14  Code  Gb  systick.o [2]
UART4_IRQHandler         0x802'e90d    0x10  Code  Gb  stm32f4xx_it.o [15]
USART2_IRQHandler        0x802'e91d    0x10  Code  Gb  stm32f4xx_it.o [15]
USART_ClearITPendingBit
                         0x802'dc6d    0x20  Code  Gb  stm32f4xx_usart.o [5]
USART_Cmd                0x802'db5d    0x1c  Code  Gb  stm32f4xx_usart.o [5]
USART_DMACmd             0x802'db81    0x18  Code  Gb  stm32f4xx_usart.o [5]
USART_GetFlagStatus      0x802'dbed    0x1a  Code  Gb  stm32f4xx_usart.o [5]
USART_GetITStatus        0x802'dc07    0x66  Code  Gb  stm32f4xx_usart.o [5]
USART_ITConfig           0x802'db99    0x54  Code  Gb  stm32f4xx_usart.o [5]
USART_Init               0x802'da95    0xba  Code  Gb  stm32f4xx_usart.o [5]
USART_SendData           0x802'db79     0x8  Code  Gb  stm32f4xx_usart.o [5]
USBD_CDC_cb             0x2000'015c    0x2c  Data  Gb  usbd_cdc_core.o [13]
USBD_ClrCfg              0x802'ce57    0x10  Code  Gb  usbd_core.o [13]
USBD_ClrFeature          0x802'c76d    0x34  Code  Lc  usbd_req.o [13]
USBD_CtlContinueRx       0x802'c8d1    0x16  Code  Gb  usbd_ioreq.o [13]
USBD_CtlContinueSendData
                         0x802'c88f    0x16  Code  Gb  usbd_ioreq.o [13]
USBD_CtlError            0x802'c7e5    0x1c  Code  Gb  usbd_req.o [13]
USBD_CtlPrepareRx        0x802'c8a5    0x2c  Code  Gb  usbd_ioreq.o [13]
USBD_CtlReceiveStatus    0x802'c90b    0x24  Code  Gb  usbd_ioreq.o [13]
USBD_CtlSendData         0x802'c863    0x2c  Code  Gb  usbd_ioreq.o [13]
USBD_CtlSendStatus       0x802'c8e7    0x24  Code  Gb  usbd_ioreq.o [13]
USBD_DCD_INT_cb         0x2000'0188    0x2c  Data  Gb  usbd_core.o [13]
USBD_DCD_INT_fops       0x2000'0290     0x4  Data  Gb  usbd_core.o [13]
USBD_DataInStage         0x802'ccc3    0xe6  Code  Lc  usbd_core.o [13]
USBD_DataOutStage        0x802'cc2d    0x96  Code  Lc  usbd_core.o [13]
USBD_DeInit              0x802'cbd9     0x4  Code  Gb  usbd_core.o [13]
USBD_DevConnected        0x802'ce83    0x16  Code  Lc  usbd_core.o [13]
USBD_DevDisconnected     0x802'ce99    0x22  Code  Lc  usbd_core.o [13]
USBD_DeviceDesc         0x2000'021c    0x14  Data  Gb  usbd_desc.o [12]
USBD_GetConfig           0x802'c659    0x38  Code  Lc  usbd_req.o [13]
USBD_GetDescriptor       0x802'c433   0x10e  Code  Lc  usbd_req.o [13]
USBD_GetLen              0x802'c84f    0x14  Code  Lc  usbd_req.o [13]
USBD_GetStatus           0x802'c691    0x36  Code  Lc  usbd_req.o [13]
USBD_GetString           0x802'c801    0x4e  Code  Gb  usbd_req.o [13]
USBD_Init                0x802'cb95    0x44  Code  Gb  usbd_core.o [13]
USBD_IsoINIncomplete     0x802'ce67     0xe  Code  Lc  usbd_core.o [13]
USBD_IsoOUTIncomplete    0x802'ce75     0xe  Code  Lc  usbd_core.o [13]
USBD_LangIDDesc         0x2000'0294     0x4  Data  Gb  usbd_desc.o [12]
USBD_OTG_ISR_Handler     0x802'ac29    0xf6  Code  Gb  usb_dcd_int.o [14]
USBD_ParseSetupRequest   0x802'c7a1    0x44  Code  Gb  usbd_req.o [13]
USBD_Reset               0x802'cdb9    0x30  Code  Lc  usbd_core.o [13]
USBD_Resume              0x802'cde9    0x1e  Code  Lc  usbd_core.o [13]
USBD_RunTestMode         0x802'cda9     0xc  Code  Lc  usbd_core.o [13]
USBD_SOF                 0x802'ce23    0x18  Code  Lc  usbd_core.o [13]
USBD_SetAddress          0x802'c541    0x58  Code  Lc  usbd_req.o [13]
USBD_SetCfg              0x802'ce3b    0x1c  Code  Gb  usbd_core.o [13]
USBD_SetConfig           0x802'c599    0xc0  Code  Lc  usbd_req.o [13]
USBD_SetConfig::cfgidx  0x2000'71d1     0x1  Data  Lc  usbd_req.o [13]
USBD_SetFeature          0x802'c6c7    0x92  Code  Lc  usbd_req.o [13]
USBD_SetupStage          0x802'cbdd    0x50  Code  Lc  usbd_core.o [13]
USBD_StdDevReq           0x802'c1ed    0x58  Code  Gb  usbd_req.o [13]
USBD_StdEPReq            0x802'c295   0x19e  Code  Gb  usbd_req.o [13]
USBD_StdItfReq           0x802'c245    0x50  Code  Gb  usbd_req.o [13]
USBD_StrDesc            0x2000'613c   0x100  Data  Gb  usbd_desc.o [12]
USBD_StringSerial       0x2000'01d0    0x1c  Data  Gb  usbd_desc.o [12]
USBD_Suspend             0x802'ce07    0x1c  Code  Lc  usbd_core.o [13]
USBD_USR_ConfigStrDescriptor
                         0x802'e12b    0x20  Code  Gb  usbd_desc.o [12]
USBD_USR_DeviceConfigured
                         0x802'198f     0x2  Code  Gb  usbd_usr.o [12]
USBD_USR_DeviceConnected
                         0x802'1995     0x2  Code  Gb  usbd_usr.o [12]
USBD_USR_DeviceDescriptor
                         0x802'e0dd     0x8  Code  Gb  usbd_desc.o [12]
USBD_USR_DeviceDisconnected
                         0x802'1997     0x2  Code  Gb  usbd_usr.o [12]
USBD_USR_DeviceReset     0x802'198d     0x2  Code  Gb  usbd_usr.o [12]
USBD_USR_DeviceResumed   0x802'1993     0x2  Code  Gb  usbd_usr.o [12]
USBD_USR_DeviceSuspended
                         0x802'1991     0x2  Code  Gb  usbd_usr.o [12]
USBD_USR_Init            0x802'198b     0x2  Code  Gb  usbd_usr.o [12]
USBD_USR_InterfaceStrDescriptor
                         0x802'e14b    0x20  Code  Gb  usbd_desc.o [12]
USBD_USR_LangIDStrDescriptor
                         0x802'e0e5     0x8  Code  Gb  usbd_desc.o [12]
USBD_USR_ManufacturerStrDescriptor
                         0x802'e10d    0x10  Code  Gb  usbd_desc.o [12]
USBD_USR_ProductStrDescriptor
                         0x802'e0ed    0x20  Code  Gb  usbd_desc.o [12]
USBD_USR_SerialStrDescriptor
                         0x802'e11d     0xe  Code  Gb  usbd_desc.o [12]
USBD_cdc_GetCfgDesc      0x802'd5dd     0x8  Code  Lc  usbd_cdc_core.o [13]
USBD_cfg_status         0x2000'7198     0x4  Data  Gb  usbd_req.o [13]
USBD_default_cfg        0x2000'7194     0x4  Data  Gb  usbd_req.o [13]
USBD_ep_status          0x2000'7190     0x4  Data  Gb  usbd_req.o [13]
USB_OTG_BSP_EnableInterrupt
                         0x802'9b29    0x2a  Code  Gb  usb_bsp.o [12]
USB_OTG_BSP_Init         0x802'9ad5    0x4e  Code  Gb  usb_bsp.o [12]
USB_OTG_BSP_mDelay       0x802'9b61     0xe  Code  Gb  usb_bsp.o [12]
USB_OTG_BSP_uDelay       0x802'9b53     0xe  Code  Gb  usb_bsp.o [12]
USB_OTG_CoreInit         0x802'9289    0xb0  Code  Gb  usb_core.o [14]
USB_OTG_CoreInitDev      0x802'9471   0x172  Code  Gb  usb_core.o [14]
USB_OTG_CoreReset        0x802'90ed    0x60  Code  Lc  usb_core.o [14]
USB_OTG_DisableGlobalInt
                         0x802'9351    0x1a  Code  Gb  usb_core.o [14]
USB_OTG_EP0Activate      0x802'9671    0x50  Code  Gb  usb_core.o [14]
USB_OTG_EP0StartXfer     0x802'98fd    0xf0  Code  Gb  usb_core.o [14]
USB_OTG_EP0_OutStart     0x802'9a9d    0x36  Code  Gb  usb_core.o [14]
USB_OTG_EPActivate       0x802'96c1    0x70  Code  Gb  usb_core.o [14]
USB_OTG_EPClearStall     0x802'9a2b    0x3e  Code  Gb  usb_core.o [14]
USB_OTG_EPDeactivate     0x802'9731    0x60  Code  Gb  usb_core.o [14]
USB_OTG_EPSetStall       0x802'99ed    0x3e  Code  Gb  usb_core.o [14]
USB_OTG_EPStartXfer      0x802'9791   0x16c  Code  Gb  usb_core.o [14]
USB_OTG_EnableCommonInt
                         0x802'90cd    0x20  Code  Lc  usb_core.o [14]
USB_OTG_EnableDevInt     0x802'95e3    0x60  Code  Gb  usb_core.o [14]
USB_OTG_EnableGlobalInt
                         0x802'9339    0x18  Code  Gb  usb_core.o [14]
USB_OTG_FlushRxFifo      0x802'93b3    0x40  Code  Gb  usb_core.o [14]
USB_OTG_FlushTxFifo      0x802'936b    0x48  Code  Gb  usb_core.o [14]
USB_OTG_GetDeviceSpeed   0x802'9643    0x2e  Code  Gb  usb_core.o [14]
USB_OTG_GetMode          0x802'9435     0xa  Code  Gb  usb_core.o [14]
USB_OTG_InitDevSpeed     0x802'9463     0xe  Code  Gb  usb_core.o [14]
USB_OTG_IsDeviceMode     0x802'943f    0x14  Code  Gb  usb_core.o [14]
USB_OTG_ReadCoreItr      0x802'9453    0x10  Code  Gb  usb_core.o [14]
USB_OTG_ReadDevAllInEPItr
                         0x802'9a8d    0x10  Code  Gb  usb_core.o [14]
USB_OTG_ReadDevAllOutEp_itr
                         0x802'9a69    0x10  Code  Gb  usb_core.o [14]
USB_OTG_ReadDevOutEP_itr
                         0x802'9a79    0x14  Code  Gb  usb_core.o [14]
USB_OTG_ReadPacket       0x802'9187    0x28  Code  Gb  usb_core.o [14]
USB_OTG_SelectCore       0x802'91af    0xda  Code  Gb  usb_core.o [14]
USB_OTG_SetCurrentMode   0x802'93fd    0x38  Code  Gb  usb_core.o [14]
USB_OTG_WritePacket      0x802'914d    0x3a  Code  Gb  usb_core.o [14]
USB_OTG_dev             0x2000'28d8   0x5f4  Data  Gb  app_sysonoff.o [1]
USB_Rx_Buffer           0x2000'6fec    0x40  Data  Gb  usbd_cdc_core.o [13]
USB_Tx_Buffer           0x2000'6fac    0x40  Data  Gb  app_usb.o [1]
USB_Tx_State            0x2000'71d0     0x1  Data  Gb  usbd_cdc_core.o [13]
USR_cb                  0x2000'01ec    0x1c  Data  Gb  usbd_usr.o [12]
USR_desc                0x2000'01b4    0x1c  Data  Gb  usbd_desc.o [12]
US_PWR_ID_IN             0x802'19cb    0x32  Code  Gb  ds2431.o [4]
US_PWR_ID_OUT            0x802'1999    0x32  Code  Gb  ds2431.o [4]
Update_EcInfo            0x802'0189   0x356  Code  Gb  command_process.o [4]
UsPowerId               0x2000'7098    0x10  Data  Gb  ds2431.o [4]
UsageFault_Handler       0x802'e8d5     0x2  Code  Gb  stm32f4xx_it.o [15]
Usart_Init               0x802'd8f5    0x92  Code  Gb  usart.o [2]
UsbTaskTcb              0x2000'68fc    0xc0  Data  Gb  app_usb.o [1]
VCP_CheckDataReceived    0x802'e7f5     0x6  Code  Gb  usbd_cdc_vcp.o [12]
VCP_Ctrl                 0x802'e7b1     0x4  Code  Lc  usbd_cdc_vcp.o [12]
VCP_DataRx               0x802'e7ed     0x8  Code  Lc  usbd_cdc_vcp.o [12]
VCP_DataTx               0x802'e7b5    0x38  Code  Lc  usbd_cdc_vcp.o [12]
VCP_DeInit               0x802'e7ad     0x4  Code  Lc  usbd_cdc_vcp.o [12]
VCP_Init                 0x802'e7a9     0x4  Code  Lc  usbd_cdc_vcp.o [12]
VCP_fops                0x2000'0208    0x14  Data  Gb  usbd_cdc_vcp.o [12]
V_AdcDma_Config          0x802'd7b7    0x5a  Code  Gb  board.o [2]
Vnn_Calculate_AdjVol     0x802'5003    0x46  Code  Gb  adjustvoltage.o [4]
Vpp_Calculate_AdjVol     0x802'4fb5    0x4e  Code  Gb  adjustvoltage.o [4]
Write_UsPowerId          0x802'1ba9    0x26  Code  Gb  ds2431.o [4]
_PrintfTiny              0x802'8755   0x11e  Code  Gb  xprintftiny.o [16]
_Prout                   0x802'f1c5    0x16  Code  Gb  xprout.o [16]
__aeabi_d2f              0x802'8875          Code  Gb  DblToFlt.o [17]
__aeabi_d2iz             0x802'4f55          Code  Gb  DblToS32.o [17]
__aeabi_d2uiz            0x802'4cd1          Code  Gb  DblToU32.o [17]
__aeabi_dadd             0x802'4cf5          Code  Gb  DblAddSub.o [17]
__aeabi_ddiv             0x802'4a89          Code  Gb  DblDiv.o [17]
__aeabi_dmul             0x802'48dd          Code  Gb  DblMul.o [17]
__aeabi_dsub             0x802'4e71          Code  Gb  DblAddSub.o [17]
__aeabi_f2d              0x802'88dd          Code  Gb  FltToDbl.o [17]
__aeabi_fmul             0x802'8925          Code  Gb  FltMul.o [17]
__aeabi_i2d              0x802'ac05          Code  Gb  S32ToDbl.o [17]
__aeabi_memcpy           0x802'18e5          Code  Gb  ABImemcpy.o [18]
__aeabi_memcpy4          0x802'1905          Code  Gb  ABImemcpy.o [18]
__aeabi_memcpy8          0x802'1905          Code  Gb  ABImemcpy.o [18]
__aeabi_memset           0x802'ab9d          Code  Gb  ABImemset.o [18]
__aeabi_ui2d             0x802'48c1          Code  Gb  U32ToDbl.o [17]
__cmain                  0x802'f079          Code  Gb  cmain.o [18]
__exit                   0x802'e8b1    0x14  Code  Gb  exit.o [19]
__iar_Memset             0x802'ab9d          Code  Gb  ABImemset.o [18]
__iar_Memset_word        0x802'aba5          Code  Gb  ABImemset.o [18]
__iar_Stdout            0x2000'009c    0x48  Data  Gb  xfiles.o [16]
__iar_data_init3         0x802'eea5    0x28  Code  Gb  data_init.o [18]
__iar_packbits_init3     0x802'e809    0xa2  Code  Gb  packbits_init.o [18]
__iar_program_start      0x802'f101          Code  Gb  cstartup_M.o [18]
__iar_zero_init3         0x802'ed11    0x38  Code  Gb  zero_init3.o [18]
__low_level_init         0x802'f097     0x4  Code  Gb  low_level_init.o [16]
__vector_table           0x802'0000          Data  Gb  startup_stm32f40_41xxx.o [3]
_call_main               0x802'f085          Code  Gb  cmain.o [18]
_exit                    0x802'f0a1          Code  Gb  cexit.o [18]
abort                    0x802'e8ab     0x6  Code  Gb  abort.o [16]
abs                      0x802'5721     0x8  Code  Gb  abs.o [16]
cb_Sys_StateChk_Tmr      0x802'f33d    0x10  Code  Gb  app_timer.o [1]
cdcCmd                  0x2000'028c     0x4  Data  Lc  usbd_cdc_core.o [13]
cdcLen                  0x2000'7180     0x4  Data  Lc  usbd_cdc_core.o [13]
delay_os_lock            0x802'1d8b     0xa  Code  Gb  systick.o [2]
delay_os_unlock          0x802'1d95     0xa  Code  Gb  systick.o [2]
delay_us_os              0x802'1d9f    0x40  Code  Gb  systick.o [2]
exit                     0x802'f09b     0x4  Code  Gb  exit.o [16]
fputc                    0x802'd987    0x20  Code  Gb  usart.o [2]
main                     0x802'e9e9    0x78  Code  Gb  main.o [15]
obuf                    0x2000'6f5c    0x50  Data  Lc  xfiles.o [16]
out                      0x802'873d    0x18  Code  Lc  xprintftiny.o [16]
printf                   0x802'4f8d    0x28  Code  Gb  printf.o [16]
putchar                  0x802'f1dd     0xc  Code  Gb  putchar.o [16]
receive_count           0x2000'7188     0x4  Data  Gb  usbd_cdc_vcp.o [12]
strlen                   0x802'8fd1          Code  Gb  strlen.o [18]
usbd_cdc_AltSet         0x2000'7170     0x4  Data  Lc  usbd_cdc_core.o [13]
usbd_cdc_CfgDesc        0x2000'00e4    0x44  Data  Gb  usbd_cdc_core.o [13]
usbd_cdc_DataIn          0x802'd43d    0x94  Code  Gb  usbd_cdc_core.o [13]
usbd_cdc_DataOut         0x802'd4d1    0x2c  Code  Gb  usbd_cdc_core.o [13]
usbd_cdc_DeInit          0x802'd341    0x26  Code  Gb  usbd_cdc_core.o [13]
usbd_cdc_EP0_RxReady     0x802'd419    0x24  Code  Gb  usbd_cdc_core.o [13]
usbd_cdc_Init            0x802'd2f9    0x48  Code  Gb  usbd_cdc_core.o [13]
usbd_cdc_SOF             0x802'd4fd    0x1e  Code  Gb  usbd_cdc_core.o [13]
usbd_cdc_SOF::FrameCount
                        0x2000'7184     0x4  Data  Lc  usbd_cdc_core.o [13]
usbd_cdc_Setup           0x802'd367    0xb2  Code  Gb  usbd_cdc_core.o [13]


[1] = C:\Users\LIANMENG\Desktop\AX9-PROJECT-IAR-PID\AX9_V1.00\source\application\USER\Debug\Obj\APP
[2] = C:\Users\LIANMENG\Desktop\AX9-PROJECT-IAR-PID\AX9_V1.00\source\application\USER\Debug\Obj\BSP
[3] = C:\Users\LIANMENG\Desktop\AX9-PROJECT-IAR-PID\AX9_V1.00\source\application\USER\Debug\Obj\CMSIS
[4] = C:\Users\LIANMENG\Desktop\AX9-PROJECT-IAR-PID\AX9_V1.00\source\application\USER\Debug\Obj\DEVICE
[5] = C:\Users\LIANMENG\Desktop\AX9-PROJECT-IAR-PID\AX9_V1.00\source\application\USER\Debug\Obj\FWLIB
[6] = C:\Users\LIANMENG\Desktop\AX9-PROJECT-IAR-PID\AX9_V1.00\source\application\USER\Debug\Obj\UCOSIII\uCOS-BSP
[7] = C:\Users\LIANMENG\Desktop\AX9-PROJECT-IAR-PID\AX9_V1.00\source\application\USER\Debug\Obj\UCOSIII\uCOS-CONFIG
[8] = C:\Users\LIANMENG\Desktop\AX9-PROJECT-IAR-PID\AX9_V1.00\source\application\USER\Debug\Obj\UCOSIII\uCOS-CPU
[9] = C:\Users\LIANMENG\Desktop\AX9-PROJECT-IAR-PID\AX9_V1.00\source\application\USER\Debug\Obj\UCOSIII\uCOS-III\Port
[10] = C:\Users\LIANMENG\Desktop\AX9-PROJECT-IAR-PID\AX9_V1.00\source\application\USER\Debug\Obj\UCOSIII\uCOS-III\Source
[11] = C:\Users\LIANMENG\Desktop\AX9-PROJECT-IAR-PID\AX9_V1.00\source\application\USER\Debug\Obj\UCOSIII\uCOSIII-LIB
[12] = C:\Users\LIANMENG\Desktop\AX9-PROJECT-IAR-PID\AX9_V1.00\source\application\USER\Debug\Obj\USB\USB-APP
[13] = C:\Users\LIANMENG\Desktop\AX9-PROJECT-IAR-PID\AX9_V1.00\source\application\USER\Debug\Obj\USB\USB-DEVICE
[14] = C:\Users\LIANMENG\Desktop\AX9-PROJECT-IAR-PID\AX9_V1.00\source\application\USER\Debug\Obj\USB\USB-OTG
[15] = C:\Users\LIANMENG\Desktop\AX9-PROJECT-IAR-PID\AX9_V1.00\source\application\USER\Debug\Obj\USER
[16] = dl7M_tlf.a
[17] = m7M_tl.a
[18] = rt7M_tl.a
[19] = shb_l.a

  60'370 bytes of readonly  code memory
   2'961 bytes of readonly  data memory
  37'330 bytes of readwrite data memory

Errors: none
Warnings: none
