###############################################################################
#
# IAR ELF Linker V9.10.1.308/W64 for ARM                  11/Mar/2022  15:37:03
# Copyright 2007-2021 IAR Systems AB.
#
#    Output file  =
#        C:\Users\LIANMENG\Desktop\AX9-PROJECT-IAR-PID\AX9_V1.00\source\application\USER\Debug\Exe\AX9.out
#    Map file     =
#        C:\Users\LIANMENG\Desktop\AX9-PROJECT-IAR-PID\AX9_V1.00\source\application\USER\Debug\List\AX9.map
#    Command line =
#        -f
#        C:\Users\LIANMENG\Desktop\AX9-PROJECT-IAR-PID\AX9_V1.00\source\application\USER\Debug\Exe\AX9.out.rsp
#        (C:\Users\LIANMENG\Desktop\AX9-PROJECT-IAR-PID\AX9_V1.00\source\application\USER\Debug\Obj\BSP\adc.o
#        C:\Users\LIANMENG\Desktop\AX9-PROJECT-IAR-PID\AX9_V1.00\source\application\USER\Debug\Obj\DEVICE\adjustvoltage.o
#        C:\Users\LIANMENG\Desktop\AX9-PROJECT-IAR-PID\AX9_V1.00\source\application\USER\Debug\Obj\DEVICE\adt7302.o
#        C:\Users\LIANMENG\Desktop\AX9-PROJECT-IAR-PID\AX9_V1.00\source\application\USER\Debug\Obj\APP\app.o
#        C:\Users\LIANMENG\Desktop\AX9-PROJECT-IAR-PID\AX9_V1.00\source\application\USER\Debug\Obj\APP\app_adc.o
#        C:\Users\LIANMENG\Desktop\AX9-PROJECT-IAR-PID\AX9_V1.00\source\application\USER\Debug\Obj\APP\app_adjvol.o
#        C:\Users\LIANMENG\Desktop\AX9-PROJECT-IAR-PID\AX9_V1.00\source\application\USER\Debug\Obj\APP\app_com.o
#        C:\Users\LIANMENG\Desktop\AX9-PROJECT-IAR-PID\AX9_V1.00\source\application\USER\Debug\Obj\APP\app_comdebug.o
#        C:\Users\LIANMENG\Desktop\AX9-PROJECT-IAR-PID\AX9_V1.00\source\application\USER\Debug\Obj\APP\app_fan.o
#        C:\Users\LIANMENG\Desktop\AX9-PROJECT-IAR-PID\AX9_V1.00\source\application\USER\Debug\Obj\APP\app_led.o
#        C:\Users\LIANMENG\Desktop\AX9-PROJECT-IAR-PID\AX9_V1.00\source\application\USER\Debug\Obj\APP\app_pwrmanager.o
#        C:\Users\LIANMENG\Desktop\AX9-PROJECT-IAR-PID\AX9_V1.00\source\application\USER\Debug\Obj\APP\app_sysonoff.o
#        C:\Users\LIANMENG\Desktop\AX9-PROJECT-IAR-PID\AX9_V1.00\source\application\USER\Debug\Obj\APP\app_temperature.o
#        C:\Users\LIANMENG\Desktop\AX9-PROJECT-IAR-PID\AX9_V1.00\source\application\USER\Debug\Obj\APP\app_timer.o
#        C:\Users\LIANMENG\Desktop\AX9-PROJECT-IAR-PID\AX9_V1.00\source\application\USER\Debug\Obj\APP\app_usb.o
#        C:\Users\LIANMENG\Desktop\AX9-PROJECT-IAR-PID\AX9_V1.00\source\application\USER\Debug\Obj\DEVICE\bat1.o
#        C:\Users\LIANMENG\Desktop\AX9-PROJECT-IAR-PID\AX9_V1.00\source\application\USER\Debug\Obj\DEVICE\bat2.o
#        C:\Users\LIANMENG\Desktop\AX9-PROJECT-IAR-PID\AX9_V1.00\source\application\USER\Debug\Obj\BSP\board.o
#        C:\Users\LIANMENG\Desktop\AX9-PROJECT-IAR-PID\AX9_V1.00\source\application\USER\Debug\Obj\UCOSIII\uCOS-BSP\bsp.o
#        C:\Users\LIANMENG\Desktop\AX9-PROJECT-IAR-PID\AX9_V1.00\source\application\USER\Debug\Obj\DEVICE\command_process.o
#        C:\Users\LIANMENG\Desktop\AX9-PROJECT-IAR-PID\AX9_V1.00\source\application\USER\Debug\Obj\UCOSIII\uCOS-CPU\cpu_a.o
#        C:\Users\LIANMENG\Desktop\AX9-PROJECT-IAR-PID\AX9_V1.00\source\application\USER\Debug\Obj\UCOSIII\uCOS-CPU\cpu_c.o
#        C:\Users\LIANMENG\Desktop\AX9-PROJECT-IAR-PID\AX9_V1.00\source\application\USER\Debug\Obj\UCOSIII\uCOS-CPU\cpu_core.o
#        C:\Users\LIANMENG\Desktop\AX9-PROJECT-IAR-PID\AX9_V1.00\source\application\USER\Debug\Obj\BSP\dac.o
#        C:\Users\LIANMENG\Desktop\AX9-PROJECT-IAR-PID\AX9_V1.00\source\application\USER\Debug\Obj\BSP\dma.o
#        C:\Users\LIANMENG\Desktop\AX9-PROJECT-IAR-PID\AX9_V1.00\source\application\USER\Debug\Obj\DEVICE\ds2431.o
#        C:\Users\LIANMENG\Desktop\AX9-PROJECT-IAR-PID\AX9_V1.00\source\application\USER\Debug\Obj\DEVICE\emc2305.o
#        C:\Users\LIANMENG\Desktop\AX9-PROJECT-IAR-PID\AX9_V1.00\source\application\USER\Debug\Obj\BSP\gpio.o
#        C:\Users\LIANMENG\Desktop\AX9-PROJECT-IAR-PID\AX9_V1.00\source\application\USER\Debug\Obj\BSP\iic.o
#        C:\Users\LIANMENG\Desktop\AX9-PROJECT-IAR-PID\AX9_V1.00\source\application\USER\Debug\Obj\UCOSIII\uCOSIII-LIB\lib_ascii.o
#        C:\Users\LIANMENG\Desktop\AX9-PROJECT-IAR-PID\AX9_V1.00\source\application\USER\Debug\Obj\UCOSIII\uCOSIII-LIB\lib_math.o
#        C:\Users\LIANMENG\Desktop\AX9-PROJECT-IAR-PID\AX9_V1.00\source\application\USER\Debug\Obj\UCOSIII\uCOSIII-LIB\lib_mem.o
#        C:\Users\LIANMENG\Desktop\AX9-PROJECT-IAR-PID\AX9_V1.00\source\application\USER\Debug\Obj\UCOSIII\uCOSIII-LIB\lib_mem_a.o
#        C:\Users\LIANMENG\Desktop\AX9-PROJECT-IAR-PID\AX9_V1.00\source\application\USER\Debug\Obj\UCOSIII\uCOSIII-LIB\lib_str.o
#        C:\Users\LIANMENG\Desktop\AX9-PROJECT-IAR-PID\AX9_V1.00\source\application\USER\Debug\Obj\USER\main.o
#        C:\Users\LIANMENG\Desktop\AX9-PROJECT-IAR-PID\AX9_V1.00\source\application\USER\Debug\Obj\FWLIB\misc.o
#        C:\Users\LIANMENG\Desktop\AX9-PROJECT-IAR-PID\AX9_V1.00\source\application\USER\Debug\Obj\BSP\nvic.o
#        C:\Users\LIANMENG\Desktop\AX9-PROJECT-IAR-PID\AX9_V1.00\source\application\USER\Debug\Obj\UCOSIII\uCOS-CONFIG\os_app_hooks.o
#        C:\Users\LIANMENG\Desktop\AX9-PROJECT-IAR-PID\AX9_V1.00\source\application\USER\Debug\Obj\UCOSIII\uCOS-III\Source\os_cfg_app.o
#        C:\Users\LIANMENG\Desktop\AX9-PROJECT-IAR-PID\AX9_V1.00\source\application\USER\Debug\Obj\UCOSIII\uCOS-III\Source\os_core.o
#        C:\Users\LIANMENG\Desktop\AX9-PROJECT-IAR-PID\AX9_V1.00\source\application\USER\Debug\Obj\UCOSIII\uCOS-III\Port\os_cpu_a.o
#        C:\Users\LIANMENG\Desktop\AX9-PROJECT-IAR-PID\AX9_V1.00\source\application\USER\Debug\Obj\UCOSIII\uCOS-III\Port\os_cpu_c.o
#        C:\Users\LIANMENG\Desktop\AX9-PROJECT-IAR-PID\AX9_V1.00\source\application\USER\Debug\Obj\UCOSIII\uCOS-III\Source\os_dbg.o
#        C:\Users\LIANMENG\Desktop\AX9-PROJECT-IAR-PID\AX9_V1.00\source\application\USER\Debug\Obj\UCOSIII\uCOS-III\Source\os_flag.o
#        C:\Users\LIANMENG\Desktop\AX9-PROJECT-IAR-PID\AX9_V1.00\source\application\USER\Debug\Obj\UCOSIII\uCOS-III\Source\os_int.o
#        C:\Users\LIANMENG\Desktop\AX9-PROJECT-IAR-PID\AX9_V1.00\source\application\USER\Debug\Obj\UCOSIII\uCOS-III\Source\os_mem.o
#        C:\Users\LIANMENG\Desktop\AX9-PROJECT-IAR-PID\AX9_V1.00\source\application\USER\Debug\Obj\UCOSIII\uCOS-III\Source\os_msg.o
#        C:\Users\LIANMENG\Desktop\AX9-PROJECT-IAR-PID\AX9_V1.00\source\application\USER\Debug\Obj\UCOSIII\uCOS-III\Source\os_mutex.o
#        C:\Users\LIANMENG\Desktop\AX9-PROJECT-IAR-PID\AX9_V1.00\source\application\USER\Debug\Obj\UCOSIII\uCOS-III\Source\os_pend_multi.o
#        C:\Users\LIANMENG\Desktop\AX9-PROJECT-IAR-PID\AX9_V1.00\source\application\USER\Debug\Obj\UCOSIII\uCOS-III\Source\os_prio.o
#        C:\Users\LIANMENG\Desktop\AX9-PROJECT-IAR-PID\AX9_V1.00\source\application\USER\Debug\Obj\UCOSIII\uCOS-III\Source\os_q.o
#        C:\Users\LIANMENG\Desktop\AX9-PROJECT-IAR-PID\AX9_V1.00\source\application\USER\Debug\Obj\UCOSIII\uCOS-III\Source\os_sem.o
#        C:\Users\LIANMENG\Desktop\AX9-PROJECT-IAR-PID\AX9_V1.00\source\application\USER\Debug\Obj\UCOSIII\uCOS-III\Source\os_stat.o
#        C:\Users\LIANMENG\Desktop\AX9-PROJECT-IAR-PID\AX9_V1.00\source\application\USER\Debug\Obj\UCOSIII\uCOS-III\Source\os_task.o
#        C:\Users\LIANMENG\Desktop\AX9-PROJECT-IAR-PID\AX9_V1.00\source\application\USER\Debug\Obj\UCOSIII\uCOS-III\Source\os_tick.o
#        C:\Users\LIANMENG\Desktop\AX9-PROJECT-IAR-PID\AX9_V1.00\source\application\USER\Debug\Obj\UCOSIII\uCOS-III\Source\os_time.o
#        C:\Users\LIANMENG\Desktop\AX9-PROJECT-IAR-PID\AX9_V1.00\source\application\USER\Debug\Obj\UCOSIII\uCOS-III\Source\os_tmr.o
#        C:\Users\LIANMENG\Desktop\AX9-PROJECT-IAR-PID\AX9_V1.00\source\application\USER\Debug\Obj\UCOSIII\uCOS-III\Source\os_var.o
#        C:\Users\LIANMENG\Desktop\AX9-PROJECT-IAR-PID\AX9_V1.00\source\application\USER\Debug\Obj\DEVICE\power.o
#        C:\Users\LIANMENG\Desktop\AX9-PROJECT-IAR-PID\AX9_V1.00\source\application\USER\Debug\Obj\BSP\spi.o
#        C:\Users\LIANMENG\Desktop\AX9-PROJECT-IAR-PID\AX9_V1.00\source\application\USER\Debug\Obj\CMSIS\startup_stm32f40_41xxx.o
#        C:\Users\LIANMENG\Desktop\AX9-PROJECT-IAR-PID\AX9_V1.00\source\application\USER\Debug\Obj\FWLIB\stm32f4xx_adc.o
#        C:\Users\LIANMENG\Desktop\AX9-PROJECT-IAR-PID\AX9_V1.00\source\application\USER\Debug\Obj\FWLIB\stm32f4xx_can.o
#        C:\Users\LIANMENG\Desktop\AX9-PROJECT-IAR-PID\AX9_V1.00\source\application\USER\Debug\Obj\FWLIB\stm32f4xx_cec.o
#        C:\Users\LIANMENG\Desktop\AX9-PROJECT-IAR-PID\AX9_V1.00\source\application\USER\Debug\Obj\FWLIB\stm32f4xx_crc.o
#        C:\Users\LIANMENG\Desktop\AX9-PROJECT-IAR-PID\AX9_V1.00\source\application\USER\Debug\Obj\FWLIB\stm32f4xx_cryp.o
#        C:\Users\LIANMENG\Desktop\AX9-PROJECT-IAR-PID\AX9_V1.00\source\application\USER\Debug\Obj\FWLIB\stm32f4xx_cryp_aes.o
#        C:\Users\LIANMENG\Desktop\AX9-PROJECT-IAR-PID\AX9_V1.00\source\application\USER\Debug\Obj\FWLIB\stm32f4xx_cryp_des.o
#        C:\Users\LIANMENG\Desktop\AX9-PROJECT-IAR-PID\AX9_V1.00\source\application\USER\Debug\Obj\FWLIB\stm32f4xx_cryp_tdes.o
#        C:\Users\LIANMENG\Desktop\AX9-PROJECT-IAR-PID\AX9_V1.00\source\application\USER\Debug\Obj\FWLIB\stm32f4xx_dac.o
#        C:\Users\LIANMENG\Desktop\AX9-PROJECT-IAR-PID\AX9_V1.00\source\application\USER\Debug\Obj\FWLIB\stm32f4xx_dbgmcu.o
#        C:\Users\LIANMENG\Desktop\AX9-PROJECT-IAR-PID\AX9_V1.00\source\application\USER\Debug\Obj\FWLIB\stm32f4xx_dcmi.o
#        C:\Users\LIANMENG\Desktop\AX9-PROJECT-IAR-PID\AX9_V1.00\source\application\USER\Debug\Obj\FWLIB\stm32f4xx_dfsdm.o
#        C:\Users\LIANMENG\Desktop\AX9-PROJECT-IAR-PID\AX9_V1.00\source\application\USER\Debug\Obj\FWLIB\stm32f4xx_dma.o
#        C:\Users\LIANMENG\Desktop\AX9-PROJECT-IAR-PID\AX9_V1.00\source\application\USER\Debug\Obj\FWLIB\stm32f4xx_dma2d.o
#        C:\Users\LIANMENG\Desktop\AX9-PROJECT-IAR-PID\AX9_V1.00\source\application\USER\Debug\Obj\FWLIB\stm32f4xx_dsi.o
#        C:\Users\LIANMENG\Desktop\AX9-PROJECT-IAR-PID\AX9_V1.00\source\application\USER\Debug\Obj\FWLIB\stm32f4xx_exti.o
#        C:\Users\LIANMENG\Desktop\AX9-PROJECT-IAR-PID\AX9_V1.00\source\application\USER\Debug\Obj\FWLIB\stm32f4xx_flash.o
#        C:\Users\LIANMENG\Desktop\AX9-PROJECT-IAR-PID\AX9_V1.00\source\application\USER\Debug\Obj\FWLIB\stm32f4xx_flash_ramfunc.o
#        C:\Users\LIANMENG\Desktop\AX9-PROJECT-IAR-PID\AX9_V1.00\source\application\USER\Debug\Obj\FWLIB\stm32f4xx_fmpi2c.o
#        C:\Users\LIANMENG\Desktop\AX9-PROJECT-IAR-PID\AX9_V1.00\source\application\USER\Debug\Obj\FWLIB\stm32f4xx_fsmc.o
#        C:\Users\LIANMENG\Desktop\AX9-PROJECT-IAR-PID\AX9_V1.00\source\application\USER\Debug\Obj\FWLIB\stm32f4xx_gpio.o
#        C:\Users\LIANMENG\Desktop\AX9-PROJECT-IAR-PID\AX9_V1.00\source\application\USER\Debug\Obj\FWLIB\stm32f4xx_hash.o
#        C:\Users\LIANMENG\Desktop\AX9-PROJECT-IAR-PID\AX9_V1.00\source\application\USER\Debug\Obj\FWLIB\stm32f4xx_hash_md5.o
#        C:\Users\LIANMENG\Desktop\AX9-PROJECT-IAR-PID\AX9_V1.00\source\application\USER\Debug\Obj\FWLIB\stm32f4xx_hash_sha1.o
#        C:\Users\LIANMENG\Desktop\AX9-PROJECT-IAR-PID\AX9_V1.00\source\application\USER\Debug\Obj\FWLIB\stm32f4xx_i2c.o
#        C:\Users\LIANMENG\Desktop\AX9-PROJECT-IAR-PID\AX9_V1.00\source\application\USER\Debug\Obj\USER\stm32f4xx_it.o
#        C:\Users\LIANMENG\Desktop\AX9-PROJECT-IAR-PID\AX9_V1.00\source\application\USER\Debug\Obj\FWLIB\stm32f4xx_iwdg.o
#        C:\Users\LIANMENG\Desktop\AX9-PROJECT-IAR-PID\AX9_V1.00\source\application\USER\Debug\Obj\FWLIB\stm32f4xx_lptim.o
#        C:\Users\LIANMENG\Desktop\AX9-PROJECT-IAR-PID\AX9_V1.00\source\application\USER\Debug\Obj\FWLIB\stm32f4xx_ltdc.o
#        C:\Users\LIANMENG\Desktop\AX9-PROJECT-IAR-PID\AX9_V1.00\source\application\USER\Debug\Obj\FWLIB\stm32f4xx_pwr.o
#        C:\Users\LIANMENG\Desktop\AX9-PROJECT-IAR-PID\AX9_V1.00\source\application\USER\Debug\Obj\FWLIB\stm32f4xx_qspi.o
#        C:\Users\LIANMENG\Desktop\AX9-PROJECT-IAR-PID\AX9_V1.00\source\application\USER\Debug\Obj\FWLIB\stm32f4xx_rcc.o
#        C:\Users\LIANMENG\Desktop\AX9-PROJECT-IAR-PID\AX9_V1.00\source\application\USER\Debug\Obj\FWLIB\stm32f4xx_rng.o
#        C:\Users\LIANMENG\Desktop\AX9-PROJECT-IAR-PID\AX9_V1.00\source\application\USER\Debug\Obj\FWLIB\stm32f4xx_rtc.o
#        C:\Users\LIANMENG\Desktop\AX9-PROJECT-IAR-PID\AX9_V1.00\source\application\USER\Debug\Obj\FWLIB\stm32f4xx_sai.o
#        C:\Users\LIANMENG\Desktop\AX9-PROJECT-IAR-PID\AX9_V1.00\source\application\USER\Debug\Obj\FWLIB\stm32f4xx_sdio.o
#        C:\Users\LIANMENG\Desktop\AX9-PROJECT-IAR-PID\AX9_V1.00\source\application\USER\Debug\Obj\FWLIB\stm32f4xx_spdifrx.o
#        C:\Users\LIANMENG\Desktop\AX9-PROJECT-IAR-PID\AX9_V1.00\source\application\USER\Debug\Obj\FWLIB\stm32f4xx_spi.o
#        C:\Users\LIANMENG\Desktop\AX9-PROJECT-IAR-PID\AX9_V1.00\source\application\USER\Debug\Obj\FWLIB\stm32f4xx_syscfg.o
#        C:\Users\LIANMENG\Desktop\AX9-PROJECT-IAR-PID\AX9_V1.00\source\application\USER\Debug\Obj\FWLIB\stm32f4xx_tim.o
#        C:\Users\LIANMENG\Desktop\AX9-PROJECT-IAR-PID\AX9_V1.00\source\application\USER\Debug\Obj\FWLIB\stm32f4xx_usart.o
#        C:\Users\LIANMENG\Desktop\AX9-PROJECT-IAR-PID\AX9_V1.00\source\application\USER\Debug\Obj\FWLIB\stm32f4xx_wwdg.o
#        C:\Users\LIANMENG\Desktop\AX9-PROJECT-IAR-PID\AX9_V1.00\source\application\USER\Debug\Obj\DEVICE\system.o
#        C:\Users\LIANMENG\Desktop\AX9-PROJECT-IAR-PID\AX9_V1.00\source\application\USER\Debug\Obj\CMSIS\system_stm32f4xx.o
#        C:\Users\LIANMENG\Desktop\AX9-PROJECT-IAR-PID\AX9_V1.00\source\application\USER\Debug\Obj\BSP\systick.o
#        C:\Users\LIANMENG\Desktop\AX9-PROJECT-IAR-PID\AX9_V1.00\source\application\USER\Debug\Obj\BSP\timer.o
#        C:\Users\LIANMENG\Desktop\AX9-PROJECT-IAR-PID\AX9_V1.00\source\application\USER\Debug\Obj\DEVICE\tlv5626cd.o
#        C:\Users\LIANMENG\Desktop\AX9-PROJECT-IAR-PID\AX9_V1.00\source\application\USER\Debug\Obj\DEVICE\tmp468.o
#        C:\Users\LIANMENG\Desktop\AX9-PROJECT-IAR-PID\AX9_V1.00\source\application\USER\Debug\Obj\BSP\usart.o
#        C:\Users\LIANMENG\Desktop\AX9-PROJECT-IAR-PID\AX9_V1.00\source\application\USER\Debug\Obj\USB\USB-APP\usb_bsp.o
#        C:\Users\LIANMENG\Desktop\AX9-PROJECT-IAR-PID\AX9_V1.00\source\application\USER\Debug\Obj\USB\USB-OTG\usb_core.o
#        C:\Users\LIANMENG\Desktop\AX9-PROJECT-IAR-PID\AX9_V1.00\source\application\USER\Debug\Obj\USB\USB-OTG\usb_dcd.o
#        C:\Users\LIANMENG\Desktop\AX9-PROJECT-IAR-PID\AX9_V1.00\source\application\USER\Debug\Obj\USB\USB-OTG\usb_dcd_int.o
#        C:\Users\LIANMENG\Desktop\AX9-PROJECT-IAR-PID\AX9_V1.00\source\application\USER\Debug\Obj\USB\USB-DEVICE\usbd_cdc_core.o
#        C:\Users\LIANMENG\Desktop\AX9-PROJECT-IAR-PID\AX9_V1.00\source\application\USER\Debug\Obj\USB\USB-APP\usbd_cdc_vcp.o
#        C:\Users\LIANMENG\Desktop\AX9-PROJECT-IAR-PID\AX9_V1.00\source\application\USER\Debug\Obj\USB\USB-DEVICE\usbd_core.o
#        C:\Users\LIANMENG\Desktop\AX9-PROJECT-IAR-PID\AX9_V1.00\source\application\USER\Debug\Obj\USB\USB-APP\usbd_desc.o
#        C:\Users\LIANMENG\Desktop\AX9-PROJECT-IAR-PID\AX9_V1.00\source\application\USER\Debug\Obj\USB\USB-DEVICE\usbd_ioreq.o
#        C:\Users\LIANMENG\Desktop\AX9-PROJECT-IAR-PID\AX9_V1.00\source\application\USER\Debug\Obj\USB\USB-DEVICE\usbd_req.o
#        C:\Users\LIANMENG\Desktop\AX9-PROJECT-IAR-PID\AX9_V1.00\source\application\USER\Debug\Obj\USB\USB-APP\usbd_usr.o
#        --no_out_extension -o
#        C:\Users\LIANMENG\Desktop\AX9-PROJECT-IAR-PID\AX9_V1.00\source\application\USER\Debug\Exe\AX9.out
#        --map
#        C:\Users\LIANMENG\Desktop\AX9-PROJECT-IAR-PID\AX9_V1.00\source\application\USER\Debug\List\AX9.map
#        --config
#        C:\Users\LIANMENG\Desktop\AX9-PROJECT-IAR-PID\AX9_V1.00\source\application\USER\stm32f405xG.icf
#        --semihosting --entry __iar_program_start --vfe --text_out locale)
#
###############################################################################

*******************************************************************************
*** RUNTIME MODEL ATTRIBUTES
***

CppFlavor       = *
__SystemLibrary = DLib
__dlib_version  = 6


*******************************************************************************
*** HEAP SELECTION
***

The basic heap was selected because no calls to memory allocation
functions were found in the application outside of system library
functions, and there are calls to deallocation functions in the
application.


*******************************************************************************
*** PLACEMENT SUMMARY
***

"A0":  place at address 0x802'0000 { ro section .intvec };
"P1":  place in [from 0x800'0000 to 0x80f'ffff] { ro };
define block CSTACK with size = 8K, alignment = 8 { };
define block HEAP with size = 8K, alignment = 8 { };
"P4":  place in [from 0x2000'0000 to 0x2001'bfff] |
                [from 0x2001'c000 to 0x2001'ffff] {
          rw, block CSTACK, block HEAP };
initialize by copy { rw };

No sections matched the following patterns:

  ro section application_specific_ro  in "P2"
  section .backup_sram                in "P5"
  section .ccram                      in "P3"


  Section            Kind         Address    Size  Object
  -------            ----         -------    ----  ------
"A0":                                       0x188
  .intvec            ro code   0x802'0000   0x188  startup_stm32f40_41xxx.o [3]
                             - 0x802'0188   0x188

"P1":                                      0xe8af
  .text              ro code   0x802'0188  0x13dc  command_process.o [4]
  .text              ro code   0x802'1564    0xa6  ABImemcpy.o [18]
  .text              ro code   0x802'160a     0xe  usbd_usr.o [12]
  .text              ro code   0x802'1618   0x240  ds2431.o [4]
  .text              ro code   0x802'1858   0x114  stm32f4xx_flash.o [5]
  .text              ro code   0x802'196c   0x728  adc.o [2]
  .text              ro code   0x802'2094   0x11e  stm32f4xx_gpio.o [5]
  .rodata            const     0x802'21b2     0x2  os_cfg_app.o [10]
  .text              ro code   0x802'21b4   0xf04  app_adjvol.o [1]
  .text              ro code   0x802'30b8   0x160  stm32f4xx_dma.o [5]
  .text              ro code   0x802'3218   0x1c4  stm32f4xx_rcc.o [5]
  .text              ro code   0x802'33dc    0xe8  systick.o [2]
  .text              ro code   0x802'34c4   0x1c8  stm32f4xx_adc.o [5]
  .text              ro code   0x802'368c    0x1c  U32ToDbl.o [17]
  .text              ro code   0x802'36a8   0x1aa  DblMul.o [17]
  .rodata            const     0x802'3852     0x2  os_cfg_app.o [10]
  .text              ro code   0x802'3854   0x246  DblDiv.o [17]
  .rodata            const     0x802'3a9a     0x2  os_dbg.o [10]
  .text              ro code   0x802'3a9c    0x22  DblToU32.o [17]
  .rodata            const     0x802'3abe     0x2  os_dbg.o [10]
  .text              ro code   0x802'3ac0   0x25e  DblAddSub.o [17]
  .rodata            const     0x802'3d1e     0x2  os_dbg.o [10]
  .text              ro code   0x802'3d20    0x36  DblToS32.o [17]
  .rodata            const     0x802'3d56     0x2  os_dbg.o [10]
  .text              ro code   0x802'3d58    0x28  printf.o [16]
  .text              ro code   0x802'3d80   0x2d0  adjustvoltage.o [4]
  .text              ro code   0x802'4050   0x2b8  os_time.o [10]
  .text              ro code   0x802'4308     0x8  abs.o [16]
  .text              ro code   0x802'4310    0xcc  stm32f4xx_dac.o [5]
  .text              ro code   0x802'43dc   0x150  tlv5626cd.o [4]
  .text              ro code   0x802'452c   0xda8  os_task.o [10]
  .text              ro code   0x802'52d4    0xb8  misc.o [5]
  .text              ro code   0x802'538c   0xb78  os_core.o [10]
  .text              ro code   0x802'5f04   0x136  xprintftiny.o [16]
  .rodata            const     0x802'603a     0x2  os_dbg.o [10]
  .text              ro code   0x802'603c    0x68  DblToFlt.o [17]
  .text              ro code   0x802'60a4    0x48  FltToDbl.o [17]
  .text              ro code   0x802'60ec    0xd8  FltMul.o [17]
  CODE               ro code   0x802'61c4    0x34  cpu_a.o [8]
  .text              ro code   0x802'61f8   0x4f0  os_tick.o [10]
  .text              ro code   0x802'66e8   0x1bc  os_cpu_c.o [9]
  .text              ro code   0x802'68a4    0x4c  bsp.o [6]
  .text              ro code   0x802'68f0   0x428  os_int.o [10]
  .text              ro code   0x802'6d18   0x10c  spi.o [2]
  .text              ro code   0x802'6e24   0x444  system.o [4]
  .text              ro code   0x802'7268   0x190  os_msg.o [10]
  .text              ro code   0x802'73f8    0x94  os_prio.o [10]
  .text              ro code   0x802'748c   0x1e8  os_flag.o [10]
  .text              ro code   0x802'7674    0x1c  os_mem.o [10]
  .text              ro code   0x802'7690   0x4f0  os_mutex.o [10]
  .text              ro code   0x802'7b80   0x104  os_q.o [10]
  .text              ro code   0x802'7c84    0xd0  os_sem.o [10]
  .text              ro code   0x802'7d54   0x520  os_stat.o [10]
  .text              ro code   0x802'8274   0x3f0  os_tmr.o [10]
  .text              ro code   0x802'8664   0x1a8  os_dbg.o [10]
  .text              ro code   0x802'880c    0xe0  os_cfg_app.o [10]
  CODE               ro code   0x802'88ec    0x94  os_cpu_a.o [9]
  .text              ro code   0x802'8980    0x36  strlen.o [18]
  .rodata            const     0x802'89b6     0x2  os_dbg.o [10]
  .text              ro code   0x802'89b8    0x4c  cpu_core.o [8]
  .text              ro code   0x802'8a04    0x6c  stm32f4xx_spi.o [5]
  .text              ro code   0x802'8a70    0x58  lib_mem.o [11]
  .text              ro code   0x802'8ac8   0xa06  usb_core.o [14]
  .rodata            const     0x802'94ce     0x2  os_dbg.o [10]
  .text              ro code   0x802'94d0    0x9a  usb_bsp.o [12]
  .rodata            const     0x802'956a     0x2  os_dbg.o [10]
  .text              ro code   0x802'956c   0x774  usb_dcd_int.o [14]
  .text              ro code   0x802'9ce0   0x70c  gpio.o [2]
  .text              ro code   0x802'a3ec     0xc  stm32f4xx_pwr.o [5]
  .text              ro code   0x802'a3f8   0x676  usbd_req.o [13]
  .text              ro code   0x802'aa6e    0xcc  usbd_ioreq.o [13]
  .text              ro code   0x802'ab3a   0x266  usb_dcd.o [14]
  .text              ro code   0x802'ada0   0x326  usbd_core.o [13]
  .rodata            const     0x802'b0c6     0x2  os_dbg.o [10]
  .text              ro code   0x802'b0c8   0x440  app_sysonoff.o [1]
  .text              ro code   0x802'b508   0x404  bat2.o [4]
  .text              ro code   0x802'b90c    0x66  ABImemset.o [18]
  .rodata            const     0x802'b972     0x2  os_dbg.o [10]
  .text              ro code   0x802'b974    0x22  S32ToDbl.o [17]
  .rodata            const     0x802'b996     0x2  os_dbg.o [10]
  .text              ro code   0x802'b998   0x3c0  bat1.o [4]
  .text              ro code   0x802'bd58   0x390  power.o [4]
  .text              ro code   0x802'c0e8   0x37a  emc2305.o [4]
  .rodata            const     0x802'c462     0x2  os_dbg.o [10]
  .text              ro code   0x802'c464   0x370  tmp468.o [4]
  .text              ro code   0x802'c7d4   0x324  usbd_cdc_core.o [13]
  .text              ro code   0x802'caf8   0x2d8  board.o [2]
  .text              ro code   0x802'cdd0   0x1a0  usart.o [2]
  .text              ro code   0x802'cf70   0x1f8  stm32f4xx_usart.o [5]
  .text              ro code   0x802'd168    0xb8  dma.o [2]
  .text              ro code   0x802'd220    0xa2  nvic.o [2]
  .text              ro code   0x802'd2c2    0x30  dac.o [2]
  .rodata            const     0x802'd2f2     0x2  os_dbg.o [10]
  .text              ro code   0x802'd2f4    0xc0  timer.o [2]
  .text              ro code   0x802'd3b4    0xc0  stm32f4xx_tim.o [5]
  .text              ro code   0x802'd474   0x144  system_stm32f4xx.o [3]
  .text              ro code   0x802'd5b8   0x13e  usbd_desc.o [12]
  .rodata            const     0x802'd6f6     0x2  os_dbg.o [10]
  .text              ro code   0x802'd6f8   0x110  app.o [1]
  .text              ro code   0x802'd808    0x74  app_led.o [1]
  .text              ro code   0x802'd87c    0x98  app_usb.o [1]
  .text              ro code   0x802'd914    0xf4  app_com.o [1]
  .text              ro code   0x802'da08    0xf4  app_comdebug.o [1]
  .text              ro code   0x802'dafc    0x64  app_fan.o [1]
  .text              ro code   0x802'db60    0x68  app_pwrmanager.o [1]
  .text              ro code   0x802'dbc8    0x74  app_temperature.o [1]
  .text              ro code   0x802'dc3c    0x60  usbd_cdc_vcp.o [12]
  .text              ro code   0x802'dc9c    0xa2  packbits_init.o [18]
  .text              ro code   0x802'dd3e     0x6  abort.o [16]
  .text              ro code   0x802'dd44    0x14  exit.o [19]
  .text              ro code   0x802'dd58    0x98  stm32f4xx_it.o [15]
  .rodata            const     0x802'ddf0    0x8c  app_adjvol.o [1]
  .text              ro code   0x802'de7c    0x78  main.o [15]
  .rodata            const     0x802'def4    0x54  app_adjvol.o [1]
  .rodata            const     0x802'df48    0x54  app_adjvol.o [1]
  .rodata            const     0x802'df9c    0x50  app_adjvol.o [1]
  .rodata            const     0x802'dfec    0x50  app_adjvol.o [1]
  .rodata            const     0x802'e03c    0x50  app_adjvol.o [1]
  .rodata            const     0x802'e08c    0x50  app_adjvol.o [1]
  .rodata            const     0x802'e0dc    0x50  app_adjvol.o [1]
  .rodata            const     0x802'e12c    0x3c  app_adjvol.o [1]
  .rodata            const     0x802'e168    0x3c  app_adjvol.o [1]
  .text              ro code   0x802'e1a4    0x38  zero_init3.o [18]
  .rodata            const     0x802'e1dc    0x30  app_adjvol.o [1]
  .rodata            const     0x802'e20c    0x30  os_dbg.o [10]
  .rodata            const     0x802'e23c    0x30  os_dbg.o [10]
  .rodata            const     0x802'e26c    0x2c  os_dbg.o [10]
  .rodata            const     0x802'e298    0x28  os_dbg.o [10]
  .rodata            const     0x802'e2c0    0x28  os_dbg.o [10]
  .text              ro code   0x802'e2e8    0x28  data_init.o [18]
  .rodata            const     0x802'e310    0x24  usbd_desc.o [12]
  .rodata            const     0x802'e334    0x24  usbd_desc.o [12]
  .iar.init_table    const     0x802'e358    0x2c  - Linker created -
  .rodata            const     0x802'e384    0x20  app_adjvol.o [1]
  .rodata            const     0x802'e3a4    0x20  os_dbg.o [10]
  .text              ro code   0x802'e3c4    0x1e  cmain.o [18]
  .text              ro code   0x802'e3e2     0x4  low_level_init.o [16]
  .text              ro code   0x802'e3e6     0x4  exit.o [16]
  .rodata            const     0x802'e3ea     0x2  os_dbg.o [10]
  .text              ro code   0x802'e3ec     0xa  cexit.o [18]
  .rodata            const     0x802'e3f6     0x2  os_dbg.o [10]
  .rodata            const     0x802'e3f8    0x1c  app_adjvol.o [1]
  .rodata            const     0x802'e414    0x1c  main.o [15]
  .rodata            const     0x802'e430    0x1c  os_int.o [10]
  .text              ro code   0x802'e44c    0x1c  cstartup_M.o [18]
  .rodata            const     0x802'e468    0x18  app_temperature.o [1]
  .rodata            const     0x802'e480    0x18  os_tmr.o [10]
  .text              ro code   0x802'e498    0x16  xprout.o [16]
  .rodata            const     0x802'e4ae     0x2  os_dbg.o [10]
  .text              ro code   0x802'e4b0     0xc  putchar.o [16]
  .rodata            const     0x802'e4bc    0x14  app.o [1]
  .rodata            const     0x802'e4d0    0x14  app_adjvol.o [1]
  .rodata            const     0x802'e4e4    0x14  app_comdebug.o [1]
  .rodata            const     0x802'e4f8    0x14  app_pwrmanager.o [1]
  .rodata            const     0x802'e50c    0x14  os_core.o [10]
  .rodata            const     0x802'e520    0x14  os_stat.o [10]
  .rodata            const     0x802'e534    0x14  os_tick.o [10]
  .rodata            const     0x802'e548    0x14  stm32f4xx_it.o [15]
  .rodata            const     0x802'e55c    0x14  usbd_desc.o [12]
  .rodata            const     0x802'e570    0x10  app.o [1]
  .rodata            const     0x802'e580    0x10  app_adjvol.o [1]
  .rodata            const     0x802'e590    0x10  app_adjvol.o [1]
  .rodata            const     0x802'e5a0    0x10  app_com.o [1]
  .rodata            const     0x802'e5b0    0x10  app_fan.o [1]
  .rodata            const     0x802'e5c0    0x10  app_led.o [1]
  .rodata            const     0x802'e5d0    0x10  app_sysonoff.o [1]
  .rodata            const     0x802'e5e0    0x10  app_usb.o [1]
  .rodata            const     0x802'e5f0    0x10  os_tmr.o [10]
  .rodata            const     0x802'e600    0x10  usbd_desc.o [12]
  .text              ro code   0x802'e610    0x10  app_timer.o [1]
  .text              ro code   0x802'e620    0x10  startup_stm32f40_41xxx.o [3]
  .rodata            const     0x802'e630     0xc  app_adjvol.o [1]
  .rodata            const     0x802'e63c     0xc  app_adjvol.o [1]
  .rodata            const     0x802'e648     0xc  os_core.o [10]
  .rodata            const     0x802'e654     0xc  usbd_desc.o [12]
  .rodata            const     0x802'e660     0x8  os_core.o [10]
  .rodata            const     0x802'e668     0x8  os_task.o [10]
  .rodata            const     0x802'e670     0x4  os_cfg_app.o [10]
  .rodata            const     0x802'e674     0x4  os_cfg_app.o [10]
  .rodata            const     0x802'e678     0x4  os_cfg_app.o [10]
  .rodata            const     0x802'e67c     0x4  os_cfg_app.o [10]
  .rodata            const     0x802'e680     0x4  os_cfg_app.o [10]
  .rodata            const     0x802'e684     0x4  os_cfg_app.o [10]
  .rodata            const     0x802'e688     0x4  os_cfg_app.o [10]
  .rodata            const     0x802'e68c     0x4  os_cfg_app.o [10]
  .rodata            const     0x802'e690     0x4  os_cfg_app.o [10]
  .rodata            const     0x802'e694     0x4  os_cfg_app.o [10]
  .rodata            const     0x802'e698     0x4  os_cfg_app.o [10]
  .rodata            const     0x802'e69c     0x4  os_cfg_app.o [10]
  .rodata            const     0x802'e6a0     0x4  os_cfg_app.o [10]
  .rodata            const     0x802'e6a4     0x4  os_cfg_app.o [10]
  .rodata            const     0x802'e6a8     0x4  os_cfg_app.o [10]
  .rodata            const     0x802'e6ac     0x4  os_cfg_app.o [10]
  .rodata            const     0x802'e6b0     0x4  os_cfg_app.o [10]
  .rodata            const     0x802'e6b4     0x4  os_cfg_app.o [10]
  .rodata            const     0x802'e6b8     0x4  os_cfg_app.o [10]
  .rodata            const     0x802'e6bc     0x4  os_cfg_app.o [10]
  .rodata            const     0x802'e6c0     0x4  os_cfg_app.o [10]
  .rodata            const     0x802'e6c4     0x4  os_cfg_app.o [10]
  .rodata            const     0x802'e6c8     0x4  os_cfg_app.o [10]
  .rodata            const     0x802'e6cc     0x4  os_cfg_app.o [10]
  .rodata            const     0x802'e6d0     0x4  os_cfg_app.o [10]
  .rodata            const     0x802'e6d4     0x4  os_cfg_app.o [10]
  .rodata            const     0x802'e6d8     0x4  os_cfg_app.o [10]
  .rodata            const     0x802'e6dc     0x4  os_cfg_app.o [10]
  .rodata            const     0x802'e6e0     0x4  os_cfg_app.o [10]
  .rodata            const     0x802'e6e4     0x4  os_cfg_app.o [10]
  .rodata            const     0x802'e6e8     0x4  os_cfg_app.o [10]
  .rodata            const     0x802'e6ec     0x4  os_cfg_app.o [10]
  .rodata            const     0x802'e6f0     0x4  os_dbg.o [10]
  .rodata            const     0x802'e6f4     0x4  os_dbg.o [10]
  .rodata            const     0x802'e6f8     0x4  os_dbg.o [10]
  .text              ro code   0x802'e6fc     0x4  startup_stm32f40_41xxx.o [3]
  .text              ro code   0x802'e700     0x4  startup_stm32f40_41xxx.o [3]
  .text              ro code   0x802'e704     0x4  startup_stm32f40_41xxx.o [3]
  .text              ro code   0x802'e708     0x4  startup_stm32f40_41xxx.o [3]
  .text              ro code   0x802'e70c     0x4  startup_stm32f40_41xxx.o [3]
  .text              ro code   0x802'e710     0x4  startup_stm32f40_41xxx.o [3]
  .text              ro code   0x802'e714     0x4  startup_stm32f40_41xxx.o [3]
  .text              ro code   0x802'e718     0x4  startup_stm32f40_41xxx.o [3]
  .text              ro code   0x802'e71c     0x4  startup_stm32f40_41xxx.o [3]
  .text              ro code   0x802'e720     0x4  startup_stm32f40_41xxx.o [3]
  .text              ro code   0x802'e724     0x4  startup_stm32f40_41xxx.o [3]
  .text              ro code   0x802'e728     0x4  startup_stm32f40_41xxx.o [3]
  .text              ro code   0x802'e72c     0x4  startup_stm32f40_41xxx.o [3]
  .text              ro code   0x802'e730     0x4  startup_stm32f40_41xxx.o [3]
  .text              ro code   0x802'e734     0x4  startup_stm32f40_41xxx.o [3]
  .text              ro code   0x802'e738     0x4  startup_stm32f40_41xxx.o [3]
  .text              ro code   0x802'e73c     0x4  startup_stm32f40_41xxx.o [3]
  .text              ro code   0x802'e740     0x4  startup_stm32f40_41xxx.o [3]
  .text              ro code   0x802'e744     0x4  startup_stm32f40_41xxx.o [3]
  .text              ro code   0x802'e748     0x4  startup_stm32f40_41xxx.o [3]
  .text              ro code   0x802'e74c     0x4  startup_stm32f40_41xxx.o [3]
  .text              ro code   0x802'e750     0x4  startup_stm32f40_41xxx.o [3]
  .text              ro code   0x802'e754     0x4  startup_stm32f40_41xxx.o [3]
  .text              ro code   0x802'e758     0x4  startup_stm32f40_41xxx.o [3]
  .text              ro code   0x802'e75c     0x4  startup_stm32f40_41xxx.o [3]
  .text              ro code   0x802'e760     0x4  startup_stm32f40_41xxx.o [3]
  .text              ro code   0x802'e764     0x4  startup_stm32f40_41xxx.o [3]
  .text              ro code   0x802'e768     0x4  startup_stm32f40_41xxx.o [3]
  .text              ro code   0x802'e76c     0x4  startup_stm32f40_41xxx.o [3]
  .text              ro code   0x802'e770     0x4  startup_stm32f40_41xxx.o [3]
  .text              ro code   0x802'e774     0x4  startup_stm32f40_41xxx.o [3]
  .text              ro code   0x802'e778     0x4  startup_stm32f40_41xxx.o [3]
  .text              ro code   0x802'e77c     0x4  startup_stm32f40_41xxx.o [3]
  .text              ro code   0x802'e780     0x4  startup_stm32f40_41xxx.o [3]
  .text              ro code   0x802'e784     0x4  startup_stm32f40_41xxx.o [3]
  .text              ro code   0x802'e788     0x4  startup_stm32f40_41xxx.o [3]
  .text              ro code   0x802'e78c     0x4  startup_stm32f40_41xxx.o [3]
  .text              ro code   0x802'e790     0x4  startup_stm32f40_41xxx.o [3]
  .text              ro code   0x802'e794     0x4  startup_stm32f40_41xxx.o [3]
  .text              ro code   0x802'e798     0x4  startup_stm32f40_41xxx.o [3]
  .text              ro code   0x802'e79c     0x4  startup_stm32f40_41xxx.o [3]
  .text              ro code   0x802'e7a0     0x4  startup_stm32f40_41xxx.o [3]
  .text              ro code   0x802'e7a4     0x4  startup_stm32f40_41xxx.o [3]
  .text              ro code   0x802'e7a8     0x4  startup_stm32f40_41xxx.o [3]
  .text              ro code   0x802'e7ac     0x4  startup_stm32f40_41xxx.o [3]
  .text              ro code   0x802'e7b0     0x4  startup_stm32f40_41xxx.o [3]
  .text              ro code   0x802'e7b4     0x4  startup_stm32f40_41xxx.o [3]
  .text              ro code   0x802'e7b8     0x4  startup_stm32f40_41xxx.o [3]
  .text              ro code   0x802'e7bc     0x4  startup_stm32f40_41xxx.o [3]
  .text              ro code   0x802'e7c0     0x4  startup_stm32f40_41xxx.o [3]
  .text              ro code   0x802'e7c4     0x4  startup_stm32f40_41xxx.o [3]
  .text              ro code   0x802'e7c8     0x4  startup_stm32f40_41xxx.o [3]
  .text              ro code   0x802'e7cc     0x4  startup_stm32f40_41xxx.o [3]
  .text              ro code   0x802'e7d0     0x4  startup_stm32f40_41xxx.o [3]
  .text              ro code   0x802'e7d4     0x4  startup_stm32f40_41xxx.o [3]
  .text              ro code   0x802'e7d8     0x4  startup_stm32f40_41xxx.o [3]
  .text              ro code   0x802'e7dc     0x4  startup_stm32f40_41xxx.o [3]
  .text              ro code   0x802'e7e0     0x4  startup_stm32f40_41xxx.o [3]
  .text              ro code   0x802'e7e4     0x4  startup_stm32f40_41xxx.o [3]
  .text              ro code   0x802'e7e8     0x4  startup_stm32f40_41xxx.o [3]
  .text              ro code   0x802'e7ec     0x4  startup_stm32f40_41xxx.o [3]
  .text              ro code   0x802'e7f0     0x4  startup_stm32f40_41xxx.o [3]
  .text              ro code   0x802'e7f4     0x4  startup_stm32f40_41xxx.o [3]
  .text              ro code   0x802'e7f8     0x4  startup_stm32f40_41xxx.o [3]
  .text              ro code   0x802'e7fc     0x4  startup_stm32f40_41xxx.o [3]
  .text              ro code   0x802'e800     0x4  startup_stm32f40_41xxx.o [3]
  .text              ro code   0x802'e804     0x4  startup_stm32f40_41xxx.o [3]
  .text              ro code   0x802'e808     0x4  startup_stm32f40_41xxx.o [3]
  .text              ro code   0x802'e80c     0x4  startup_stm32f40_41xxx.o [3]
  .text              ro code   0x802'e810     0x4  startup_stm32f40_41xxx.o [3]
  .text              ro code   0x802'e814     0x4  startup_stm32f40_41xxx.o [3]
  .text              ro code   0x802'e818     0x4  startup_stm32f40_41xxx.o [3]
  .text              ro code   0x802'e81c     0x4  startup_stm32f40_41xxx.o [3]
  .text              ro code   0x802'e820     0x4  startup_stm32f40_41xxx.o [3]
  .text              ro code   0x802'e824     0x4  startup_stm32f40_41xxx.o [3]
  .text              ro code   0x802'e828     0x4  startup_stm32f40_41xxx.o [3]
  .rodata            const     0x802'e82c     0x2  os_dbg.o [10]
  .rodata            const     0x802'e82e     0x2  os_dbg.o [10]
  .rodata            const     0x802'e830     0x2  os_dbg.o [10]
  .rodata            const     0x802'e832     0x2  os_dbg.o [10]
  .rodata            const     0x802'e834     0x2  os_dbg.o [10]
  .rodata            const     0x802'e836     0x1  os_cfg_app.o [10]
  .rodata            const     0x802'e837     0x1  os_cfg_app.o [10]
  .rodata            const     0x802'e838     0x1  os_cfg_app.o [10]
  .rodata            const     0x802'e839     0x1  os_dbg.o [10]
  .rodata            const     0x802'e83a     0x1  os_dbg.o [10]
  .rodata            const     0x802'e83b     0x1  os_dbg.o [10]
  .rodata            const     0x802'e83c     0x1  os_dbg.o [10]
  .rodata            const     0x802'e83d     0x1  os_dbg.o [10]
  .rodata            const     0x802'e83e     0x1  os_dbg.o [10]
  .rodata            const     0x802'e83f     0x1  os_dbg.o [10]
  .rodata            const     0x802'e840     0x1  os_dbg.o [10]
  .rodata            const     0x802'e841     0x1  os_dbg.o [10]
  .rodata            const     0x802'e842     0x1  os_dbg.o [10]
  .rodata            const     0x802'e843     0x1  os_dbg.o [10]
  .rodata            const     0x802'e844     0x1  os_dbg.o [10]
  .rodata            const     0x802'e845     0x1  os_dbg.o [10]
  .rodata            const     0x802'e846     0x1  os_dbg.o [10]
  .rodata            const     0x802'e847     0x1  os_dbg.o [10]
  .rodata            const     0x802'e848     0x1  os_dbg.o [10]
  .rodata            const     0x802'e849     0x1  os_dbg.o [10]
  .rodata            const     0x802'e84a     0x1  os_dbg.o [10]
  .rodata            const     0x802'e84b     0x1  os_dbg.o [10]
  .rodata            const     0x802'e84c     0x1  os_dbg.o [10]
  .rodata            const     0x802'e84d     0x1  os_dbg.o [10]
  .rodata            const     0x802'e84e     0x1  os_dbg.o [10]
  .rodata            const     0x802'e84f     0x1  os_dbg.o [10]
  .rodata            const     0x802'e850     0x1  os_dbg.o [10]
  .rodata            const     0x802'e851     0x1  os_dbg.o [10]
  .rodata            const     0x802'e852     0x1  os_dbg.o [10]
  .rodata            const     0x802'e853     0x1  os_dbg.o [10]
  .rodata            const     0x802'e854     0x1  os_dbg.o [10]
  .rodata            const     0x802'e855     0x1  os_dbg.o [10]
  .rodata            const     0x802'e856     0x1  os_dbg.o [10]
  .rodata            const     0x802'e857     0x1  os_dbg.o [10]
  .rodata            const     0x802'e858     0x1  os_dbg.o [10]
  .rodata            const     0x802'e859     0x1  os_dbg.o [10]
  .rodata            const     0x802'e85a     0x1  os_dbg.o [10]
  .rodata            const     0x802'e85b     0x1  os_dbg.o [10]
  .rodata            const     0x802'e85c     0x1  os_dbg.o [10]
  .rodata            const     0x802'e85d     0x1  os_dbg.o [10]
  .rodata            const     0x802'e85e     0x1  os_dbg.o [10]
  .rodata            const     0x802'e85f     0x1  os_dbg.o [10]
  .rodata            const     0x802'e860     0x0  zero_init3.o [18]
  .rodata            const     0x802'e860     0x0  packbits_init.o [18]
  Initializer bytes  const     0x802'e860   0x1d7  <for P4 s0>
                             - 0x802'ea37  0xe8af

"P4", part 1 of 3:                          0x290
  P4 s0                       0x2000'0000   0x290  <Init block>
    .data            inited   0x2000'0000    0x94  system.o [4]
    .data            inited   0x2000'0094    0x48  xfiles.o [16]
    .data            inited   0x2000'00dc    0x44  usbd_cdc_core.o [13]
    .data            inited   0x2000'0120    0x34  command_process.o [4]
    .data            inited   0x2000'0154    0x2c  usbd_cdc_core.o [13]
    .data            inited   0x2000'0180    0x2c  usbd_core.o [13]
    .data            inited   0x2000'01ac    0x1c  usbd_desc.o [12]
    .data            inited   0x2000'01c8    0x1c  usbd_desc.o [12]
    .data            inited   0x2000'01e4    0x1c  usbd_usr.o [12]
    .data            inited   0x2000'0200    0x14  usbd_cdc_vcp.o [12]
    .data            inited   0x2000'0214    0x14  usbd_desc.o [12]
    .data            inited   0x2000'0228    0x10  stm32f4xx_rcc.o [5]
    .data            inited   0x2000'0238     0xc  command_process.o [4]
    .data            inited   0x2000'0244     0xc  command_process.o [4]
    .data            inited   0x2000'0250     0xc  command_process.o [4]
    .data            inited   0x2000'025c     0x8  command_process.o [4]
    .data            inited   0x2000'0264     0x8  usart.o [2]
    .data            inited   0x2000'026c     0x8  usart.o [2]
    .data            inited   0x2000'0274     0x8  usart.o [2]
    .data            inited   0x2000'027c     0x8  usart.o [2]
    .data            inited   0x2000'0284     0x4  usbd_cdc_core.o [13]
    .data            inited   0x2000'0288     0x4  usbd_core.o [13]
    .data            inited   0x2000'028c     0x4  usbd_desc.o [12]
                            - 0x2000'0290   0x290

"P4", part 2 of 3:                         0x6f3c
  .bss               zero     0x2000'0290  0x1000  app_adjvol.o [1]
  .bss               zero     0x2000'1290   0x800  app_sysonoff.o [1]
  .bss               zero     0x2000'1a90   0x800  usbd_cdc_core.o [13]
  .bss               zero     0x2000'2290   0x640  os_cfg_app.o [10]
  .bss               zero     0x2000'28d0   0x5f4  app_sysonoff.o [1]
  .bss               zero     0x2000'2ec4   0x400  app.o [1]
  .bss               zero     0x2000'32c4   0x400  app_com.o [1]
  .bss               zero     0x2000'36c4   0x400  app_comdebug.o [1]
  .bss               zero     0x2000'3ac4   0x400  app_fan.o [1]
  .bss               zero     0x2000'3ec4   0x400  app_led.o [1]
  .bss               zero     0x2000'42c4   0x400  app_pwrmanager.o [1]
  .bss               zero     0x2000'46c4   0x400  app_temperature.o [1]
  .bss               zero     0x2000'4ac4   0x400  app_usb.o [1]
  .bss               zero     0x2000'4ec4   0x300  os_var.o [10]
  .bss               zero     0x2000'51c4   0x230  adc.o [2]
  .bss               zero     0x2000'53f4   0x200  os_cfg_app.o [10]
  .bss               zero     0x2000'55f4   0x200  os_cfg_app.o [10]
  .bss               zero     0x2000'57f4   0x200  os_cfg_app.o [10]
  .bss               zero     0x2000'59f4   0x200  os_cfg_app.o [10]
  .bss               zero     0x2000'5bf4   0x200  os_cfg_app.o [10]
  .bss               zero     0x2000'5df4   0x200  os_cfg_app.o [10]
  .bss               zero     0x2000'5ff4   0x140  os_cfg_app.o [10]
  .bss               zero     0x2000'6134   0x100  usbd_desc.o [12]
  .bss               zero     0x2000'6234    0xc0  app.o [1]
  .bss               zero     0x2000'62f4    0xc0  app_adjvol.o [1]
  .bss               zero     0x2000'63b4    0xc0  app_com.o [1]
  .bss               zero     0x2000'6474    0xc0  app_comdebug.o [1]
  .bss               zero     0x2000'6534    0xc0  app_fan.o [1]
  .bss               zero     0x2000'65f4    0xc0  app_led.o [1]
  .bss               zero     0x2000'66b4    0xc0  app_pwrmanager.o [1]
  .bss               zero     0x2000'6774    0xc0  app_sysonoff.o [1]
  .bss               zero     0x2000'6834    0xc0  app_temperature.o [1]
  .bss               zero     0x2000'68f4    0xc0  app_usb.o [1]
  .bss               zero     0x2000'69b4    0xc0  os_var.o [10]
  .bss               zero     0x2000'6a74    0xc0  os_var.o [10]
  .bss               zero     0x2000'6b34    0xc0  os_var.o [10]
  .bss               zero     0x2000'6bf4    0xc0  os_var.o [10]
  .bss               zero     0x2000'6cb4    0xc0  os_var.o [10]
  .bss               zero     0x2000'6d74    0x64  command_process.o [4]
  .bss               zero     0x2000'6dd8    0x64  command_process.o [4]
  .bss               zero     0x2000'6e3c    0x64  usart.o [2]
  .bss               zero     0x2000'6ea0    0x64  usart.o [2]
  .bss               zero     0x2000'6f04    0x50  adc.o [2]
  .bss               zero     0x2000'6f54    0x50  xfiles.o [16]
  .bss               zero     0x2000'6fa4    0x40  app_usb.o [1]
  .bss               zero     0x2000'6fe4    0x40  usbd_cdc_core.o [13]
  .bss               zero     0x2000'7024    0x30  app.o [1]
  .bss               zero     0x2000'7054    0x2c  os_var.o [10]
  .bss               zero     0x2000'7080    0x10  cpu_core.o [8]
  .bss               zero     0x2000'7090    0x10  ds2431.o [4]
  .bss               zero     0x2000'70a0     0xc  os_var.o [10]
  .bss               zero     0x2000'70ac     0x8  os_prio.o [10]
  .bss               zero     0x2000'70b4     0x8  os_var.o [10]
  .bss               zero     0x2000'70bc     0x8  os_var.o [10]
  .bss               zero     0x2000'70c4     0x8  usbd_cdc_core.o [13]
  .bss               zero     0x2000'70cc     0x4  cpu_core.o [8]
  .bss               zero     0x2000'70d0     0x4  os_cpu_c.o [9]
  .bss               zero     0x2000'70d4     0x4  os_var.o [10]
  .bss               zero     0x2000'70d8     0x4  os_var.o [10]
  .bss               zero     0x2000'70dc     0x4  os_var.o [10]
  .bss               zero     0x2000'70e0     0x4  os_var.o [10]
  .bss               zero     0x2000'70e4     0x4  os_var.o [10]
  .bss               zero     0x2000'70e8     0x4  os_var.o [10]
  .bss               zero     0x2000'70ec     0x4  os_var.o [10]
  .bss               zero     0x2000'70f0     0x4  os_var.o [10]
  .bss               zero     0x2000'70f4     0x4  os_var.o [10]
  .bss               zero     0x2000'70f8     0x4  os_var.o [10]
  .bss               zero     0x2000'70fc     0x4  os_var.o [10]
  .bss               zero     0x2000'7100     0x4  os_var.o [10]
  .bss               zero     0x2000'7104     0x4  os_var.o [10]
  .bss               zero     0x2000'7108     0x4  os_var.o [10]
  .bss               zero     0x2000'710c     0x4  os_var.o [10]
  .bss               zero     0x2000'7110     0x4  os_var.o [10]
  .bss               zero     0x2000'7114     0x4  os_var.o [10]
  .bss               zero     0x2000'7118     0x4  os_var.o [10]
  .bss               zero     0x2000'711c     0x4  os_var.o [10]
  .bss               zero     0x2000'7120     0x4  os_var.o [10]
  .bss               zero     0x2000'7124     0x4  os_var.o [10]
  .bss               zero     0x2000'7128     0x4  os_var.o [10]
  .bss               zero     0x2000'712c     0x4  os_var.o [10]
  .bss               zero     0x2000'7130     0x4  os_var.o [10]
  .bss               zero     0x2000'7134     0x4  os_var.o [10]
  .bss               zero     0x2000'7138     0x4  os_var.o [10]
  .bss               zero     0x2000'713c     0x4  os_var.o [10]
  .bss               zero     0x2000'7140     0x4  os_var.o [10]
  .bss               zero     0x2000'7144     0x4  os_var.o [10]
  .bss               zero     0x2000'7148     0x4  os_var.o [10]
  .bss               zero     0x2000'714c     0x4  os_var.o [10]
  .bss               zero     0x2000'7150     0x4  os_var.o [10]
  .bss               zero     0x2000'7154     0x4  os_var.o [10]
  .bss               zero     0x2000'7158     0x4  os_var.o [10]
  .bss               zero     0x2000'715c     0x4  os_var.o [10]
  .bss               zero     0x2000'7160     0x4  os_var.o [10]
  .bss               zero     0x2000'7164     0x4  systick.o [2]
  .bss               zero     0x2000'7168     0x4  usbd_cdc_core.o [13]
  .bss               zero     0x2000'716c     0x4  usbd_cdc_core.o [13]
  .bss               zero     0x2000'7170     0x4  usbd_cdc_core.o [13]
  .bss               zero     0x2000'7174     0x4  usbd_cdc_core.o [13]
  .bss               zero     0x2000'7178     0x4  usbd_cdc_core.o [13]
  .bss               zero     0x2000'717c     0x4  usbd_cdc_core.o [13]
  .bss               zero     0x2000'7180     0x4  usbd_cdc_vcp.o [12]
  .bss               zero     0x2000'7184     0x4  usbd_core.o [13]
  .bss               zero     0x2000'7188     0x4  usbd_req.o [13]
  .bss               zero     0x2000'718c     0x4  usbd_req.o [13]
  .bss               zero     0x2000'7190     0x4  usbd_req.o [13]
  .bss               zero     0x2000'7194     0x2  app_sysonoff.o [1]
  .bss               zero     0x2000'7196     0x2  os_var.o [10]
  .bss               zero     0x2000'7198     0x2  os_var.o [10]
  .bss               zero     0x2000'719a     0x2  os_var.o [10]
  .bss               zero     0x2000'719c     0x2  os_var.o [10]
  .bss               zero     0x2000'719e     0x2  os_var.o [10]
  .bss               zero     0x2000'71a0     0x2  os_var.o [10]
  .bss               zero     0x2000'71a2     0x2  os_var.o [10]
  .bss               zero     0x2000'71a4     0x2  os_var.o [10]
  .bss               zero     0x2000'71a6     0x2  os_var.o [10]
  .bss               zero     0x2000'71a8     0x2  os_var.o [10]
  .bss               zero     0x2000'71aa     0x2  os_var.o [10]
  .bss               zero     0x2000'71ac     0x2  os_var.o [10]
  .bss               zero     0x2000'71ae     0x2  os_var.o [10]
  .bss               zero     0x2000'71b0     0x2  power.o [4]
  .bss               zero     0x2000'71b2     0x2  power.o [4]
  .bss               zero     0x2000'71b4     0x2  system.o [4]
  .bss               zero     0x2000'71b6     0x1  app_sysonoff.o [1]
  .bss               zero     0x2000'71b7     0x1  os_var.o [10]
  .bss               zero     0x2000'71b8     0x1  os_var.o [10]
  .bss               zero     0x2000'71b9     0x1  os_var.o [10]
  .bss               zero     0x2000'71ba     0x1  os_var.o [10]
  .bss               zero     0x2000'71bb     0x1  os_var.o [10]
  .bss               zero     0x2000'71bc     0x1  os_var.o [10]
  .bss               zero     0x2000'71bd     0x1  os_var.o [10]
  .bss               zero     0x2000'71be     0x1  os_var.o [10]
  .bss               zero     0x2000'71bf     0x1  os_var.o [10]
  .bss               zero     0x2000'71c0     0x1  os_var.o [10]
  .bss               zero     0x2000'71c1     0x1  power.o [4]
  .bss               zero     0x2000'71c2     0x1  power.o [4]
  .bss               zero     0x2000'71c3     0x1  system.o [4]
  .bss               zero     0x2000'71c4     0x1  system.o [4]
  .bss               zero     0x2000'71c5     0x1  system.o [4]
  .bss               zero     0x2000'71c6     0x1  system.o [4]
  .bss               zero     0x2000'71c7     0x1  system.o [4]
  .bss               zero     0x2000'71c8     0x1  usbd_cdc_core.o [13]
  .bss               zero     0x2000'71c9     0x1  usbd_req.o [13]
                            - 0x2000'71ca  0x6f3a

"P4", part 3 of 3:                         0x2000
  CSTACK                      0x2000'71d0  0x2000  <Block>
    CSTACK           uninit   0x2000'71d0  0x2000  <Block tail>
                            - 0x2000'91d0  0x2000

Unused ranges:

         From           To      Size
         ----           --      ----
   0x800'0000   0x801'ffff  0x2'0000
   0x802'ea37   0x80f'ffff  0xd'15c9
  0x2000'71cc  0x2000'71cf       0x4
  0x2000'91d0  0x2001'bfff  0x1'2e30
  0x2001'c000  0x2001'ffff    0x4000


*******************************************************************************
*** INIT TABLE
***

          Address      Size
          -------      ----
Zero (__iar_zero_init3)
    1 destination range, total size 0x6f3a:
          0x2000'0290  0x6f3a

Copy/packbits (__iar_packbits_init3)
    1 source range, total size 0x1d7 (71% of destination):
           0x802'e860   0x1d7
    1 destination range, total size 0x290:
          0x2000'0000   0x290



*******************************************************************************
*** MODULE SUMMARY
***

    Module                    ro code  ro data  rw data
    ------                    -------  -------  -------
command line/config:
    ---------------------------------------------------
    Total:

C:\Users\LIANMENG\Desktop\AX9-PROJECT-IAR-PID\AX9_V1.00\source\application\USER\Debug\Obj\APP: [1]
    app.o                         272       36    1'264
    app_adjvol.o                3'844    1'012    4'288
    app_com.o                     244       16    1'216
    app_comdebug.o                244       20    1'216
    app_fan.o                     100       16    1'216
    app_led.o                     116       16    1'216
    app_pwrmanager.o              104       20    1'216
    app_sysonoff.o              1'088       16    3'767
    app_temperature.o             116       24    1'216
    app_timer.o                    16
    app_usb.o                     152       16    1'280
    ---------------------------------------------------
    Total:                      6'296    1'192   17'895

C:\Users\LIANMENG\Desktop\AX9-PROJECT-IAR-PID\AX9_V1.00\source\application\USER\Debug\Obj\BSP: [2]
    adc.o                       1'832               640
    board.o                       728
    dac.o                          48
    dma.o                         184
    gpio.o                      1'804
    nvic.o                        162
    spi.o                         268
    systick.o                     232                 4
    timer.o                       192
    usart.o                       416       23      232
    ---------------------------------------------------
    Total:                      5'866       23      876

C:\Users\LIANMENG\Desktop\AX9-PROJECT-IAR-PID\AX9_V1.00\source\application\USER\Debug\Obj\CMSIS: [3]
    startup_stm32f40_41xxx.o      712
    system_stm32f4xx.o            324
    ---------------------------------------------------
    Total:                      1'036

C:\Users\LIANMENG\Desktop\AX9-PROJECT-IAR-PID\AX9_V1.00\source\application\USER\Debug\Obj\DEVICE: [4]
    adjustvoltage.o               720
    bat1.o                        960
    bat2.o                      1'028
    command_process.o           5'084       70      296
    ds2431.o                      576                16
    emc2305.o                     890
    power.o                       912                 6
    system.o                    1'092      106      155
    tlv5626cd.o                   336
    tmp468.o                      880
    ---------------------------------------------------
    Total:                     12'478      176      473

C:\Users\LIANMENG\Desktop\AX9-PROJECT-IAR-PID\AX9_V1.00\source\application\USER\Debug\Obj\FWLIB: [5]
    misc.o                        184
    stm32f4xx_adc.o               456
    stm32f4xx_dac.o               204
    stm32f4xx_dma.o               352
    stm32f4xx_flash.o             276
    stm32f4xx_gpio.o              286
    stm32f4xx_pwr.o                12
    stm32f4xx_rcc.o               452       11       16
    stm32f4xx_spi.o               108
    stm32f4xx_tim.o               192
    stm32f4xx_usart.o             504
    ---------------------------------------------------
    Total:                      3'026       11       16

C:\Users\LIANMENG\Desktop\AX9-PROJECT-IAR-PID\AX9_V1.00\source\application\USER\Debug\Obj\UCOSIII\uCOS-BSP: [6]
    bsp.o                          76
    ---------------------------------------------------
    Total:                         76

C:\Users\LIANMENG\Desktop\AX9-PROJECT-IAR-PID\AX9_V1.00\source\application\USER\Debug\Obj\UCOSIII\uCOS-CONFIG: [7]
    ---------------------------------------------------
    Total:

C:\Users\LIANMENG\Desktop\AX9-PROJECT-IAR-PID\AX9_V1.00\source\application\USER\Debug\Obj\UCOSIII\uCOS-CPU: [8]
    cpu_a.o                        52
    cpu_core.o                     76                20
    ---------------------------------------------------
    Total:                        128                20

C:\Users\LIANMENG\Desktop\AX9-PROJECT-IAR-PID\AX9_V1.00\source\application\USER\Debug\Obj\UCOSIII\uCOS-III\Port: [9]
    os_cpu_a.o                    148
    os_cpu_c.o                    444                 4
    ---------------------------------------------------
    Total:                        592                 4

C:\Users\LIANMENG\Desktop\AX9-PROJECT-IAR-PID\AX9_V1.00\source\application\USER\Debug\Obj\UCOSIII\uCOS-III\Source: [10]
    os_cfg_app.o                  224      135    4'992
    os_core.o                   2'936       40
    os_dbg.o                      424      347
    os_flag.o                     488
    os_int.o                    1'064       28
    os_mem.o                       28
    os_msg.o                      400
    os_mutex.o                  1'264
    os_prio.o                     148                 8
    os_q.o                        260
    os_sem.o                      208
    os_stat.o                   1'312       20
    os_task.o                   3'496        8
    os_tick.o                   1'264       20
    os_time.o                     696
    os_tmr.o                    1'008       40
    os_var.o                                      1'980
    ---------------------------------------------------
    Total:                     15'220      638    6'980

C:\Users\LIANMENG\Desktop\AX9-PROJECT-IAR-PID\AX9_V1.00\source\application\USER\Debug\Obj\UCOSIII\uCOSIII-LIB: [11]
    lib_mem.o                      88
    ---------------------------------------------------
    Total:                         88

C:\Users\LIANMENG\Desktop\AX9-PROJECT-IAR-PID\AX9_V1.00\source\application\USER\Debug\Obj\USB\USB-APP: [12]
    usb_bsp.o                     154
    usbd_cdc_vcp.o                 96       14       24
    usbd_desc.o                   318      178      336
    usbd_usr.o                     14       20       28
    ---------------------------------------------------
    Total:                        582      212      388

C:\Users\LIANMENG\Desktop\AX9-PROJECT-IAR-PID\AX9_V1.00\source\application\USER\Debug\Obj\USB\USB-DEVICE: [13]
    usbd_cdc_core.o               804       83    2'261
    usbd_core.o                   806       35       52
    usbd_ioreq.o                  204
    usbd_req.o                  1'654                13
    ---------------------------------------------------
    Total:                      3'468      118    2'326

C:\Users\LIANMENG\Desktop\AX9-PROJECT-IAR-PID\AX9_V1.00\source\application\USER\Debug\Obj\USB\USB-OTG: [14]
    usb_core.o                  2'566
    usb_dcd.o                     614
    usb_dcd_int.o               1'908
    ---------------------------------------------------
    Total:                      5'088

C:\Users\LIANMENG\Desktop\AX9-PROJECT-IAR-PID\AX9_V1.00\source\application\USER\Debug\Obj\USER: [15]
    main.o                        120       28
    stm32f4xx_it.o                152       20
    ---------------------------------------------------
    Total:                        272       48

dl7M_tlf.a: [16]
    abort.o                         6
    abs.o                           8
    exit.o                          4
    low_level_init.o                4
    printf.o                       40
    putchar.o                      12
    xfiles.o                                51      152
    xprintftiny.o                 310
    xprout.o                       22
    ---------------------------------------------------
    Total:                        406       51      152

m7M_tl.a: [17]
    DblAddSub.o                   606
    DblDiv.o                      582
    DblMul.o                      426
    DblToFlt.o                    104
    DblToS32.o                     54
    DblToU32.o                     34
    FltMul.o                      216
    FltToDbl.o                     72
    S32ToDbl.o                     34
    U32ToDbl.o                     28
    ---------------------------------------------------
    Total:                      2'156

rt7M_tl.a: [18]
    ABImemcpy.o                   166
    ABImemset.o                   102
    cexit.o                        10
    cmain.o                        30
    cstartup_M.o                   28
    data_init.o                    40
    packbits_init.o               162
    strlen.o                       54
    zero_init3.o                   56
    ---------------------------------------------------
    Total:                        648

shb_l.a: [19]
    exit.o                         20
    ---------------------------------------------------
    Total:                         20

    Linker created                          44    8'192
-------------------------------------------------------
    Grand Total:               57'446    2'513   37'322


*******************************************************************************
*** ENTRY LIST
***

Entry                       Address    Size  Type      Object
-----                       -------    ----  ----      ------
.iar.init_table$$Base    0x802'e358           --   Gb  - Linker created -
.iar.init_table$$Limit   0x802'e384           --   Gb  - Linker created -
?main                    0x802'e3c5          Code  Gb  cmain.o [18]
ADC_Cmd                  0x802'352f    0x1a  Code  Gb  stm32f4xx_adc.o [5]
ADC_CommonInit           0x802'350f    0x20  Code  Gb  stm32f4xx_adc.o [5]
ADC_DMACmd               0x802'3649    0x1a  Code  Gb  stm32f4xx_adc.o [5]
ADC_DMARequestAfterLastTransferCmd
                         0x802'3663    0x1a  Code  Gb  stm32f4xx_adc.o [5]
ADC_Init                 0x802'34c5    0x4a  Code  Gb  stm32f4xx_adc.o [5]
ADC_RegularChannelConfig
                         0x802'356b    0xd4  Code  Gb  stm32f4xx_adc.o [5]
ADC_SoftwareStartConv    0x802'363f     0xa  Code  Gb  stm32f4xx_adc.o [5]
ADC_TempSensorVrefintCmd
                         0x802'3549    0x22  Code  Gb  stm32f4xx_adc.o [5]
APBAHBPrescTable        0x2000'0228    0x10  Data  Lc  stm32f4xx_rcc.o [5]
APP_Rx_Buffer           0x2000'1a90   0x800  Data  Gb  usbd_cdc_core.o [13]
APP_Rx_length           0x2000'7174     0x4  Data  Gb  usbd_cdc_core.o [13]
APP_Rx_ptr_in           0x2000'716c     0x4  Data  Gb  usbd_cdc_core.o [13]
APP_Rx_ptr_out          0x2000'7170     0x4  Data  Gb  usbd_cdc_core.o [13]
Adc1_Config              0x802'cc69    0x2a  Code  Gb  board.o [2]
Adc1_GetMcuInternalTemperature
                         0x802'1fd1    0x42  Code  Gb  adc.o [2]
Adc1_ReadConvertValue    0x802'1f0b    0xc6  Code  Gb  adc.o [2]
Adc3_Config              0x802'cbb5    0xb4  Code  Gb  board.o [2]
Adc3_GetAdjVoltage       0x802'1ac5   0x174  Code  Gb  adc.o [2]
Adc3_GetFixVoltage       0x802'1c39   0x2d2  Code  Gb  adc.o [2]
Adc3_ReadConvertValue    0x802'19f9    0xcc  Code  Gb  adc.o [2]
Adc_1_ConValue          0x2000'6f04    0x50  Data  Gb  adc.o [2]
Adc_3_ConValue          0x2000'51c4   0x230  Data  Gb  adc.o [2]
Adc_Init                 0x802'196d    0x8c  Code  Gb  adc.o [2]
AdjVolTcb               0x2000'62f4    0xc0  Data  Gb  app_adjvol.o [1]
AdjVol_Result_Send       0x802'21b5    0xcc  Code  Gb  app_adjvol.o [1]
Adjust_Cw_Reset          0x802'3f59     0xc  Code  Gb  adjustvoltage.o [4]
Adjust_Hv_Reset          0x802'3f29    0x30  Code  Gb  adjustvoltage.o [4]
Adjust_Voltage_CW        0x802'3fc1    0x3e  Code  Gb  adjustvoltage.o [4]
Adjust_Voltage_HV        0x802'3f89    0x38  Code  Gb  adjustvoltage.o [4]
Adjust_Voltage_Init      0x802'3f65    0x24  Code  Gb  adjustvoltage.o [4]
Adjust_Voltage_Pcw_Ncw   0x802'3ef1    0x38  Code  Gb  adjustvoltage.o [4]
Adjust_Voltage_Vnn1_Vnn2
                         0x802'3ebb    0x36  Code  Gb  adjustvoltage.o [4]
Adjust_Voltage_Vpp1      0x802'3e71    0x24  Code  Gb  adjustvoltage.o [4]
Adjust_Voltage_Vpp2      0x802'3e95    0x26  Code  Gb  adjustvoltage.o [4]
App_AdjVol_Task          0x802'282d   0x7f8  Code  Gb  app_adjvol.o [1]
App_AdjVol_TaskCreate    0x802'3025    0x3a  Code  Gb  app_adjvol.o [1]
App_AdjVol_Task_Stk     0x2000'0290  0x1000  Data  Gb  app_adjvol.o [1]
App_ComDebug_Task        0x802'da09    0x98  Code  Gb  app_comdebug.o [1]
App_ComDebug_TaskCreate
                         0x802'daa1    0x3a  Code  Gb  app_comdebug.o [1]
App_ComDebug_Task_Stk   0x2000'36c4   0x400  Data  Gb  app_comdebug.o [1]
App_ComEc_Task           0x802'd915    0x98  Code  Gb  app_com.o [1]
App_ComEc_TaskCreate     0x802'd9ad    0x3a  Code  Gb  app_com.o [1]
App_ComEc_Task_Stk      0x2000'32c4   0x400  Data  Gb  app_com.o [1]
App_Fan_Task             0x802'dafd    0x18  Code  Gb  app_fan.o [1]
App_Fan_TaskCreate       0x802'db15    0x3a  Code  Gb  app_fan.o [1]
App_Fan_Task_Stk        0x2000'3ac4   0x400  Data  Gb  app_fan.o [1]
App_Led_Task             0x802'd809    0x24  Code  Gb  app_led.o [1]
App_Led_TaskCreate       0x802'd82d    0x3a  Code  Gb  app_led.o [1]
App_Led_Task_Stk        0x2000'3ec4   0x400  Data  Gb  app_led.o [1]
App_PwrManager_Task      0x802'db61    0x1e  Code  Gb  app_pwrmanager.o [1]
App_PwrManager_TaskCreate
                         0x802'db7f    0x3a  Code  Gb  app_pwrmanager.o [1]
App_PwrManager_Task_Stk
                        0x2000'42c4   0x400  Data  Gb  app_pwrmanager.o [1]
App_Start_Task           0x802'd6f9    0xb2  Code  Gb  app.o [1]
App_Start_Task_Create    0x802'd7ab    0x3a  Code  Gb  app.o [1]
App_Start_Task_Stk      0x2000'2ec4   0x400  Data  Gb  app.o [1]
App_SysOnOff_Task        0x802'b467    0x24  Code  Gb  app_sysonoff.o [1]
App_SysOnOff_TaskCreate
                         0x802'b48b    0x3a  Code  Gb  app_sysonoff.o [1]
App_SysOnOff_Task_Stk   0x2000'1290   0x800  Data  Gb  app_sysonoff.o [1]
App_Temperature_Task     0x802'dbc9    0x28  Code  Gb  app_temperature.o [1]
App_Temperature_TaskCreate
                         0x802'dbf1    0x3a  Code  Gb  app_temperature.o [1]
App_Temperature_Task_Stk
                        0x2000'46c4   0x400  Data  Gb  app_temperature.o [1]
App_Usb_Task             0x802'd87d    0x42  Code  Gb  app_usb.o [1]
App_Usb_TaskCreate       0x802'd8bf    0x3a  Code  Gb  app_usb.o [1]
App_Usb_Task_Stk        0x2000'4ac4   0x400  Data  Gb  app_usb.o [1]
BSP_CPU_ClkFreq          0x802'68a5     0xe  Code  Gb  bsp.o [6]
Bat1_PowerRead           0x802'bc97    0x46  Code  Gb  bat1.o [4]
Bat1_TempatureRead       0x802'bcdd    0x6c  Code  Gb  bat1.o [4]
Bat2_PowerRead           0x802'b845    0x46  Code  Gb  bat2.o [4]
Bat2_TempatureRead       0x802'b88b    0x6c  Code  Gb  bat2.o [4]
Battery_Power_Read       0x802'bdd9   0x2f0  Code  Gb  power.o [4]
Battery_Power_Read::bat1ChargeRecoverCnt
                        0x2000'71b0     0x2  Data  Lc  power.o [4]
Battery_Power_Read::bat1_Charging
                        0x2000'71c1     0x1  Data  Lc  power.o [4]
Battery_Power_Read::bat2ChargeRecoverCnt
                        0x2000'71b2     0x2  Data  Lc  power.o [4]
Battery_Power_Read::bat2_Charging
                        0x2000'71c2     0x1  Data  Lc  power.o [4]
Board_Bsp_Init           0x802'cd85    0x4c  Code  Gb  board.o [2]
BusFault_Handler         0x802'dd67     0x2  Code  Gb  stm32f4xx_it.o [15]
CPU_CntLeadZeros         0x802'61e3          Code  Gb  cpu_a.o [8]
CPU_CntTrailZeros        0x802'61e9          Code  Gb  cpu_a.o [8]
CPU_Init                 0x802'89b9     0xc  Code  Gb  cpu_core.o [8]
CPU_IntDis               0x802'61c5          Code  Gb  cpu_a.o [8]
CPU_IntEn                0x802'61c9          Code  Gb  cpu_a.o [8]
CPU_Name                0x2000'7080    0x10  Data  Gb  cpu_core.o [8]
CPU_NameClr              0x802'89c5    0x1a  Code  Gb  cpu_core.o [8]
CPU_NameInit             0x802'89e5     0x8  Code  Lc  cpu_core.o [8]
CPU_RevBits              0x802'61f3          Code  Gb  cpu_a.o [8]
CPU_SR_Restore           0x802'61d5          Code  Gb  cpu_a.o [8]
CPU_SR_Save              0x802'61cd          Code  Gb  cpu_a.o [8]
CPU_TS_Init              0x802'89ed     0xe  Code  Lc  cpu_core.o [8]
CPU_TS_TmrFreqSet        0x802'89df     0x6  Code  Gb  cpu_core.o [8]
CPU_TS_TmrFreq_Hz       0x2000'70cc     0x4  Data  Gb  cpu_core.o [8]
CPU_TS_TmrInit           0x802'68b3    0x2a  Code  Gb  bsp.o [6]
CPU_TS_TmrRd             0x802'68dd     0x6  Code  Gb  bsp.o [6]
CPU_WaitForExcept        0x802'61df          Code  Gb  cpu_a.o [8]
CPU_WaitForInt           0x802'61db          Code  Gb  cpu_a.o [8]
CSTACK$$Base            0x2000'71d0           --   Gb  - Linker created -
CSTACK$$Limit           0x2000'91d0           --   Gb  - Linker created -
Calc_TarVol_AlowRange    0x802'2281    0xbe  Code  Gb  app_adjvol.o [1]
CheckBatteryState        0x802'bdb5    0x24  Code  Gb  power.o [4]
CmdBuff                 0x2000'70c4     0x8  Data  Gb  usbd_cdc_core.o [13]
Cmd_AdjustVoltageCw      0x802'11b7     0xe  Code  Gb  command_process.o [4]
Cmd_AdjustVoltageHv      0x802'11a9     0xe  Code  Gb  command_process.o [4]
Cmd_EcInfo               0x802'04df    0x82  Code  Gb  command_process.o [4]
Cmd_InValidData          0x802'11c5    0x80  Code  Gb  command_process.o [4]
Cmd_Process              0x802'1405   0x132  Code  Gb  command_process.o [4]
Cmd_ReadAdjustVoltage    0x802'0e5d   0x10c  Code  Gb  command_process.o [4]
Cmd_ReadCompileInfo      0x802'05ed    0xa0  Code  Gb  command_process.o [4]
Cmd_ReadFanInfo          0x802'0a93    0xfc  Code  Gb  command_process.o [4]
Cmd_ReadFirmWareVersion
                         0x802'0561    0x8c  Code  Gb  command_process.o [4]
Cmd_ReadHardWareVersion
                         0x802'068d    0x8c  Code  Gb  command_process.o [4]
Cmd_ReadPowerInfo        0x802'09bf    0xd4  Code  Gb  command_process.o [4]
Cmd_ReadStaticVoltage    0x802'0c99   0x1a6  Code  Gb  command_process.o [4]
Cmd_ReadTempeatureInfo   0x802'0b95    0x82  Code  Gb  command_process.o [4]
Cmd_Restart              0x802'08a3    0x7c  Code  Gb  command_process.o [4]
Cmd_SleepEn              0x802'07a5    0x82  Code  Gb  command_process.o [4]
Cmd_Upgrade              0x802'092b    0x94  Code  Gb  command_process.o [4]
Cmd_Vpp1Vnn1DisableRes   0x802'1001    0x8c  Code  Gb  command_process.o [4]
Cmd_Vpp1Vnn1EnableRes    0x802'0f6d    0x8e  Code  Gb  command_process.o [4]
Cmd_Vpp2Vnn2DisableRes   0x802'111d    0x8c  Code  Gb  command_process.o [4]
Cmd_Vpp2Vnn2EnableRes    0x802'1091    0x8c  Code  Gb  command_process.o [4]
Cmd_WeakUp               0x802'0827    0x7c  Code  Gb  command_process.o [4]
Cmd_WriteHardWareVersion
                         0x802'0719    0x8c  Code  Gb  command_process.o [4]
Cmd_WriteTempeatureInfo
                         0x802'0c17    0x82  Code  Gb  command_process.o [4]
ComDebugTaskTcb         0x2000'6474    0xc0  Data  Gb  app_comdebug.o [1]
ComEcTaskTcb            0x2000'63b4    0xc0  Data  Gb  app_com.o [1]
Com_IRQHandler_CallBack
                         0x802'ce83    0xac  Code  Gb  usart.o [2]
CommuComRX              0x2000'0274     0x8  Data  Gb  usart.o [2]
CommuComTX              0x2000'027c     0x8  Data  Gb  usart.o [2]
DAC_Cmd                  0x802'433f    0x2c  Code  Gb  stm32f4xx_dac.o [5]
DAC_Init                 0x802'4311    0x2e  Code  Gb  stm32f4xx_dac.o [5]
DAC_SetChannel1Data      0x802'439b    0x1c  Code  Gb  stm32f4xx_dac.o [5]
DAC_SetChannel2Data      0x802'43b7    0x1c  Code  Gb  stm32f4xx_dac.o [5]
DAC_SoftwareTriggerCmd   0x802'436b    0x30  Code  Gb  stm32f4xx_dac.o [5]
DCD_EP_Close             0x802'ac35    0x46  Code  Gb  usb_dcd.o [14]
DCD_EP_ClrStall          0x802'ad49    0x46  Code  Gb  usb_dcd.o [14]
DCD_EP_Open              0x802'abd5    0x60  Code  Gb  usb_dcd.o [14]
DCD_EP_PrepareRx         0x802'ac7b    0x48  Code  Gb  usb_dcd.o [14]
DCD_EP_SetAddress        0x802'ad8f    0x12  Code  Gb  usb_dcd.o [14]
DCD_EP_Stall             0x802'ad03    0x46  Code  Gb  usb_dcd.o [14]
DCD_EP_Tx                0x802'acc3    0x40  Code  Gb  usb_dcd.o [14]
DCD_HandleEnumDone_ISR   0x802'9b33   0x100  Code  Lc  usb_dcd_int.o [14]
DCD_HandleInEP_ISR       0x802'976f    0xe0  Code  Lc  usb_dcd_int.o [14]
DCD_HandleOutEP_ISR      0x802'984f    0xcc  Code  Lc  usb_dcd_int.o [14]
DCD_HandleResume_ISR     0x802'96a5    0x4a  Code  Lc  usb_dcd_int.o [14]
DCD_HandleRxStatusQueueLevel_ISR
                         0x802'9939    0xa2  Code  Lc  usb_dcd_int.o [14]
DCD_HandleSof_ISR        0x802'991b    0x1e  Code  Lc  usb_dcd_int.o [14]
DCD_HandleUSBSuspend_ISR
                         0x802'96ef    0x80  Code  Lc  usb_dcd_int.o [14]
DCD_HandleUsbReset_ISR   0x802'9a89    0xaa  Code  Lc  usb_dcd_int.o [14]
DCD_Init                 0x802'ab3b    0x9a  Code  Gb  usb_dcd.o [14]
DCD_IsoINIncomplete_ISR
                         0x802'9c33    0x1c  Code  Lc  usb_dcd_int.o [14]
DCD_IsoOUTIncomplete_ISR
                         0x802'9c4f    0x1c  Code  Lc  usb_dcd_int.o [14]
DCD_OTG_ISR              0x802'9681    0x24  Code  Lc  usb_dcd_int.o [14]
DCD_ReadDevInEP          0x802'9cc1    0x20  Code  Lc  usb_dcd_int.o [14]
DCD_SessionRequest_ISR   0x802'9663    0x1e  Code  Lc  usb_dcd_int.o [14]
DCD_WriteEmptyTxFifo     0x802'99db    0xae  Code  Lc  usb_dcd_int.o [14]
DMA1_Stream4_IRQHandler
                         0x802'ddc1    0x10  Code  Gb  stm32f4xx_it.o [15]
DMA1_Stream6_IRQHandler
                         0x802'ddd1    0x10  Code  Gb  stm32f4xx_it.o [15]
DMA_ClearFlag            0x802'312f    0x20  Code  Gb  stm32f4xx_dma.o [5]
DMA_ClearITPendingBit    0x802'31dd    0x20  Code  Gb  stm32f4xx_dma.o [5]
DMA_Cmd                  0x802'3109    0x1a  Code  Gb  stm32f4xx_dma.o [5]
DMA_GetCurrDataCounter   0x802'3129     0x6  Code  Gb  stm32f4xx_dma.o [5]
DMA_GetITStatus          0x802'3191    0x4c  Code  Gb  stm32f4xx_dma.o [5]
DMA_ITConfig             0x802'314f    0x42  Code  Gb  stm32f4xx_dma.o [5]
DMA_Init                 0x802'30b9    0x50  Code  Gb  stm32f4xx_dma.o [5]
DMA_SetCurrDataCounter   0x802'3123     0x6  Code  Gb  stm32f4xx_dma.o [5]
DS2431_ReadByte          0x802'1721    0x60  Code  Gb  ds2431.o [4]
DS2431_Reset             0x802'167d    0x4c  Code  Gb  ds2431.o [4]
DS2431_WriteByte         0x802'16c9    0x58  Code  Gb  ds2431.o [4]
DS2431_WriteData         0x802'1781    0xa8  Code  Gb  ds2431.o [4]
DacCw_Tlv5626cd_ValueSet
                         0x802'4489    0x9a  Code  Gb  tlv5626cd.o [4]
DacHv_Tlv5626cd_ValueSet
                         0x802'43ef    0x9a  Code  Gb  tlv5626cd.o [4]
Dac_config               0x802'd2c3    0x30  Code  Gb  dac.o [2]
DateStr                 0x2000'0238     0xc  Data  Gb  command_process.o [4]
DebugComRX              0x2000'0264     0x8  Data  Gb  usart.o [2]
DebugComTX              0x2000'026c     0x8  Data  Gb  usart.o [2]
DebugMon_Handler         0x802'dd6d     0x2  Code  Gb  stm32f4xx_it.o [15]
Debug_Com_Config         0x802'caf9    0xbc  Code  Gb  board.o [2]
Delay_Nop                0x802'711d     0xc  Code  Gb  system.o [4]
Dma_Config               0x802'd169    0x82  Code  Gb  dma.o [2]
Dmay_Streamx_IRQHandler_CallBack
                         0x802'd1eb    0x28  Code  Gb  dma.o [2]
Ec_Info                 0x2000'0120    0x34  Data  Gb  command_process.o [4]
Emc2305_ReadByte         0x802'c387    0x64  Code  Gb  emc2305.o [4]
Emc2305_WriteByte        0x802'c335    0x52  Code  Gb  emc2305.o [4]
FLASH_GetStatus          0x802'18e9    0x46  Code  Gb  stm32f4xx_flash.o [5]
FLASH_Lock               0x802'1879    0x12  Code  Gb  stm32f4xx_flash.o [5]
FLASH_ProgramWord        0x802'188b    0x5e  Code  Gb  stm32f4xx_flash.o [5]
FLASH_Unlock             0x802'1859    0x20  Code  Gb  stm32f4xx_flash.o [5]
FLASH_WaitForLastOperation
                         0x802'1945    0x28  Code  Gb  stm32f4xx_flash.o [5]
FanTaskTcb              0x2000'6534    0xc0  Data  Gb  app_fan.o [1]
Fan_Config               0x802'cd7d     0x8  Code  Gb  board.o [2]
Fan_Emc2305_Init         0x802'c3f1    0x72  Code  Gb  emc2305.o [4]
FrameCmdPackage          0x802'1249    0xb0  Code  Gb  command_process.o [4]
GPIO_Init                0x802'2095    0xa4  Code  Gb  stm32f4xx_gpio.o [5]
GPIO_PinAFConfig         0x802'215f    0x54  Code  Gb  stm32f4xx_gpio.o [5]
GPIO_ReadInputDataBit    0x802'2139    0x14  Code  Gb  stm32f4xx_gpio.o [5]
GPIO_ResetBits           0x802'2151     0x4  Code  Gb  stm32f4xx_gpio.o [5]
GPIO_SetBits             0x802'214d     0x4  Code  Gb  stm32f4xx_gpio.o [5]
GPIO_ToggleBits          0x802'2155     0xa  Code  Gb  stm32f4xx_gpio.o [5]
Get_AdjCwMsg             0x802'2585   0x296  Code  Gb  app_adjvol.o [1]
Get_AdjHvMsg             0x802'233f   0x246  Code  Gb  app_adjvol.o [1]
Get_SerialNum            0x802'd647    0x28  Code  Lc  usbd_desc.o [12]
Gpio_Config              0x802'9d03   0x6ce  Code  Gb  gpio.o [2]
Gpio_Init                0x802'9ce1    0x22  Code  Lc  gpio.o [2]
Handle_USBAsynchXfer     0x802'c9f7    0xc2  Code  Lc  usbd_cdc_core.o [13]
HardFault_Handler        0x802'dd5b     0xa  Code  Gb  stm32f4xx_it.o [15]
I2c_Bat1_ReadByte        0x802'bba9    0x56  Code  Gb  bat1.o [4]
I2c_Bat1_ReadData        0x802'bbff    0x98  Code  Gb  bat1.o [4]
I2c_Bat1_SendAck         0x802'bb29    0x40  Code  Gb  bat1.o [4]
I2c_Bat1_SendByte        0x802'ba7d    0x5c  Code  Gb  bat1.o [4]
I2c_Bat1_SendNack        0x802'bb69    0x40  Code  Gb  bat1.o [4]
I2c_Bat1_Start           0x802'b9fd    0x40  Code  Gb  bat1.o [4]
I2c_Bat1_Stop            0x802'ba3d    0x40  Code  Gb  bat1.o [4]
I2c_Bat1_WaitAck         0x802'bad9    0x50  Code  Gb  bat1.o [4]
I2c_Bat2_ReadByte        0x802'b751    0x5c  Code  Gb  bat2.o [4]
I2c_Bat2_ReadData        0x802'b7ad    0x98  Code  Gb  bat2.o [4]
I2c_Bat2_SendAck         0x802'b6c1    0x48  Code  Gb  bat2.o [4]
I2c_Bat2_SendByte        0x802'b607    0x64  Code  Gb  bat2.o [4]
I2c_Bat2_SendNack        0x802'b709    0x48  Code  Gb  bat2.o [4]
I2c_Bat2_Start           0x802'b571    0x4e  Code  Gb  bat2.o [4]
I2c_Bat2_Stop            0x802'b5bf    0x48  Code  Gb  bat2.o [4]
I2c_Bat2_WaitAck         0x802'b66b    0x56  Code  Gb  bat2.o [4]
I2c_Emc_ReadByte         0x802'c23f    0x60  Code  Gb  emc2305.o [4]
I2c_Emc_SendByte         0x802'c1e1    0x5e  Code  Gb  emc2305.o [4]
I2c_Emc_SendNack         0x802'c2ed    0x48  Code  Gb  emc2305.o [4]
I2c_Emc_Start            0x802'c157    0x48  Code  Gb  emc2305.o [4]
I2c_Emc_Stop             0x802'c19f    0x42  Code  Gb  emc2305.o [4]
I2c_Emc_WaitAck          0x802'c29f    0x4e  Code  Gb  emc2305.o [4]
I2c_Tmp_ReadByte         0x802'c68b    0x60  Code  Gb  tmp468.o [4]
I2c_Tmp_SendAck          0x802'c5fb    0x48  Code  Gb  tmp468.o [4]
I2c_Tmp_SendByte         0x802'c54d    0x64  Code  Gb  tmp468.o [4]
I2c_Tmp_SendNack         0x802'c643    0x48  Code  Gb  tmp468.o [4]
I2c_Tmp_Start            0x802'c4bd    0x4a  Code  Gb  tmp468.o [4]
[...]
SMDAT_2305_OUT           0x802'c0e9    0x3c  Code  Gb  emc2305.o [4]
SMDAT_BAT1_IN            0x802'b9cb    0x32  Code  Gb  bat1.o [4]
SMDAT_BAT1_OUT           0x802'b999    0x32  Code  Gb  bat1.o [4]
SMDAT_BAT2_IN            0x802'b53d    0x34  Code  Gb  bat2.o [4]
SMDAT_BAT2_OUT           0x802'b509    0x34  Code  Gb  bat2.o [4]
SPI_Cmd                  0x802'8a3f    0x1c  Code  Gb  stm32f4xx_spi.o [5]
SPI_I2S_GetFlagStatus    0x802'8a5f    0x12  Code  Gb  stm32f4xx_spi.o [5]
SPI_I2S_SendData         0x802'8a5b     0x4  Code  Gb  stm32f4xx_spi.o [5]
SPI_Init                 0x802'8a05    0x3a  Code  Gb  stm32f4xx_spi.o [5]
SPI_WriteHalfWord        0x802'6df1    0x34  Code  Gb  spi.o [2]
SVC_Handler              0x802'dd6b     0x2  Code  Gb  stm32f4xx_it.o [15]
SenData                 0x2000'6ea0    0x64  Data  Gb  usart.o [2]
SenDataCmd              0x2000'6dd8    0x64  Data  Gb  command_process.o [4]
SenFrameCmd             0x2000'0250     0xc  Data  Gb  command_process.o [4]
Send_CmdPackage          0x802'12f9    0x1e  Code  Gb  command_process.o [4]
SetSysClock              0x802'd4bb    0xce  Code  Lc  system_stm32f4xx.o [3]
Spi_Dac_Config           0x802'43dd    0x12  Code  Gb  tlv5626cd.o [4]
Spi_config               0x802'6d19    0xbe  Code  Gb  spi.o [2]
StartTaskTcb            0x2000'6234    0xc0  Data  Gb  app.o [1]
SysMsg                  0x2000'0000    0x94  Data  Gb  system.o [4]
SysOnOffTaskTcb         0x2000'6774    0xc0  Data  Gb  app_sysonoff.o [1]
SysTick_CLKSourceConfig
                         0x802'534d    0x20  Code  Gb  misc.o [5]
SysTick_Config           0x802'3401    0x2e  Code  Lc  systick.o [2]
SysTick_Handler          0x802'dd6f    0x1c  Code  Gb  stm32f4xx_it.o [15]
SysTick_Iint             0x802'342f    0x14  Code  Gb  systick.o [2]
Sys_StateChk_Tmr        0x2000'7024    0x30  Data  Gb  app.o [1]
SystemInit               0x802'd475    0x46  Code  Gb  system_stm32f4xx.o [3]
SystemStateInit          0x802'6e25   0x2f8  Code  Gb  system.o [4]
System_OffCtrl           0x802'b3dd    0x8a  Code  Gb  app_sysonoff.o [1]
System_OnCtrl            0x802'b2b5   0x128  Code  Gb  app_sysonoff.o [1]
System_OnCtrl::Pwr_OnSequence
                        0x2000'71b6     0x1  Data  Lc  app_sysonoff.o [1]
System_OnCtrl::cnt      0x2000'7194     0x2  Data  Lc  app_sysonoff.o [1]
System_PwrKey_Minitor    0x802'7129    0xb4  Code  Gb  system.o [4]
System_PwrKey_Minitor::startCnt
                        0x2000'71b4     0x2  Data  Lc  system.o [4]
System_PwrKey_Minitor::stateNow
                        0x2000'71c3     0x1  Data  Lc  system.o [4]
System_PwrKey_Minitor::stateOld
                        0x2000'71c4     0x1  Data  Lc  system.o [4]
System_S3_State_Minitor
                         0x802'71dd    0x6a  Code  Gb  system.o [4]
System_S3_State_Minitor::startCnt
                        0x2000'71c5     0x1  Data  Lc  system.o [4]
System_S3_State_Minitor::stateNow
                        0x2000'71c6     0x1  Data  Lc  system.o [4]
System_S3_State_Minitor::stateOld
                        0x2000'71c7     0x1  Data  Lc  system.o [4]
TIM2_IRQHandler          0x802'dde1    0x10  Code  Gb  stm32f4xx_it.o [15]
TIM2_IRQHandler_CallBack
                         0x802'd37b    0x28  Code  Gb  timer.o [2]
TIM_ClearITPendingBit    0x802'd46d     0x8  Code  Gb  stm32f4xx_tim.o [5]
TIM_Cmd                  0x802'd41d    0x1c  Code  Gb  stm32f4xx_tim.o [5]
TIM_ITConfig             0x802'd455    0x18  Code  Gb  stm32f4xx_tim.o [5]
TIM_TimeBaseInit         0x802'd3b5    0x68  Code  Gb  stm32f4xx_tim.o [5]
TemperatureTaskTcb      0x2000'6834    0xc0  Data  Gb  app_temperature.o [1]
TimeStr                 0x2000'025c     0x8  Data  Gb  command_process.o [4]
TimerBase2_5_Config      0x802'd2f5    0x5e  Code  Gb  timer.o [2]
TimerConfig              0x802'd353    0x28  Code  Gb  timer.o [2]
TimingDelay             0x2000'7164     0x4  Data  Gb  systick.o [2]
TimingDelay_Decrement    0x802'3443    0x14  Code  Gb  systick.o [2]
Tmp468_ReadData          0x802'c6eb    0x94  Code  Gb  tmp468.o [4]
UART4_IRQHandler         0x802'dda1    0x10  Code  Gb  stm32f4xx_it.o [15]
USART2_IRQHandler        0x802'ddb1    0x10  Code  Gb  stm32f4xx_it.o [15]
USART_ClearITPendingBit
                         0x802'd149    0x20  Code  Gb  stm32f4xx_usart.o [5]
USART_Cmd                0x802'd039    0x1c  Code  Gb  stm32f4xx_usart.o [5]
USART_DMACmd             0x802'd05d    0x18  Code  Gb  stm32f4xx_usart.o [5]
USART_GetFlagStatus      0x802'd0c9    0x1a  Code  Gb  stm32f4xx_usart.o [5]
USART_GetITStatus        0x802'd0e3    0x66  Code  Gb  stm32f4xx_usart.o [5]
USART_ITConfig           0x802'd075    0x54  Code  Gb  stm32f4xx_usart.o [5]
USART_Init               0x802'cf71    0xba  Code  Gb  stm32f4xx_usart.o [5]
USART_SendData           0x802'd055     0x8  Code  Gb  stm32f4xx_usart.o [5]
USBD_CDC_cb             0x2000'0154    0x2c  Data  Gb  usbd_cdc_core.o [13]
USBD_ClrCfg              0x802'b063    0x10  Code  Gb  usbd_core.o [13]
USBD_ClrFeature          0x802'a979    0x34  Code  Lc  usbd_req.o [13]
USBD_CtlContinueRx       0x802'aadd    0x16  Code  Gb  usbd_ioreq.o [13]
USBD_CtlContinueSendData
                         0x802'aa9b    0x16  Code  Gb  usbd_ioreq.o [13]
USBD_CtlError            0x802'a9f1    0x1c  Code  Gb  usbd_req.o [13]
USBD_CtlPrepareRx        0x802'aab1    0x2c  Code  Gb  usbd_ioreq.o [13]
USBD_CtlReceiveStatus    0x802'ab17    0x24  Code  Gb  usbd_ioreq.o [13]
USBD_CtlSendData         0x802'aa6f    0x2c  Code  Gb  usbd_ioreq.o [13]
USBD_CtlSendStatus       0x802'aaf3    0x24  Code  Gb  usbd_ioreq.o [13]
USBD_DCD_INT_cb         0x2000'0180    0x2c  Data  Gb  usbd_core.o [13]
USBD_DCD_INT_fops       0x2000'0288     0x4  Data  Gb  usbd_core.o [13]
USBD_DataInStage         0x802'aecf    0xe6  Code  Lc  usbd_core.o [13]
USBD_DataOutStage        0x802'ae39    0x96  Code  Lc  usbd_core.o [13]
USBD_DeInit              0x802'ade5     0x4  Code  Gb  usbd_core.o [13]
USBD_DevConnected        0x802'b08f    0x16  Code  Lc  usbd_core.o [13]
USBD_DevDisconnected     0x802'b0a5    0x22  Code  Lc  usbd_core.o [13]
USBD_DeviceDesc         0x2000'0214    0x14  Data  Gb  usbd_desc.o [12]
USBD_GetConfig           0x802'a865    0x38  Code  Lc  usbd_req.o [13]
USBD_GetDescriptor       0x802'a63f   0x10e  Code  Lc  usbd_req.o [13]
USBD_GetLen              0x802'aa5b    0x14  Code  Lc  usbd_req.o [13]
USBD_GetStatus           0x802'a89d    0x36  Code  Lc  usbd_req.o [13]
USBD_GetString           0x802'aa0d    0x4e  Code  Gb  usbd_req.o [13]
USBD_Init                0x802'ada1    0x44  Code  Gb  usbd_core.o [13]
USBD_IsoINIncomplete     0x802'b073     0xe  Code  Lc  usbd_core.o [13]
USBD_IsoOUTIncomplete    0x802'b081     0xe  Code  Lc  usbd_core.o [13]
USBD_LangIDDesc         0x2000'028c     0x4  Data  Gb  usbd_desc.o [12]
USBD_OTG_ISR_Handler     0x802'956d    0xf6  Code  Gb  usb_dcd_int.o [14]
USBD_ParseSetupRequest   0x802'a9ad    0x44  Code  Gb  usbd_req.o [13]
USBD_Reset               0x802'afc5    0x30  Code  Lc  usbd_core.o [13]
USBD_Resume              0x802'aff5    0x1e  Code  Lc  usbd_core.o [13]
USBD_RunTestMode         0x802'afb5     0xc  Code  Lc  usbd_core.o [13]
USBD_SOF                 0x802'b02f    0x18  Code  Lc  usbd_core.o [13]
USBD_SetAddress          0x802'a74d    0x58  Code  Lc  usbd_req.o [13]
USBD_SetCfg              0x802'b047    0x1c  Code  Gb  usbd_core.o [13]
USBD_SetConfig           0x802'a7a5    0xc0  Code  Lc  usbd_req.o [13]
USBD_SetConfig::cfgidx  0x2000'71c9     0x1  Data  Lc  usbd_req.o [13]
USBD_SetFeature          0x802'a8d3    0x92  Code  Lc  usbd_req.o [13]
USBD_SetupStage          0x802'ade9    0x50  Code  Lc  usbd_core.o [13]
USBD_StdDevReq           0x802'a3f9    0x58  Code  Gb  usbd_req.o [13]
USBD_StdEPReq            0x802'a4a1   0x19e  Code  Gb  usbd_req.o [13]
USBD_StdItfReq           0x802'a451    0x50  Code  Gb  usbd_req.o [13]
USBD_StrDesc            0x2000'6134   0x100  Data  Gb  usbd_desc.o [12]
USBD_StringSerial       0x2000'01c8    0x1c  Data  Gb  usbd_desc.o [12]
USBD_Suspend             0x802'b013    0x1c  Code  Lc  usbd_core.o [13]
USBD_USR_ConfigStrDescriptor
                         0x802'd607    0x20  Code  Gb  usbd_desc.o [12]
USBD_USR_DeviceConfigured
                         0x802'160f     0x2  Code  Gb  usbd_usr.o [12]
USBD_USR_DeviceConnected
                         0x802'1615     0x2  Code  Gb  usbd_usr.o [12]
USBD_USR_DeviceDescriptor
                         0x802'd5b9     0x8  Code  Gb  usbd_desc.o [12]
USBD_USR_DeviceDisconnected
                         0x802'1617     0x2  Code  Gb  usbd_usr.o [12]
USBD_USR_DeviceReset     0x802'160d     0x2  Code  Gb  usbd_usr.o [12]
USBD_USR_DeviceResumed   0x802'1613     0x2  Code  Gb  usbd_usr.o [12]
USBD_USR_DeviceSuspended
                         0x802'1611     0x2  Code  Gb  usbd_usr.o [12]
USBD_USR_Init            0x802'160b     0x2  Code  Gb  usbd_usr.o [12]
USBD_USR_InterfaceStrDescriptor
                         0x802'd627    0x20  Code  Gb  usbd_desc.o [12]
USBD_USR_LangIDStrDescriptor
                         0x802'd5c1     0x8  Code  Gb  usbd_desc.o [12]
USBD_USR_ManufacturerStrDescriptor
                         0x802'd5e9    0x10  Code  Gb  usbd_desc.o [12]
USBD_USR_ProductStrDescriptor
                         0x802'd5c9    0x20  Code  Gb  usbd_desc.o [12]
USBD_USR_SerialStrDescriptor
                         0x802'd5f9     0xe  Code  Gb  usbd_desc.o [12]
USBD_cdc_GetCfgDesc      0x802'cab9     0x8  Code  Lc  usbd_cdc_core.o [13]
USBD_cfg_status         0x2000'7190     0x4  Data  Gb  usbd_req.o [13]
USBD_default_cfg        0x2000'718c     0x4  Data  Gb  usbd_req.o [13]
USBD_ep_status          0x2000'7188     0x4  Data  Gb  usbd_req.o [13]
USB_OTG_BSP_EnableInterrupt
                         0x802'9525    0x2a  Code  Gb  usb_bsp.o [12]
USB_OTG_BSP_Init         0x802'94d1    0x4e  Code  Gb  usb_bsp.o [12]
USB_OTG_BSP_mDelay       0x802'955d     0xe  Code  Gb  usb_bsp.o [12]
USB_OTG_BSP_uDelay       0x802'954f     0xe  Code  Gb  usb_bsp.o [12]
USB_OTG_CoreInit         0x802'8c85    0xb0  Code  Gb  usb_core.o [14]
USB_OTG_CoreInitDev      0x802'8e6d   0x172  Code  Gb  usb_core.o [14]
USB_OTG_CoreReset        0x802'8ae9    0x60  Code  Lc  usb_core.o [14]
USB_OTG_DisableGlobalInt
                         0x802'8d4d    0x1a  Code  Gb  usb_core.o [14]
USB_OTG_EP0Activate      0x802'906d    0x50  Code  Gb  usb_core.o [14]
USB_OTG_EP0StartXfer     0x802'92f9    0xf0  Code  Gb  usb_core.o [14]
USB_OTG_EP0_OutStart     0x802'9499    0x36  Code  Gb  usb_core.o [14]
USB_OTG_EPActivate       0x802'90bd    0x70  Code  Gb  usb_core.o [14]
USB_OTG_EPClearStall     0x802'9427    0x3e  Code  Gb  usb_core.o [14]
USB_OTG_EPDeactivate     0x802'912d    0x60  Code  Gb  usb_core.o [14]
USB_OTG_EPSetStall       0x802'93e9    0x3e  Code  Gb  usb_core.o [14]
USB_OTG_EPStartXfer      0x802'918d   0x16c  Code  Gb  usb_core.o [14]
USB_OTG_EnableCommonInt
                         0x802'8ac9    0x20  Code  Lc  usb_core.o [14]
USB_OTG_EnableDevInt     0x802'8fdf    0x60  Code  Gb  usb_core.o [14]
USB_OTG_EnableGlobalInt
                         0x802'8d35    0x18  Code  Gb  usb_core.o [14]
USB_OTG_FlushRxFifo      0x802'8daf    0x40  Code  Gb  usb_core.o [14]
USB_OTG_FlushTxFifo      0x802'8d67    0x48  Code  Gb  usb_core.o [14]
USB_OTG_GetDeviceSpeed   0x802'903f    0x2e  Code  Gb  usb_core.o [14]
USB_OTG_GetMode          0x802'8e31     0xa  Code  Gb  usb_core.o [14]
USB_OTG_InitDevSpeed     0x802'8e5f     0xe  Code  Gb  usb_core.o [14]
USB_OTG_IsDeviceMode     0x802'8e3b    0x14  Code  Gb  usb_core.o [14]
USB_OTG_ReadCoreItr      0x802'8e4f    0x10  Code  Gb  usb_core.o [14]
USB_OTG_ReadDevAllInEPItr
                         0x802'9489    0x10  Code  Gb  usb_core.o [14]
USB_OTG_ReadDevAllOutEp_itr
                         0x802'9465    0x10  Code  Gb  usb_core.o [14]
USB_OTG_ReadDevOutEP_itr
                         0x802'9475    0x14  Code  Gb  usb_core.o [14]
USB_OTG_ReadPacket       0x802'8b83    0x28  Code  Gb  usb_core.o [14]
USB_OTG_SelectCore       0x802'8bab    0xda  Code  Gb  usb_core.o [14]
USB_OTG_SetCurrentMode   0x802'8df9    0x38  Code  Gb  usb_core.o [14]
USB_OTG_WritePacket      0x802'8b49    0x3a  Code  Gb  usb_core.o [14]
USB_OTG_dev             0x2000'28d0   0x5f4  Data  Gb  app_sysonoff.o [1]
USB_Rx_Buffer           0x2000'6fe4    0x40  Data  Gb  usbd_cdc_core.o [13]
USB_Tx_Buffer           0x2000'6fa4    0x40  Data  Gb  app_usb.o [1]
USB_Tx_State            0x2000'71c8     0x1  Data  Gb  usbd_cdc_core.o [13]
USR_cb                  0x2000'01e4    0x1c  Data  Gb  usbd_usr.o [12]
USR_desc                0x2000'01ac    0x1c  Data  Gb  usbd_desc.o [12]
US_PWR_ID_IN             0x802'164b    0x32  Code  Gb  ds2431.o [4]
US_PWR_ID_OUT            0x802'1619    0x32  Code  Gb  ds2431.o [4]
Update_EcInfo            0x802'0189   0x356  Code  Gb  command_process.o [4]
UsPowerId               0x2000'7090    0x10  Data  Gb  ds2431.o [4]
UsageFault_Handler       0x802'dd69     0x2  Code  Gb  stm32f4xx_it.o [15]
Usart_Init               0x802'cdd1    0x92  Code  Gb  usart.o [2]
UsbTaskTcb              0x2000'68f4    0xc0  Data  Gb  app_usb.o [1]
VCP_CheckDataReceived    0x802'dc89     0x6  Code  Gb  usbd_cdc_vcp.o [12]
VCP_Ctrl                 0x802'dc45     0x4  Code  Lc  usbd_cdc_vcp.o [12]
VCP_DataRx               0x802'dc81     0x8  Code  Lc  usbd_cdc_vcp.o [12]
VCP_DataTx               0x802'dc49    0x38  Code  Lc  usbd_cdc_vcp.o [12]
VCP_DeInit               0x802'dc41     0x4  Code  Lc  usbd_cdc_vcp.o [12]
VCP_Init                 0x802'dc3d     0x4  Code  Lc  usbd_cdc_vcp.o [12]
VCP_fops                0x2000'0200    0x14  Data  Gb  usbd_cdc_vcp.o [12]
V_AdcDma_Config          0x802'cc93    0x5a  Code  Gb  board.o [2]
Vnn_Calculate_AdjVol     0x802'3dcf    0x46  Code  Gb  adjustvoltage.o [4]
Vpp_Calculate_AdjVol     0x802'3d81    0x4e  Code  Gb  adjustvoltage.o [4]
Write_UsPowerId          0x802'1829    0x26  Code  Gb  ds2431.o [4]
_PrintfTiny              0x802'5f1d   0x11e  Code  Gb  xprintftiny.o [16]
_Prout                   0x802'e499    0x16  Code  Gb  xprout.o [16]
__aeabi_d2f              0x802'603d          Code  Gb  DblToFlt.o [17]
__aeabi_d2iz             0x802'3d21          Code  Gb  DblToS32.o [17]
__aeabi_d2uiz            0x802'3a9d          Code  Gb  DblToU32.o [17]
__aeabi_dadd             0x802'3ac1          Code  Gb  DblAddSub.o [17]
__aeabi_ddiv             0x802'3855          Code  Gb  DblDiv.o [17]
__aeabi_dmul             0x802'36a9          Code  Gb  DblMul.o [17]
__aeabi_dsub             0x802'3c3d          Code  Gb  DblAddSub.o [17]
__aeabi_f2d              0x802'60a5          Code  Gb  FltToDbl.o [17]
__aeabi_fmul             0x802'60ed          Code  Gb  FltMul.o [17]
__aeabi_i2d              0x802'b975          Code  Gb  S32ToDbl.o [17]
__aeabi_memcpy           0x802'1565          Code  Gb  ABImemcpy.o [18]
__aeabi_memcpy4          0x802'1585          Code  Gb  ABImemcpy.o [18]
__aeabi_memcpy8          0x802'1585          Code  Gb  ABImemcpy.o [18]
__aeabi_memset           0x802'b90d          Code  Gb  ABImemset.o [18]
__aeabi_ui2d             0x802'368d          Code  Gb  U32ToDbl.o [17]
__cmain                  0x802'e3c5          Code  Gb  cmain.o [18]
__exit                   0x802'dd45    0x14  Code  Gb  exit.o [19]
__iar_Memset             0x802'b90d          Code  Gb  ABImemset.o [18]
__iar_Memset_word        0x802'b915          Code  Gb  ABImemset.o [18]
__iar_Stdout            0x2000'0094    0x48  Data  Gb  xfiles.o [16]
__iar_data_init3         0x802'e2e9    0x28  Code  Gb  data_init.o [18]
__iar_packbits_init3     0x802'dc9d    0xa2  Code  Gb  packbits_init.o [18]
__iar_program_start      0x802'e44d          Code  Gb  cstartup_M.o [18]
__iar_zero_init3         0x802'e1a5    0x38  Code  Gb  zero_init3.o [18]
__low_level_init         0x802'e3e3     0x4  Code  Gb  low_level_init.o [16]
__vector_table           0x802'0000          Data  Gb  startup_stm32f40_41xxx.o [3]
_call_main               0x802'e3d1          Code  Gb  cmain.o [18]
_exit                    0x802'e3ed          Code  Gb  cexit.o [18]
abort                    0x802'dd3f     0x6  Code  Gb  abort.o [16]
abs                      0x802'4309     0x8  Code  Gb  abs.o [16]
cb_Sys_StateChk_Tmr      0x802'e611    0x10  Code  Gb  app_timer.o [1]
cdcCmd                  0x2000'0284     0x4  Data  Lc  usbd_cdc_core.o [13]
cdcLen                  0x2000'7178     0x4  Data  Lc  usbd_cdc_core.o [13]
delay_os_lock            0x802'3457     0xa  Code  Gb  systick.o [2]
delay_os_unlock          0x802'3461     0xa  Code  Gb  systick.o [2]
delay_us_os              0x802'346b    0x40  Code  Gb  systick.o [2]
exit                     0x802'e3e7     0x4  Code  Gb  exit.o [16]
fputc                    0x802'ce63    0x20  Code  Gb  usart.o [2]
main                     0x802'de7d    0x78  Code  Gb  main.o [15]
obuf                    0x2000'6f54    0x50  Data  Lc  xfiles.o [16]
out                      0x802'5f05    0x18  Code  Lc  xprintftiny.o [16]
printf                   0x802'3d59    0x28  Code  Gb  printf.o [16]
putchar                  0x802'e4b1     0xc  Code  Gb  putchar.o [16]
receive_count           0x2000'7180     0x4  Data  Gb  usbd_cdc_vcp.o [12]
strlen                   0x802'8981          Code  Gb  strlen.o [18]
usbd_cdc_AltSet         0x2000'7168     0x4  Data  Lc  usbd_cdc_core.o [13]
usbd_cdc_CfgDesc        0x2000'00dc    0x44  Data  Gb  usbd_cdc_core.o [13]
usbd_cdc_DataIn          0x802'c919    0x94  Code  Gb  usbd_cdc_core.o [13]
usbd_cdc_DataOut         0x802'c9ad    0x2c  Code  Gb  usbd_cdc_core.o [13]
usbd_cdc_DeInit          0x802'c81d    0x26  Code  Gb  usbd_cdc_core.o [13]
usbd_cdc_EP0_RxReady     0x802'c8f5    0x24  Code  Gb  usbd_cdc_core.o [13]
usbd_cdc_Init            0x802'c7d5    0x48  Code  Gb  usbd_cdc_core.o [13]
usbd_cdc_SOF             0x802'c9d9    0x1e  Code  Gb  usbd_cdc_core.o [13]
usbd_cdc_SOF::FrameCount
                        0x2000'717c     0x4  Data  Lc  usbd_cdc_core.o [13]
usbd_cdc_Setup           0x802'c843    0xb2  Code  Gb  usbd_cdc_core.o [13]


[1] = C:\Users\LIANMENG\Desktop\AX9-PROJECT-IAR-PID\AX9_V1.00\source\application\USER\Debug\Obj\APP
[2] = C:\Users\LIANMENG\Desktop\AX9-PROJECT-IAR-PID\AX9_V1.00\source\application\USER\Debug\Obj\BSP
[3] = C:\Users\LIANMENG\Desktop\AX9-PROJECT-IAR-PID\AX9_V1.00\source\application\USER\Debug\Obj\CMSIS
[4] = C:\Users\LIANMENG\Desktop\AX9-PROJECT-IAR-PID\AX9_V1.00\source\application\USER\Debug\Obj\DEVICE
[5] = C:\Users\LIANMENG\Desktop\AX9-PROJECT-IAR-PID\AX9_V1.00\source\application\USER\Debug\Obj\FWLIB
[6] = C:\Users\LIANMENG\Desktop\AX9-PROJECT-IAR-PID\AX9_V1.00\source\application\USER\Debug\Obj\UCOSIII\uCOS-BSP
[7] = C:\Users\LIANMENG\Desktop\AX9-PROJECT-IAR-PID\AX9_V1.00\source\application\USER\Debug\Obj\UCOSIII\uCOS-CONFIG
[8] = C:\Users\LIANMENG\Desktop\AX9-PROJECT-IAR-PID\AX9_V1.00\source\application\USER\Debug\Obj\UCOSIII\uCOS-CPU
[9] = C:\Users\LIANMENG\Desktop\AX9-PROJECT-IAR-PID\AX9_V1.00\source\application\USER\Debug\Obj\UCOSIII\uCOS-III\Port
[10] = C:\Users\LIANMENG\Desktop\AX9-PROJECT-IAR-PID\AX9_V1.00\source\application\USER\Debug\Obj\UCOSIII\uCOS-III\Source
[11] = C:\Users\LIANMENG\Desktop\AX9-PROJECT-IAR-PID\AX9_V1.00\source\application\USER\Debug\Obj\UCOSIII\uCOSIII-LIB
[12] = C:\Users\LIANMENG\Desktop\AX9-PROJECT-IAR-PID\AX9_V1.00\source\application\USER\Debug\Obj\USB\USB-APP
[13] = C:\Users\LIANMENG\Desktop\AX9-PROJECT-IAR-PID\AX9_V1.00\source\application\USER\Debug\Obj\USB\USB-DEVICE
[14] = C:\Users\LIANMENG\Desktop\AX9-PROJECT-IAR-PID\AX9_V1.00\source\application\USER\Debug\Obj\USB\USB-OTG
[15] = C:\Users\LIANMENG\Desktop\AX9-PROJECT-IAR-PID\AX9_V1.00\source\application\USER\Debug\Obj\USER
[16] = dl7M_tlf.a
[17] = m7M_tl.a
[18] = rt7M_tl.a
[19] = shb_l.a

  57'446 bytes of readonly  code memory
   2'513 bytes of readonly  data memory
  37'322 bytes of readwrite data memory

Errors: none
Warnings: none
