###############################################################################
#
# IAR ELF Linker V9.10.1.308/W64 for ARM                  09/Mar/2022  17:02:38
# Copyright 2007-2021 IAR Systems AB.
#
#    Output file  =
#        C:\Users\LIANMENG\Desktop\AX9-PROJECT-IAR-PID\AX9_V1.00\source\bootloader\USER\Debug\Exe\AX9.out
#    Map file     =
#        C:\Users\LIANMENG\Desktop\AX9-PROJECT-IAR-PID\AX9_V1.00\source\bootloader\USER\Debug\List\AX9.map
#    Command line =
#        -f
#        C:\Users\LIANMENG\Desktop\AX9-PROJECT-IAR-PID\AX9_V1.00\source\bootloader\USER\Debug\Exe\AX9.out.rsp
#        (C:\Users\LIANMENG\Desktop\AX9-PROJECT-IAR-PID\AX9_V1.00\source\bootloader\USER\Debug\Obj\BSP\board.o
#        C:\Users\LIANMENG\Desktop\AX9-PROJECT-IAR-PID\AX9_V1.00\source\bootloader\USER\Debug\Obj\BSP\emc2305.o
#        C:\Users\LIANMENG\Desktop\AX9-PROJECT-IAR-PID\AX9_V1.00\source\bootloader\USER\Debug\Obj\BSP\flash.o
#        C:\Users\LIANMENG\Desktop\AX9-PROJECT-IAR-PID\AX9_V1.00\source\bootloader\USER\Debug\Obj\BSP\gpio.o
#        C:\Users\LIANMENG\Desktop\AX9-PROJECT-IAR-PID\AX9_V1.00\source\bootloader\USER\Debug\Obj\USER\main.o
#        C:\Users\LIANMENG\Desktop\AX9-PROJECT-IAR-PID\AX9_V1.00\source\bootloader\USER\Debug\Obj\FWLIB\misc.o
#        C:\Users\LIANMENG\Desktop\AX9-PROJECT-IAR-PID\AX9_V1.00\source\bootloader\USER\Debug\Obj\CMSIS\startup_stm32f40_41xxx.o
#        C:\Users\LIANMENG\Desktop\AX9-PROJECT-IAR-PID\AX9_V1.00\source\bootloader\USER\Debug\Obj\FWLIB\stm32f4xx_adc.o
#        C:\Users\LIANMENG\Desktop\AX9-PROJECT-IAR-PID\AX9_V1.00\source\bootloader\USER\Debug\Obj\FWLIB\stm32f4xx_can.o
#        C:\Users\LIANMENG\Desktop\AX9-PROJECT-IAR-PID\AX9_V1.00\source\bootloader\USER\Debug\Obj\FWLIB\stm32f4xx_crc.o
#        C:\Users\LIANMENG\Desktop\AX9-PROJECT-IAR-PID\AX9_V1.00\source\bootloader\USER\Debug\Obj\FWLIB\stm32f4xx_cryp.o
#        C:\Users\LIANMENG\Desktop\AX9-PROJECT-IAR-PID\AX9_V1.00\source\bootloader\USER\Debug\Obj\FWLIB\stm32f4xx_cryp_aes.o
#        C:\Users\LIANMENG\Desktop\AX9-PROJECT-IAR-PID\AX9_V1.00\source\bootloader\USER\Debug\Obj\FWLIB\stm32f4xx_cryp_des.o
#        C:\Users\LIANMENG\Desktop\AX9-PROJECT-IAR-PID\AX9_V1.00\source\bootloader\USER\Debug\Obj\FWLIB\stm32f4xx_cryp_tdes.o
#        C:\Users\LIANMENG\Desktop\AX9-PROJECT-IAR-PID\AX9_V1.00\source\bootloader\USER\Debug\Obj\FWLIB\stm32f4xx_dac.o
#        C:\Users\LIANMENG\Desktop\AX9-PROJECT-IAR-PID\AX9_V1.00\source\bootloader\USER\Debug\Obj\FWLIB\stm32f4xx_dbgmcu.o
#        C:\Users\LIANMENG\Desktop\AX9-PROJECT-IAR-PID\AX9_V1.00\source\bootloader\USER\Debug\Obj\FWLIB\stm32f4xx_dcmi.o
#        C:\Users\LIANMENG\Desktop\AX9-PROJECT-IAR-PID\AX9_V1.00\source\bootloader\USER\Debug\Obj\FWLIB\stm32f4xx_dma.o
#        C:\Users\LIANMENG\Desktop\AX9-PROJECT-IAR-PID\AX9_V1.00\source\bootloader\USER\Debug\Obj\FWLIB\stm32f4xx_dma2d.o
#        C:\Users\LIANMENG\Desktop\AX9-PROJECT-IAR-PID\AX9_V1.00\source\bootloader\USER\Debug\Obj\FWLIB\stm32f4xx_exti.o
#        C:\Users\LIANMENG\Desktop\AX9-PROJECT-IAR-PID\AX9_V1.00\source\bootloader\USER\Debug\Obj\FWLIB\stm32f4xx_flash.o
#        C:\Users\LIANMENG\Desktop\AX9-PROJECT-IAR-PID\AX9_V1.00\source\bootloader\USER\Debug\Obj\FWLIB\stm32f4xx_flash_ramfunc.o
#        C:\Users\LIANMENG\Desktop\AX9-PROJECT-IAR-PID\AX9_V1.00\source\bootloader\USER\Debug\Obj\FWLIB\stm32f4xx_fsmc.o
#        C:\Users\LIANMENG\Desktop\AX9-PROJECT-IAR-PID\AX9_V1.00\source\bootloader\USER\Debug\Obj\FWLIB\stm32f4xx_gpio.o
#        C:\Users\LIANMENG\Desktop\AX9-PROJECT-IAR-PID\AX9_V1.00\source\bootloader\USER\Debug\Obj\FWLIB\stm32f4xx_hash.o
#        C:\Users\LIANMENG\Desktop\AX9-PROJECT-IAR-PID\AX9_V1.00\source\bootloader\USER\Debug\Obj\FWLIB\stm32f4xx_hash_md5.o
#        C:\Users\LIANMENG\Desktop\AX9-PROJECT-IAR-PID\AX9_V1.00\source\bootloader\USER\Debug\Obj\FWLIB\stm32f4xx_hash_sha1.o
#        C:\Users\LIANMENG\Desktop\AX9-PROJECT-IAR-PID\AX9_V1.00\source\bootloader\USER\Debug\Obj\FWLIB\stm32f4xx_i2c.o
#        C:\Users\LIANMENG\Desktop\AX9-PROJECT-IAR-PID\AX9_V1.00\source\bootloader\USER\Debug\Obj\USER\stm32f4xx_it.o
#        C:\Users\LIANMENG\Desktop\AX9-PROJECT-IAR-PID\AX9_V1.00\source\bootloader\USER\Debug\Obj\FWLIB\stm32f4xx_iwdg.o
#        C:\Users\LIANMENG\Desktop\AX9-PROJECT-IAR-PID\AX9_V1.00\source\bootloader\USER\Debug\Obj\FWLIB\stm32f4xx_ltdc.o
#        C:\Users\LIANMENG\Desktop\AX9-PROJECT-IAR-PID\AX9_V1.00\source\bootloader\USER\Debug\Obj\FWLIB\stm32f4xx_pwr.o
#        C:\Users\LIANMENG\Desktop\AX9-PROJECT-IAR-PID\AX9_V1.00\source\bootloader\USER\Debug\Obj\FWLIB\stm32f4xx_rcc.o
#        C:\Users\LIANMENG\Desktop\AX9-PROJECT-IAR-PID\AX9_V1.00\source\bootloader\USER\Debug\Obj\FWLIB\stm32f4xx_rng.o
#        C:\Users\LIANMENG\Desktop\AX9-PROJECT-IAR-PID\AX9_V1.00\source\bootloader\USER\Debug\Obj\FWLIB\stm32f4xx_rtc.o
#        C:\Users\LIANMENG\Desktop\AX9-PROJECT-IAR-PID\AX9_V1.00\source\bootloader\USER\Debug\Obj\FWLIB\stm32f4xx_sai.o
#        C:\Users\LIANMENG\Desktop\AX9-PROJECT-IAR-PID\AX9_V1.00\source\bootloader\USER\Debug\Obj\FWLIB\stm32f4xx_sdio.o
#        C:\Users\LIANMENG\Desktop\AX9-PROJECT-IAR-PID\AX9_V1.00\source\bootloader\USER\Debug\Obj\FWLIB\stm32f4xx_spi.o
#        C:\Users\LIANMENG\Desktop\AX9-PROJECT-IAR-PID\AX9_V1.00\source\bootloader\USER\Debug\Obj\FWLIB\stm32f4xx_syscfg.o
#        C:\Users\LIANMENG\Desktop\AX9-PROJECT-IAR-PID\AX9_V1.00\source\bootloader\USER\Debug\Obj\FWLIB\stm32f4xx_tim.o
#        C:\Users\LIANMENG\Desktop\AX9-PROJECT-IAR-PID\AX9_V1.00\source\bootloader\USER\Debug\Obj\FWLIB\stm32f4xx_usart.o
#        C:\Users\LIANMENG\Desktop\AX9-PROJECT-IAR-PID\AX9_V1.00\source\bootloader\USER\Debug\Obj\FWLIB\stm32f4xx_wwdg.o
#        C:\Users\LIANMENG\Desktop\AX9-PROJECT-IAR-PID\AX9_V1.00\source\bootloader\USER\Debug\Obj\CMSIS\system_stm32f4xx.o
#        C:\Users\LIANMENG\Desktop\AX9-PROJECT-IAR-PID\AX9_V1.00\source\bootloader\USER\Debug\Obj\BSP\systick.o
#        C:\Users\LIANMENG\Desktop\AX9-PROJECT-IAR-PID\AX9_V1.00\source\bootloader\USER\Debug\Obj\BSP\usart.o
#        C:\Users\LIANMENG\Desktop\AX9-PROJECT-IAR-PID\AX9_V1.00\source\bootloader\USER\Debug\Obj\USB\USB-APP\usb_bsp.o
#        C:\Users\LIANMENG\Desktop\AX9-PROJECT-IAR-PID\AX9_V1.00\source\bootloader\USER\Debug\Obj\USB\USB-OTG\usb_core.o
#        C:\Users\LIANMENG\Desktop\AX9-PROJECT-IAR-PID\AX9_V1.00\source\bootloader\USER\Debug\Obj\USB\USB-OTG\usb_dcd.o
#        C:\Users\LIANMENG\Desktop\AX9-PROJECT-IAR-PID\AX9_V1.00\source\bootloader\USER\Debug\Obj\USB\USB-OTG\usb_dcd_int.o
#        C:\Users\LIANMENG\Desktop\AX9-PROJECT-IAR-PID\AX9_V1.00\source\bootloader\USER\Debug\Obj\USB\USB-DEVICE\usbd_cdc_core.o
#        C:\Users\LIANMENG\Desktop\AX9-PROJECT-IAR-PID\AX9_V1.00\source\bootloader\USER\Debug\Obj\USB\USB-APP\usbd_cdc_vcp.o
#        C:\Users\LIANMENG\Desktop\AX9-PROJECT-IAR-PID\AX9_V1.00\source\bootloader\USER\Debug\Obj\USB\USB-DEVICE\usbd_core.o
#        C:\Users\LIANMENG\Desktop\AX9-PROJECT-IAR-PID\AX9_V1.00\source\bootloader\USER\Debug\Obj\USB\USB-APP\usbd_desc.o
#        C:\Users\LIANMENG\Desktop\AX9-PROJECT-IAR-PID\AX9_V1.00\source\bootloader\USER\Debug\Obj\USB\USB-DEVICE\usbd_ioreq.o
#        C:\Users\LIANMENG\Desktop\AX9-PROJECT-IAR-PID\AX9_V1.00\source\bootloader\USER\Debug\Obj\USB\USB-DEVICE\usbd_req.o
#        C:\Users\LIANMENG\Desktop\AX9-PROJECT-IAR-PID\AX9_V1.00\source\bootloader\USER\Debug\Obj\USB\USB-APP\usbd_usr.o
#        C:\Users\LIANMENG\Desktop\AX9-PROJECT-IAR-PID\AX9_V1.00\source\bootloader\USER\Debug\Obj\BSP\xmodem.o
#        --no_out_extension -o
#        C:\Users\LIANMENG\Desktop\AX9-PROJECT-IAR-PID\AX9_V1.00\source\bootloader\USER\Debug\Exe\AX9.out
#        --map
#        C:\Users\LIANMENG\Desktop\AX9-PROJECT-IAR-PID\AX9_V1.00\source\bootloader\USER\Debug\List\AX9.map
#        --config "D:\Program Files\IAR Systems\Embedded Workbench
#        9.0\arm\config\linker\ST\stm32f407xG.icf" --semihosting --entry
#        __iar_program_start --vfe --text_out locale)
#
###############################################################################

*******************************************************************************
*** RUNTIME MODEL ATTRIBUTES
***

CppFlavor       = *
__SystemLibrary = DLib
__dlib_version  = 6


*******************************************************************************
*** HEAP SELECTION
***

The basic heap was selected because no calls to memory allocation
functions were found in the application outside of system library
functions, and there are calls to deallocation functions in the
application.


*******************************************************************************
*** PLACEMENT SUMMARY
***

"A0":  place at address 0x800'0000 { ro section .intvec };
"P1":  place in [from 0x800'0000 to 0x80f'ffff] { ro };
define block CSTACK with size = 8K, alignment = 8 { };
define block HEAP with size = 8K, alignment = 8 { };
"P4":  place in [from 0x2000'0000 to 0x2001'bfff] |
                [from 0x2001'c000 to 0x2001'ffff] {
          rw, block CSTACK, block HEAP };
initialize by copy { rw };

No sections matched the following patterns:

  ro section application_specific_ro  in "P2"
  section .backup_sram                in "P5"
  section .ccram                      in "P3"


  Section            Kind         Address    Size  Object
  -------            ----         -------    ----  ------
"A0":                                       0x188
  .intvec            ro code   0x800'0000   0x188  startup_stm32f40_41xxx.o [2]
                             - 0x800'0188   0x188

"P1":                                      0x4794
  .text              ro code   0x800'0188   0xa06  usb_core.o [6]
  .text              ro code   0x800'0b8e    0x2a  copy_init3.o [10]
  .text              ro code   0x800'0bb8    0x9a  usb_bsp.o [4]
  .text              ro code   0x800'0c52     0xe  usbd_usr.o [4]
  .text              ro code   0x800'0c60   0x1c4  stm32f4xx_rcc.o [3]
  .text              ro code   0x800'0e24   0x114  stm32f4xx_gpio.o [3]
  .text              ro code   0x800'0f38    0xa4  misc.o [3]
  .text              ro code   0x800'0fdc   0x774  usb_dcd_int.o [6]
  .text              ro code   0x800'1750   0x70c  gpio.o [1]
  .text              ro code   0x800'1e5c     0xc  stm32f4xx_pwr.o [3]
  .text              ro code   0x800'1e68   0x676  usbd_req.o [5]
  .text              ro code   0x800'24de    0xcc  usbd_ioreq.o [5]
  .text              ro code   0x800'25aa   0x266  usb_dcd.o [6]
  .text              ro code   0x800'2810   0x326  usbd_core.o [5]
  .text              ro code   0x800'2b38   0x4fd  xprintfsmall_nomb.o [8]
  .text              ro code   0x800'3038    0x16  strchr.o [10]
  .text              ro code   0x800'3050    0x40  xfail_s.o [8]
  .text              ro code   0x800'3090    0x36  strlen.o [10]
  .text              ro code   0x800'30c8    0x58  memchr.o [10]
  .text              ro code   0x800'3120     0x6  abort.o [8]
  .text              ro code   0x800'3128    0x14  exit.o [11]
  .text              ro code   0x800'313c   0x324  usbd_cdc_core.o [5]
  .text              ro code   0x800'3460   0x308  xmodem.o [1]
  .text              ro code   0x800'3768    0x60  usbd_cdc_vcp.o [4]
  .text              ro code   0x800'37c8    0x28  printf.o [8]
  .text              ro code   0x800'37f0    0x66  ABImemset.o [10]
  .text              ro code   0x800'3858    0xd4  systick.o [1]
  .text              ro code   0x800'392c    0x8e  flash.o [1]
  .text              ro code   0x800'39bc   0x1bc  stm32f4xx_flash.o [3]
  .text              ro code   0x800'3b78   0x23e  emc2305.o [1]
  .text              ro code   0x800'3db8   0x1d8  board.o [1]
  .text              ro code   0x800'3f90    0xc8  usart.o [1]
  .text              ro code   0x800'4058   0x106  stm32f4xx_usart.o [3]
  .text              ro code   0x800'4160   0x154  system_stm32f4xx.o [2]
  .text              ro code   0x800'42b4   0x13e  usbd_desc.o [4]
  .text              ro code   0x800'43f4    0x80  main.o [7]
  .text              ro code   0x800'4474    0x38  zero_init3.o [10]
  .text              ro code   0x800'44ac    0x28  data_init.o [10]
  .rodata            const     0x800'44d4    0x24  usbd_desc.o [4]
  .rodata            const     0x800'44f8    0x24  usbd_desc.o [4]
  .text              ro code   0x800'451c    0x22  fpinit_M.o [9]
  .iar.init_table    const     0x800'4540    0x24  - Linker created -
  .text              ro code   0x800'4564    0x20  stm32f4xx_it.o [7]
  .text              ro code   0x800'4584    0x1e  cmain.o [10]
  .text              ro code   0x800'45a2     0x4  low_level_init.o [8]
  .text              ro code   0x800'45a6     0x4  exit.o [8]
  .text              ro code   0x800'45ac     0xa  cexit.o [10]
  .text              ro code   0x800'45b8    0x1c  cstartup_M.o [10]
  .text              ro code   0x800'45d4    0x16  xprout.o [8]
  .text              ro code   0x800'45ec     0xc  putchar.o [8]
  .rodata            const     0x800'45f8    0x14  usbd_desc.o [4]
  .rodata            const     0x800'460c    0x10  main.o [7]
  .rodata            const     0x800'461c    0x10  usbd_desc.o [4]
  .text              ro code   0x800'462c    0x10  startup_stm32f40_41xxx.o [2]
  .rodata            const     0x800'463c     0xc  usbd_desc.o [4]
  .rodata            const     0x800'4648     0xc  xmodem.o [1]
  .rodata            const     0x800'4654     0x8  xmodem.o [1]
  .text              ro code   0x800'465c     0x4  startup_stm32f40_41xxx.o [2]
  .text              ro code   0x800'4660     0x4  startup_stm32f40_41xxx.o [2]
  .text              ro code   0x800'4664     0x4  startup_stm32f40_41xxx.o [2]
  .text              ro code   0x800'4668     0x4  startup_stm32f40_41xxx.o [2]
  .text              ro code   0x800'466c     0x4  startup_stm32f40_41xxx.o [2]
  .text              ro code   0x800'4670     0x4  startup_stm32f40_41xxx.o [2]
  .text              ro code   0x800'4674     0x4  startup_stm32f40_41xxx.o [2]
  .text              ro code   0x800'4678     0x4  startup_stm32f40_41xxx.o [2]
  .text              ro code   0x800'467c     0x4  startup_stm32f40_41xxx.o [2]
  .text              ro code   0x800'4680     0x4  startup_stm32f40_41xxx.o [2]
  .text              ro code   0x800'4684     0x4  startup_stm32f40_41xxx.o [2]
  .text              ro code   0x800'4688     0x4  startup_stm32f40_41xxx.o [2]
  .text              ro code   0x800'468c     0x4  startup_stm32f40_41xxx.o [2]
  .text              ro code   0x800'4690     0x4  startup_stm32f40_41xxx.o [2]
  .text              ro code   0x800'4694     0x4  startup_stm32f40_41xxx.o [2]
  .text              ro code   0x800'4698     0x4  startup_stm32f40_41xxx.o [2]
  .text              ro code   0x800'469c     0x4  startup_stm32f40_41xxx.o [2]
  .text              ro code   0x800'46a0     0x4  startup_stm32f40_41xxx.o [2]
  .text              ro code   0x800'46a4     0x4  startup_stm32f40_41xxx.o [2]
  .text              ro code   0x800'46a8     0x4  startup_stm32f40_41xxx.o [2]
  .text              ro code   0x800'46ac     0x4  startup_stm32f40_41xxx.o [2]
  .text              ro code   0x800'46b0     0x4  startup_stm32f40_41xxx.o [2]
  .text              ro code   0x800'46b4     0x4  startup_stm32f40_41xxx.o [2]
  .text              ro code   0x800'46b8     0x4  startup_stm32f40_41xxx.o [2]
  .text              ro code   0x800'46bc     0x4  startup_stm32f40_41xxx.o [2]
  .text              ro code   0x800'46c0     0x4  startup_stm32f40_41xxx.o [2]
  .text              ro code   0x800'46c4     0x4  startup_stm32f40_41xxx.o [2]
  .text              ro code   0x800'46c8     0x4  startup_stm32f40_41xxx.o [2]
  .text              ro code   0x800'46cc     0x4  startup_stm32f40_41xxx.o [2]
  .text              ro code   0x800'46d0     0x4  startup_stm32f40_41xxx.o [2]
  .text              ro code   0x800'46d4     0x4  startup_stm32f40_41xxx.o [2]
  .text              ro code   0x800'46d8     0x4  startup_stm32f40_41xxx.o [2]
  .text              ro code   0x800'46dc     0x4  startup_stm32f40_41xxx.o [2]
  .text              ro code   0x800'46e0     0x4  startup_stm32f40_41xxx.o [2]
  .text              ro code   0x800'46e4     0x4  startup_stm32f40_41xxx.o [2]
  .text              ro code   0x800'46e8     0x4  startup_stm32f40_41xxx.o [2]
  .text              ro code   0x800'46ec     0x4  startup_stm32f40_41xxx.o [2]
  .text              ro code   0x800'46f0     0x4  startup_stm32f40_41xxx.o [2]
  .text              ro code   0x800'46f4     0x4  startup_stm32f40_41xxx.o [2]
  .text              ro code   0x800'46f8     0x4  startup_stm32f40_41xxx.o [2]
  .text              ro code   0x800'46fc     0x4  startup_stm32f40_41xxx.o [2]
  .text              ro code   0x800'4700     0x4  startup_stm32f40_41xxx.o [2]
  .text              ro code   0x800'4704     0x4  startup_stm32f40_41xxx.o [2]
  .text              ro code   0x800'4708     0x4  startup_stm32f40_41xxx.o [2]
  .text              ro code   0x800'470c     0x4  startup_stm32f40_41xxx.o [2]
  .text              ro code   0x800'4710     0x4  startup_stm32f40_41xxx.o [2]
  .text              ro code   0x800'4714     0x4  startup_stm32f40_41xxx.o [2]
  .text              ro code   0x800'4718     0x4  startup_stm32f40_41xxx.o [2]
  .text              ro code   0x800'471c     0x4  startup_stm32f40_41xxx.o [2]
  .text              ro code   0x800'4720     0x4  startup_stm32f40_41xxx.o [2]
  .text              ro code   0x800'4724     0x4  startup_stm32f40_41xxx.o [2]
  .text              ro code   0x800'4728     0x4  startup_stm32f40_41xxx.o [2]
  .text              ro code   0x800'472c     0x4  startup_stm32f40_41xxx.o [2]
  .text              ro code   0x800'4730     0x4  startup_stm32f40_41xxx.o [2]
  .text              ro code   0x800'4734     0x4  startup_stm32f40_41xxx.o [2]
  .text              ro code   0x800'4738     0x4  startup_stm32f40_41xxx.o [2]
  .text              ro code   0x800'473c     0x4  startup_stm32f40_41xxx.o [2]
  .text              ro code   0x800'4740     0x4  startup_stm32f40_41xxx.o [2]
  .text              ro code   0x800'4744     0x4  startup_stm32f40_41xxx.o [2]
  .text              ro code   0x800'4748     0x4  startup_stm32f40_41xxx.o [2]
  .text              ro code   0x800'474c     0x4  startup_stm32f40_41xxx.o [2]
  .text              ro code   0x800'4750     0x4  startup_stm32f40_41xxx.o [2]
  .text              ro code   0x800'4754     0x4  startup_stm32f40_41xxx.o [2]
  .text              ro code   0x800'4758     0x4  startup_stm32f40_41xxx.o [2]
  .text              ro code   0x800'475c     0x4  startup_stm32f40_41xxx.o [2]
  .text              ro code   0x800'4760     0x4  startup_stm32f40_41xxx.o [2]
  .text              ro code   0x800'4764     0x4  startup_stm32f40_41xxx.o [2]
  .text              ro code   0x800'4768     0x4  startup_stm32f40_41xxx.o [2]
  .text              ro code   0x800'476c     0x4  startup_stm32f40_41xxx.o [2]
  .text              ro code   0x800'4770     0x4  startup_stm32f40_41xxx.o [2]
  .text              ro code   0x800'4774     0x4  startup_stm32f40_41xxx.o [2]
  .text              ro code   0x800'4778     0x4  startup_stm32f40_41xxx.o [2]
  .text              ro code   0x800'477c     0x4  startup_stm32f40_41xxx.o [2]
  .text              ro code   0x800'4780     0x4  startup_stm32f40_41xxx.o [2]
  .text              ro code   0x800'4784     0x4  startup_stm32f40_41xxx.o [2]
  .text              ro code   0x800'4788     0x4  startup_stm32f40_41xxx.o [2]
  .text              ro code   0x800'478c     0x4  startup_stm32f40_41xxx.o [2]
  .text              ro code   0x800'4790     0x4  startup_stm32f40_41xxx.o [2]
  .text              ro code   0x800'4794     0x4  startup_stm32f40_41xxx.o [2]
  .text              ro code   0x800'4798     0x4  startup_stm32f40_41xxx.o [2]
  .text              ro code   0x800'479c     0x4  startup_stm32f40_41xxx.o [2]
  .rodata            const     0x800'47a0     0x0  zero_init3.o [10]
  .rodata            const     0x800'47a0     0x0  copy_init3.o [10]
  Initializer bytes  const     0x800'47a0   0x17c  <for P4 s0>
                             - 0x800'491c  0x4794

"P4", part 1 of 3:                          0x17c
  P4 s0                       0x2000'0000   0x17c  <Init block>
    .data            inited   0x2000'0000    0x48  xfiles.o [8]
    .data            inited   0x2000'0048    0x44  usbd_cdc_core.o [5]
    .data            inited   0x2000'008c    0x2c  usbd_cdc_core.o [5]
    .data            inited   0x2000'00b8    0x2c  usbd_core.o [5]
    .data            inited   0x2000'00e4    0x1c  usbd_desc.o [4]
    .data            inited   0x2000'0100    0x1c  usbd_desc.o [4]
    .data            inited   0x2000'011c    0x1c  usbd_usr.o [4]
    .data            inited   0x2000'0138    0x14  usbd_cdc_vcp.o [4]
    .data            inited   0x2000'014c    0x14  usbd_desc.o [4]
    .data            inited   0x2000'0160    0x10  stm32f4xx_rcc.o [3]
    .data            inited   0x2000'0170     0x4  usbd_cdc_core.o [5]
    .data            inited   0x2000'0174     0x4  usbd_core.o [5]
    .data            inited   0x2000'0178     0x4  usbd_desc.o [4]
                            - 0x2000'017c   0x17c

"P4", part 2 of 3:                         0x152c
  .bss               zero     0x2000'017c   0x800  usbd_cdc_core.o [5]
  .bss               zero     0x2000'097c   0x5f4  board.o [1]
  .bss               zero     0x2000'0f70   0x408  xmodem.o [1]
  .bss               zero     0x2000'1378   0x100  usbd_desc.o [4]
  .bss               zero     0x2000'1478    0xc8  usbd_cdc_core.o [5]
  .bss               zero     0x2000'1540    0xc8  xmodem.o [1]
  .bss               zero     0x2000'1608    0x50  xfiles.o [8]
  .bss               zero     0x2000'1658     0x8  usbd_cdc_core.o [5]
  .bss               zero     0x2000'1660     0x4  flash.o [1]
  .bss               zero     0x2000'1664     0x4  flash.o [1]
  .bss               zero     0x2000'1668     0x4  usbd_cdc_core.o [5]
  .bss               zero     0x2000'166c     0x4  usbd_cdc_core.o [5]
  .bss               zero     0x2000'1670     0x4  usbd_cdc_core.o [5]
  .bss               zero     0x2000'1674     0x4  usbd_cdc_core.o [5]
  .bss               zero     0x2000'1678     0x4  usbd_cdc_core.o [5]
  .bss               zero     0x2000'167c     0x4  usbd_cdc_core.o [5]
  .bss               zero     0x2000'1680     0x4  usbd_cdc_vcp.o [4]
  .bss               zero     0x2000'1684     0x4  usbd_core.o [5]
  .bss               zero     0x2000'1688     0x4  usbd_req.o [5]
  .bss               zero     0x2000'168c     0x4  usbd_req.o [5]
  .bss               zero     0x2000'1690     0x4  usbd_req.o [5]
  .bss               zero     0x2000'1694     0x4  xmodem.o [1]
  .bss               zero     0x2000'1698     0x4  xmodem.o [1]
  .bss               zero     0x2000'169c     0x4  xfail_s.o [8]
  .bss               zero     0x2000'16a0     0x2  xmodem.o [1]
  .bss               zero     0x2000'16a2     0x1  usbd_cdc_core.o [5]
  .bss               zero     0x2000'16a3     0x1  usbd_req.o [5]
  .bss               zero     0x2000'16a4     0x1  xmodem.o [1]
  .bss               zero     0x2000'16a5     0x1  xmodem.o [1]
                            - 0x2000'16a6  0x152a

"P4", part 3 of 3:                         0x2000
  CSTACK                      0x2000'16a8  0x2000  <Block>
    CSTACK           uninit   0x2000'16a8  0x2000  <Block tail>
                            - 0x2000'36a8  0x2000

Unused ranges:

         From           To      Size
         ----           --      ----
   0x800'491c   0x80f'ffff  0xf'b6e4
  0x2000'36a8  0x2001'bfff  0x1'8958
  0x2001'c000  0x2001'ffff    0x4000


*******************************************************************************
*** INIT TABLE
***

          Address      Size
          -------      ----
Zero (__iar_zero_init3)
    1 destination range, total size 0x152a:
          0x2000'017c  0x152a

Copy (__iar_copy_init3)
    1 source range, total size 0x17c:
           0x800'47a0   0x17c
    1 destination range, total size 0x17c:
          0x2000'0000   0x17c



*******************************************************************************
*** MODULE SUMMARY
***

    Module                    ro code  ro data  rw data
    ------                    -------  -------  -------
command line/config:
    ---------------------------------------------------
    Total:

C:\Users\LIANMENG\Desktop\AX9-PROJECT-IAR-PID\AX9_V1.00\source\bootloader\USER\Debug\Obj\BSP: [1]
    board.o                       472             1'524
    emc2305.o                     574
    flash.o                       142                 8
    gpio.o                      1'804
    systick.o                     212
    usart.o                       200
    xmodem.o                      776       20    1'244
    ---------------------------------------------------
    Total:                      4'180       20    2'776

C:\Users\LIANMENG\Desktop\AX9-PROJECT-IAR-PID\AX9_V1.00\source\bootloader\USER\Debug\Obj\CMSIS: [2]
    startup_stm32f40_41xxx.o      732
    system_stm32f4xx.o            340
    ---------------------------------------------------
    Total:                      1'072

C:\Users\LIANMENG\Desktop\AX9-PROJECT-IAR-PID\AX9_V1.00\source\bootloader\USER\Debug\Obj\FWLIB: [3]
    misc.o                        164
    stm32f4xx_flash.o             444
    stm32f4xx_gpio.o              276
    stm32f4xx_pwr.o                12
    stm32f4xx_rcc.o               452       16       16
    stm32f4xx_usart.o             262
    ---------------------------------------------------
    Total:                      1'610       16       16

C:\Users\LIANMENG\Desktop\AX9-PROJECT-IAR-PID\AX9_V1.00\source\bootloader\USER\Debug\Obj\USB\USB-APP: [4]
    usb_bsp.o                     154
    usbd_cdc_vcp.o                 96       20       24
    usbd_desc.o                   318      200      336
    usbd_usr.o                     14       28       28
    ---------------------------------------------------
    Total:                        582      248      388

C:\Users\LIANMENG\Desktop\AX9-PROJECT-IAR-PID\AX9_V1.00\source\bootloader\USER\Debug\Obj\USB\USB-DEVICE: [5]
    usbd_cdc_core.o               804      116    2'397
    usbd_core.o                   806       48       52
    usbd_ioreq.o                  204
    usbd_req.o                  1'654                13
    ---------------------------------------------------
    Total:                      3'468      164    2'462

C:\Users\LIANMENG\Desktop\AX9-PROJECT-IAR-PID\AX9_V1.00\source\bootloader\USER\Debug\Obj\USB\USB-OTG: [6]
    usb_core.o                  2'566
    usb_dcd.o                     614
    usb_dcd_int.o               1'908
    ---------------------------------------------------
    Total:                      5'088

C:\Users\LIANMENG\Desktop\AX9-PROJECT-IAR-PID\AX9_V1.00\source\bootloader\USER\Debug\Obj\USER: [7]
    main.o                        128       16
    stm32f4xx_it.o                 32
    ---------------------------------------------------
    Total:                        160       16

dl7M_tlf.a: [8]
    abort.o                         6
    exit.o                          4
    low_level_init.o                4
    printf.o                       40
    putchar.o                      12
    xfail_s.o                      64                 4
    xfiles.o                                72      152
    xprintfsmall_nomb.o         1'277
    xprout.o                       22
    ---------------------------------------------------
    Total:                      1'429       72      156

m7M_tls.a: [9]
    fpinit_M.o                     34
    ---------------------------------------------------
    Total:                         34

rt7M_tl.a: [10]
    ABImemset.o                   102
    cexit.o                        10
    cmain.o                        30
    copy_init3.o                   42
    cstartup_M.o                   28
    data_init.o                    40
    memchr.o                       88
    strchr.o                       22
    strlen.o                       54
    zero_init3.o                   56
    ---------------------------------------------------
    Total:                        472

shb_l.a: [11]
    exit.o                         20
    ---------------------------------------------------
    Total:                         20

    Gaps                           27        2
    Linker created                          36    8'192
-------------------------------------------------------
    Grand Total:               18'142      574   13'990


*******************************************************************************
*** ENTRY LIST
***

Entry                       Address   Size  Type      Object
-----                       -------   ----  ----      ------
.iar.init_table$$Base    0x800'4540          --   Gb  - Linker created -
.iar.init_table$$Limit   0x800'4564          --   Gb  - Linker created -
?main                    0x800'4585         Code  Gb  cmain.o [10]
APBAHBPrescTable        0x2000'0160   0x10  Data  Lc  stm32f4xx_rcc.o [3]
APP_Rx_Buffer           0x2000'017c  0x800  Data  Gb  usbd_cdc_core.o [5]
APP_Rx_length           0x2000'1674    0x4  Data  Gb  usbd_cdc_core.o [5]
APP_Rx_ptr_in           0x2000'166c    0x4  Data  Gb  usbd_cdc_core.o [5]
APP_Rx_ptr_out          0x2000'1670    0x4  Data  Gb  usbd_cdc_core.o [5]
Board_Bsp_Init           0x800'3f2f   0x38  Code  Gb  board.o [1]
BusFault_Handler         0x800'456b    0x2  Code  Gb  stm32f4xx_it.o [7]
CSTACK$$Base            0x2000'16a8          --   Gb  - Linker created -
CSTACK$$Limit           0x2000'36a8          --   Gb  - Linker created -
CmdBuff                 0x2000'1658    0x8  Data  Gb  usbd_cdc_core.o [5]
DCD_EP_Close             0x800'26a5   0x46  Code  Gb  usb_dcd.o [6]
DCD_EP_ClrStall          0x800'27b9   0x46  Code  Gb  usb_dcd.o [6]
DCD_EP_Open              0x800'2645   0x60  Code  Gb  usb_dcd.o [6]
DCD_EP_PrepareRx         0x800'26eb   0x48  Code  Gb  usb_dcd.o [6]
DCD_EP_SetAddress        0x800'27ff   0x12  Code  Gb  usb_dcd.o [6]
DCD_EP_Stall             0x800'2773   0x46  Code  Gb  usb_dcd.o [6]
DCD_EP_Tx                0x800'2733   0x40  Code  Gb  usb_dcd.o [6]
DCD_HandleEnumDone_ISR   0x800'15a3  0x100  Code  Lc  usb_dcd_int.o [6]
DCD_HandleInEP_ISR       0x800'11df   0xe0  Code  Lc  usb_dcd_int.o [6]
DCD_HandleOutEP_ISR      0x800'12bf   0xcc  Code  Lc  usb_dcd_int.o [6]
DCD_HandleResume_ISR     0x800'1115   0x4a  Code  Lc  usb_dcd_int.o [6]
DCD_HandleRxStatusQueueLevel_ISR
                         0x800'13a9   0xa2  Code  Lc  usb_dcd_int.o [6]
DCD_HandleSof_ISR        0x800'138b   0x1e  Code  Lc  usb_dcd_int.o [6]
DCD_HandleUSBSuspend_ISR
                         0x800'115f   0x80  Code  Lc  usb_dcd_int.o [6]
DCD_HandleUsbReset_ISR   0x800'14f9   0xaa  Code  Lc  usb_dcd_int.o [6]
DCD_Init                 0x800'25ab   0x9a  Code  Gb  usb_dcd.o [6]
DCD_IsoINIncomplete_ISR
                         0x800'16a3   0x1c  Code  Lc  usb_dcd_int.o [6]
DCD_IsoOUTIncomplete_ISR
                         0x800'16bf   0x1c  Code  Lc  usb_dcd_int.o [6]
DCD_OTG_ISR              0x800'10f1   0x24  Code  Lc  usb_dcd_int.o [6]
DCD_ReadDevInEP          0x800'1731   0x20  Code  Lc  usb_dcd_int.o [6]
DCD_SessionRequest_ISR   0x800'10d3   0x1e  Code  Lc  usb_dcd_int.o [6]
DCD_WriteEmptyTxFifo     0x800'144b   0xae  Code  Lc  usb_dcd_int.o [6]
DebugMon_Handler         0x800'4571    0x2  Code  Gb  stm32f4xx_it.o [7]
Emc2305_WriteByte        0x800'3cfd   0x52  Code  Gb  emc2305.o [1]
FLASH_EraseSector        0x800'39ef   0xb6  Code  Gb  stm32f4xx_flash.o [3]
FLASH_GetStatus          0x800'3af3   0x46  Code  Gb  stm32f4xx_flash.o [3]
FLASH_Lock               0x800'39dd   0x12  Code  Gb  stm32f4xx_flash.o [3]
FLASH_ProgramHalfWord    0x800'3aa5   0x4e  Code  Gb  stm32f4xx_flash.o [3]
FLASH_Unlock             0x800'39bd   0x20  Code  Gb  stm32f4xx_flash.o [3]
FLASH_WaitForLastOperation
                         0x800'3b51   0x28  Code  Gb  stm32f4xx_flash.o [3]
Fan_Emc2305_Init         0x800'3d4f   0x68  Code  Gb  emc2305.o [1]
Flash_Program            0x800'3971   0x4a  Code  Gb  flash.o [1]
GPIO_Init                0x800'0e25   0xa4  Code  Gb  stm32f4xx_gpio.o [3]
GPIO_PinAFConfig         0x800'0ee5   0x54  Code  Gb  stm32f4xx_gpio.o [3]
GPIO_ReadInputDataBit    0x800'0ec9   0x14  Code  Gb  stm32f4xx_gpio.o [3]
GPIO_ResetBits           0x800'0ee1    0x4  Code  Gb  stm32f4xx_gpio.o [3]
GPIO_SetBits             0x800'0edd    0x4  Code  Gb  stm32f4xx_gpio.o [3]
Get_SerialNum            0x800'4343   0x28  Code  Lc  usbd_desc.o [4]
Gpio_Config              0x800'1773  0x6ce  Code  Gb  gpio.o [1]
Gpio_Init                0x800'1751   0x22  Code  Lc  gpio.o [1]
Handle_USBAsynchXfer     0x800'335f   0xc2  Code  Lc  usbd_cdc_core.o [5]
HardFault_Handler        0x800'4567    0x2  Code  Gb  stm32f4xx_it.o [7]
I2c_Emc_SendByte         0x800'3c5b   0x56  Code  Gb  emc2305.o [1]
I2c_Emc_Start            0x800'3be1   0x40  Code  Gb  emc2305.o [1]
I2c_Emc_Stop             0x800'3c21   0x3a  Code  Gb  emc2305.o [1]
I2c_Emc_WaitAck          0x800'3cb1   0x48  Code  Gb  emc2305.o [1]
IntToUnicode             0x800'43a5   0x4e  Code  Lc  usbd_desc.o [4]
JumpAddress             0x2000'1660    0x4  Data  Gb  flash.o [1]
JumpToApp                0x800'392d   0x30  Code  Gb  flash.o [1]
Jump_To_Application     0x2000'1664    0x4  Data  Gb  flash.o [1]
MemManage_Handler        0x800'4569    0x2  Code  Gb  stm32f4xx_it.o [7]
NMI_Handler              0x800'4565    0x2  Code  Gb  stm32f4xx_it.o [7]
NVIC_Init                0x800'0f43   0x62  Code  Gb  misc.o [3]
NVIC_PriorityGroupConfig
                         0x800'0f39    0xa  Code  Gb  misc.o [3]
NVIC_SetPriority         0x800'3859   0x24  Code  Lc  systick.o [1]
OTG_FS_IRQHandler        0x800'4577    0xa  Code  Gb  stm32f4xx_it.o [7]
PWR_BackupAccessCmd      0x800'1e5d    0x8  Code  Gb  stm32f4xx_pwr.o [3]
PendSV_Handler           0x800'4573    0x2  Code  Gb  stm32f4xx_it.o [7]
PowerDown_Sequence       0x800'3e7d   0xb2  Code  Gb  board.o [1]
PowerOn_Sequence         0x800'3db9   0xc4  Code  Gb  board.o [1]
RCC_AHB1PeriphClockCmd   0x800'0d6f   0x28  Code  Gb  stm32f4xx_rcc.o [3]
RCC_AHB2PeriphClockCmd   0x800'0d97   0x24  Code  Gb  stm32f4xx_rcc.o [3]
RCC_APB1PeriphClockCmd   0x800'0dbb   0x20  Code  Gb  stm32f4xx_rcc.o [3]
RCC_APB2PeriphClockCmd   0x800'0ddb   0x20  Code  Gb  stm32f4xx_rcc.o [3]
RCC_GetClocksFreq        0x800'0c93   0xdc  Code  Gb  stm32f4xx_rcc.o [3]
RCC_LSEConfig            0x800'0c61   0x32  Code  Gb  stm32f4xx_rcc.o [3]
ReceiveDataFrameAnalysis
                         0x800'34a1  0x114  Code  Gb  xmodem.o [1]
Region$$Table$$Base      0x800'4540          --   Gb  - Linker created -
Region$$Table$$Limit     0x800'4564          --   Gb  - Linker created -
Reset_Cpu                0x800'3717    0x8  Code  Gb  xmodem.o [1]
RxBuf                   0x2000'1540   0xc8  Data  Gb  xmodem.o [1]
RxLen                   0x2000'16a0    0x2  Data  Gb  xmodem.o [1]
Rx_BufStruct            0x2000'0f70  0x408  Data  Gb  xmodem.o [1]
SET_TEST_MODE           0x2000'1684    0x4  Data  Gb  usbd_core.o [5]
SMDAT_2305_IN            0x800'3bb1   0x30  Code  Gb  emc2305.o [1]
SMDAT_2305_OUT           0x800'3b79   0x38  Code  Gb  emc2305.o [1]
SVC_Handler              0x800'456f    0x2  Code  Gb  stm32f4xx_it.o [7]
SetSysClock              0x800'41b3   0xce  Code  Lc  system_stm32f4xx.o [2]
SysTick_CLKSourceConfig
                         0x800'0fa5   0x20  Code  Gb  misc.o [3]
SysTick_Config           0x800'387d   0x2e  Code  Lc  systick.o [1]
SysTick_Handler          0x800'4575    0x2  Code  Gb  stm32f4xx_it.o [7]
SysTick_Iint             0x800'38ab   0x14  Code  Gb  systick.o [1]
SystemInit               0x800'4161   0x52  Code  Gb  system_stm32f4xx.o [2]
USART_Cmd                0x800'4121   0x1c  Code  Gb  stm32f4xx_usart.o [3]
USART_GetFlagStatus      0x800'4145   0x1a  Code  Gb  stm32f4xx_usart.o [3]
USART_Init               0x800'4059   0xba  Code  Gb  stm32f4xx_usart.o [3]
USART_SendData           0x800'413d    0x8  Code  Gb  stm32f4xx_usart.o [3]
USBD_CDC_cb             0x2000'008c   0x2c  Data  Gb  usbd_cdc_core.o [5]
USBD_ClrCfg              0x800'2ad3   0x10  Code  Gb  usbd_core.o [5]
USBD_ClrFeature          0x800'23e9   0x34  Code  Lc  usbd_req.o [5]
USBD_CtlContinueRx       0x800'254d   0x16  Code  Gb  usbd_ioreq.o [5]
USBD_CtlContinueSendData
                         0x800'250b   0x16  Code  Gb  usbd_ioreq.o [5]
USBD_CtlError            0x800'2461   0x1c  Code  Gb  usbd_req.o [5]
USBD_CtlPrepareRx        0x800'2521   0x2c  Code  Gb  usbd_ioreq.o [5]
USBD_CtlReceiveStatus    0x800'2587   0x24  Code  Gb  usbd_ioreq.o [5]
USBD_CtlSendData         0x800'24df   0x2c  Code  Gb  usbd_ioreq.o [5]
USBD_CtlSendStatus       0x800'2563   0x24  Code  Gb  usbd_ioreq.o [5]
USBD_DCD_INT_cb         0x2000'00b8   0x2c  Data  Gb  usbd_core.o [5]
USBD_DCD_INT_fops       0x2000'0174    0x4  Data  Gb  usbd_core.o [5]
USBD_DataInStage         0x800'293f   0xe6  Code  Lc  usbd_core.o [5]
USBD_DataOutStage        0x800'28a9   0x96  Code  Lc  usbd_core.o [5]
USBD_DeInit              0x800'2855    0x4  Code  Gb  usbd_core.o [5]
USBD_DevConnected        0x800'2aff   0x16  Code  Lc  usbd_core.o [5]
USBD_DevDisconnected     0x800'2b15   0x22  Code  Lc  usbd_core.o [5]
USBD_DeviceDesc         0x2000'014c   0x14  Data  Gb  usbd_desc.o [4]
USBD_GetConfig           0x800'22d5   0x38  Code  Lc  usbd_req.o [5]
USBD_GetDescriptor       0x800'20af  0x10e  Code  Lc  usbd_req.o [5]
USBD_GetLen              0x800'24cb   0x14  Code  Lc  usbd_req.o [5]
USBD_GetStatus           0x800'230d   0x36  Code  Lc  usbd_req.o [5]
USBD_GetString           0x800'247d   0x4e  Code  Gb  usbd_req.o [5]
USBD_Init                0x800'2811   0x44  Code  Gb  usbd_core.o [5]
USBD_IsoINIncomplete     0x800'2ae3    0xe  Code  Lc  usbd_core.o [5]
USBD_IsoOUTIncomplete    0x800'2af1    0xe  Code  Lc  usbd_core.o [5]
USBD_LangIDDesc         0x2000'0178    0x4  Data  Gb  usbd_desc.o [4]
USBD_OTG_ISR_Handler     0x800'0fdd   0xf6  Code  Gb  usb_dcd_int.o [6]
USBD_ParseSetupRequest   0x800'241d   0x44  Code  Gb  usbd_req.o [5]
USBD_Reset               0x800'2a35   0x30  Code  Lc  usbd_core.o [5]
USBD_Resume              0x800'2a65   0x1e  Code  Lc  usbd_core.o [5]
USBD_RunTestMode         0x800'2a25    0xc  Code  Lc  usbd_core.o [5]
USBD_SOF                 0x800'2a9f   0x18  Code  Lc  usbd_core.o [5]
USBD_SetAddress          0x800'21bd   0x58  Code  Lc  usbd_req.o [5]
USBD_SetCfg              0x800'2ab7   0x1c  Code  Gb  usbd_core.o [5]
USBD_SetConfig           0x800'2215   0xc0  Code  Lc  usbd_req.o [5]
USBD_SetConfig::cfgidx  0x2000'16a3    0x1  Data  Lc  usbd_req.o [5]
USBD_SetFeature          0x800'2343   0x92  Code  Lc  usbd_req.o [5]
USBD_SetupStage          0x800'2859   0x50  Code  Lc  usbd_core.o [5]
USBD_StdDevReq           0x800'1e69   0x58  Code  Gb  usbd_req.o [5]
USBD_StdEPReq            0x800'1f11  0x19e  Code  Gb  usbd_req.o [5]
USBD_StdItfReq           0x800'1ec1   0x50  Code  Gb  usbd_req.o [5]
USBD_StrDesc            0x2000'1378  0x100  Data  Gb  usbd_desc.o [4]
USBD_StringSerial       0x2000'0100   0x1c  Data  Gb  usbd_desc.o [4]
USBD_Suspend             0x800'2a83   0x1c  Code  Lc  usbd_core.o [5]
USBD_USR_ConfigStrDescriptor
                         0x800'4303   0x20  Code  Gb  usbd_desc.o [4]
USBD_USR_DeviceConfigured
                         0x800'0c57    0x2  Code  Gb  usbd_usr.o [4]
USBD_USR_DeviceConnected
                         0x800'0c5d    0x2  Code  Gb  usbd_usr.o [4]
USBD_USR_DeviceDescriptor
                         0x800'42b5    0x8  Code  Gb  usbd_desc.o [4]
USBD_USR_DeviceDisconnected
                         0x800'0c5f    0x2  Code  Gb  usbd_usr.o [4]
USBD_USR_DeviceReset     0x800'0c55    0x2  Code  Gb  usbd_usr.o [4]
USBD_USR_DeviceResumed   0x800'0c5b    0x2  Code  Gb  usbd_usr.o [4]
USBD_USR_DeviceSuspended
                         0x800'0c59    0x2  Code  Gb  usbd_usr.o [4]
USBD_USR_Init            0x800'0c53    0x2  Code  Gb  usbd_usr.o [4]
USBD_USR_InterfaceStrDescriptor
                         0x800'4323   0x20  Code  Gb  usbd_desc.o [4]
USBD_USR_LangIDStrDescriptor
                         0x800'42bd    0x8  Code  Gb  usbd_desc.o [4]
USBD_USR_ManufacturerStrDescriptor
                         0x800'42e5   0x10  Code  Gb  usbd_desc.o [4]
USBD_USR_ProductStrDescriptor
                         0x800'42c5   0x20  Code  Gb  usbd_desc.o [4]
USBD_USR_SerialStrDescriptor
                         0x800'42f5    0xe  Code  Gb  usbd_desc.o [4]
USBD_cdc_GetCfgDesc      0x800'3421    0x8  Code  Lc  usbd_cdc_core.o [5]
USBD_cfg_status         0x2000'1690    0x4  Data  Gb  usbd_req.o [5]
USBD_default_cfg        0x2000'168c    0x4  Data  Gb  usbd_req.o [5]
USBD_ep_status          0x2000'1688    0x4  Data  Gb  usbd_req.o [5]
USB_OTG_BSP_EnableInterrupt
                         0x800'0c0d   0x2a  Code  Gb  usb_bsp.o [4]
USB_OTG_BSP_Init         0x800'0bb9   0x4e  Code  Gb  usb_bsp.o [4]
USB_OTG_BSP_mDelay       0x800'0c45    0xe  Code  Gb  usb_bsp.o [4]
USB_OTG_BSP_uDelay       0x800'0c37    0xe  Code  Gb  usb_bsp.o [4]
USB_OTG_CoreInit         0x800'0345   0xb0  Code  Gb  usb_core.o [6]
USB_OTG_CoreInitDev      0x800'052d  0x172  Code  Gb  usb_core.o [6]
USB_OTG_CoreReset        0x800'01a9   0x60  Code  Lc  usb_core.o [6]
USB_OTG_DisableGlobalInt
                         0x800'040d   0x1a  Code  Gb  usb_core.o [6]
USB_OTG_EP0Activate      0x800'072d   0x50  Code  Gb  usb_core.o [6]
USB_OTG_EP0StartXfer     0x800'09b9   0xf0  Code  Gb  usb_core.o [6]
USB_OTG_EP0_OutStart     0x800'0b59   0x36  Code  Gb  usb_core.o [6]
USB_OTG_EPActivate       0x800'077d   0x70  Code  Gb  usb_core.o [6]
USB_OTG_EPClearStall     0x800'0ae7   0x3e  Code  Gb  usb_core.o [6]
USB_OTG_EPDeactivate     0x800'07ed   0x60  Code  Gb  usb_core.o [6]
USB_OTG_EPSetStall       0x800'0aa9   0x3e  Code  Gb  usb_core.o [6]
USB_OTG_EPStartXfer      0x800'084d  0x16c  Code  Gb  usb_core.o [6]
USB_OTG_EnableCommonInt
                         0x800'0189   0x20  Code  Lc  usb_core.o [6]
USB_OTG_EnableDevInt     0x800'069f   0x60  Code  Gb  usb_core.o [6]
USB_OTG_EnableGlobalInt
                         0x800'03f5   0x18  Code  Gb  usb_core.o [6]
USB_OTG_FlushRxFifo      0x800'046f   0x40  Code  Gb  usb_core.o [6]
USB_OTG_FlushTxFifo      0x800'0427   0x48  Code  Gb  usb_core.o [6]
USB_OTG_GetDeviceSpeed   0x800'06ff   0x2e  Code  Gb  usb_core.o [6]
USB_OTG_GetMode          0x800'04f1    0xa  Code  Gb  usb_core.o [6]
USB_OTG_InitDevSpeed     0x800'051f    0xe  Code  Gb  usb_core.o [6]
USB_OTG_IsDeviceMode     0x800'04fb   0x14  Code  Gb  usb_core.o [6]
USB_OTG_ReadCoreItr      0x800'050f   0x10  Code  Gb  usb_core.o [6]
USB_OTG_ReadDevAllInEPItr
                         0x800'0b49   0x10  Code  Gb  usb_core.o [6]
USB_OTG_ReadDevAllOutEp_itr
                         0x800'0b25   0x10  Code  Gb  usb_core.o [6]
USB_OTG_ReadDevOutEP_itr
                         0x800'0b35   0x14  Code  Gb  usb_core.o [6]
USB_OTG_ReadPacket       0x800'0243   0x28  Code  Gb  usb_core.o [6]
USB_OTG_SelectCore       0x800'026b   0xda  Code  Gb  usb_core.o [6]
USB_OTG_SetCurrentMode   0x800'04b9   0x38  Code  Gb  usb_core.o [6]
USB_OTG_WritePacket      0x800'0209   0x3a  Code  Gb  usb_core.o [6]
USB_OTG_dev             0x2000'097c  0x5f4  Data  Gb  board.o [1]
USB_Rx_Buffer           0x2000'1478   0xc8  Data  Gb  usbd_cdc_core.o [5]
USB_Tx_State            0x2000'16a2    0x1  Data  Gb  usbd_cdc_core.o [5]
USR_cb                  0x2000'011c   0x1c  Data  Gb  usbd_usr.o [4]
USR_desc                0x2000'00e4   0x1c  Data  Gb  usbd_desc.o [4]
UsageFault_Handler       0x800'456d    0x2  Code  Gb  stm32f4xx_it.o [7]
Usart_Init               0x800'3f91   0x92  Code  Gb  usart.o [1]
VCP_CheckDataReceived    0x800'37b5    0x6  Code  Gb  usbd_cdc_vcp.o [4]
VCP_Ctrl                 0x800'3771    0x4  Code  Lc  usbd_cdc_vcp.o [4]
VCP_DataRx               0x800'37ad    0x8  Code  Lc  usbd_cdc_vcp.o [4]
VCP_DataTx               0x800'3775   0x38  Code  Lc  usbd_cdc_vcp.o [4]
VCP_DeInit               0x800'376d    0x4  Code  Lc  usbd_cdc_vcp.o [4]
VCP_Init                 0x800'3769    0x4  Code  Lc  usbd_cdc_vcp.o [4]
VCP_fops                0x2000'0138   0x14  Data  Gb  usbd_cdc_vcp.o [4]
XmodemRxDat             0x2000'16a5    0x1  Data  Gb  xmodem.o [1]
XmodemSend               0x800'35b5    0xc  Code  Gb  xmodem.o [1]
XmodemStart             0x2000'16a4    0x1  Data  Gb  xmodem.o [1]
Xmodm_Updata             0x800'35c1  0x156  Code  Gb  xmodem.o [1]
_LitobSmallNoMb          0x800'2ef3   0xd0  Code  Lc  xprintfsmall_nomb.o [8]
_PrintfSmallNoMb         0x800'2b39  0x3b0  Code  Gb  xprintfsmall_nomb.o [8]
_Prout                   0x800'45d5   0x16  Code  Gb  xprout.o [8]
_PutcharSmallNoMb        0x800'2fc3   0x20  Code  Lc  xprintfsmall_nomb.o [8]
_PutcharsSmallNoMb       0x800'2fe3   0x2e  Code  Lc  xprintfsmall_nomb.o [8]
__aeabi_memset           0x800'37f1         Code  Gb  ABImemset.o [10]
__cmain                  0x800'4585         Code  Gb  cmain.o [10]
__exit                   0x800'3129   0x14  Code  Gb  exit.o [11]
__iar_Fail_s             0x800'3051   0x1c  Code  Gb  xfail_s.o [8]
__iar_Memchr             0x800'30c9         Code  Gb  memchr.o [10]
__iar_Memset             0x800'37f1         Code  Gb  ABImemset.o [10]
__iar_Memset_word        0x800'37f9         Code  Gb  ABImemset.o [10]
__iar_Stdout            0x2000'0000   0x48  Data  Gb  xfiles.o [8]
__iar_Strchr             0x800'3039         Code  Gb  strchr.o [10]
__iar_copy_init3         0x800'0b8f   0x2a  Code  Gb  copy_init3.o [10]
__iar_data_init3         0x800'44ad   0x28  Code  Gb  data_init.o [10]
__iar_init_vfp           0x800'451d         Code  Gb  fpinit_M.o [9]
__iar_program_start      0x800'45b9         Code  Gb  cstartup_M.o [10]
__iar_zero_init3         0x800'4475   0x38  Code  Gb  zero_init3.o [10]
__low_level_init         0x800'45a3    0x4  Code  Gb  low_level_init.o [8]
__vector_table           0x800'0000         Data  Gb  startup_stm32f40_41xxx.o [2]
_call_main               0x800'4591         Code  Gb  cmain.o [10]
_exit                    0x800'45ad         Code  Gb  cexit.o [10]
abort                    0x800'3121    0x6  Code  Gb  abort.o [8]
addroffset              0x2000'1694    0x4  Data  Gb  xmodem.o [1]
calcrc                   0x800'3461   0x40  Code  Gb  xmodem.o [1]
cdcCmd                  0x2000'0170    0x4  Data  Lc  usbd_cdc_core.o [5]
cdcLen                  0x2000'1678    0x4  Data  Lc  usbd_cdc_core.o [5]
delay_ms                 0x800'38eb   0x2e  Code  Gb  systick.o [1]
delay_us                 0x800'38bf   0x2c  Code  Gb  systick.o [1]
exit                     0x800'45a7    0x4  Code  Gb  exit.o [8]
fputc                    0x800'4023   0x20  Code  Gb  usart.o [1]
kk                      0x2000'1698    0x4  Data  Gb  xmodem.o [1]
main                     0x800'43f5   0x80  Code  Gb  main.o [7]
memchr                   0x800'30c9         Code  Gb  memchr.o [10]
obuf                    0x2000'1608   0x50  Data  Lc  xfiles.o [8]
printf                   0x800'37c9   0x28  Code  Gb  printf.o [8]
putchar                  0x800'45ed    0xc  Code  Gb  putchar.o [8]
receive_count           0x2000'1680    0x4  Data  Gb  usbd_cdc_vcp.o [4]
sec_hand                0x2000'169c    0x4  Data  Lc  xfail_s.o [8]
strchr                   0x800'3039         Code  Gb  strchr.o [10]
strlen                   0x800'3091         Code  Gb  strlen.o [10]
usbd_cdc_AltSet         0x2000'1668    0x4  Data  Lc  usbd_cdc_core.o [5]
usbd_cdc_CfgDesc        0x2000'0048   0x44  Data  Gb  usbd_cdc_core.o [5]
usbd_cdc_DataIn          0x800'3281   0x94  Code  Gb  usbd_cdc_core.o [5]
usbd_cdc_DataOut         0x800'3315   0x2c  Code  Gb  usbd_cdc_core.o [5]
usbd_cdc_DeInit          0x800'3185   0x26  Code  Gb  usbd_cdc_core.o [5]
usbd_cdc_EP0_RxReady     0x800'325d   0x24  Code  Gb  usbd_cdc_core.o [5]
usbd_cdc_Init            0x800'313d   0x48  Code  Gb  usbd_cdc_core.o [5]
usbd_cdc_SOF             0x800'3341   0x1e  Code  Gb  usbd_cdc_core.o [5]
usbd_cdc_SOF::FrameCount
                        0x2000'167c    0x4  Data  Lc  usbd_cdc_core.o [5]
usbd_cdc_Setup           0x800'31ab   0xb2  Code  Gb  usbd_cdc_core.o [5]


[1] = C:\Users\LIANMENG\Desktop\AX9-PROJECT-IAR-PID\AX9_V1.00\source\bootloader\USER\Debug\Obj\BSP
[2] = C:\Users\LIANMENG\Desktop\AX9-PROJECT-IAR-PID\AX9_V1.00\source\bootloader\USER\Debug\Obj\CMSIS
[3] = C:\Users\LIANMENG\Desktop\AX9-PROJECT-IAR-PID\AX9_V1.00\source\bootloader\USER\Debug\Obj\FWLIB
[4] = C:\Users\LIANMENG\Desktop\AX9-PROJECT-IAR-PID\AX9_V1.00\source\bootloader\USER\Debug\Obj\USB\USB-APP
[5] = C:\Users\LIANMENG\Desktop\AX9-PROJECT-IAR-PID\AX9_V1.00\source\bootloader\USER\Debug\Obj\USB\USB-DEVICE
[6] = C:\Users\LIANMENG\Desktop\AX9-PROJECT-IAR-PID\AX9_V1.00\source\bootloader\USER\Debug\Obj\USB\USB-OTG
[7] = C:\Users\LIANMENG\Desktop\AX9-PROJECT-IAR-PID\AX9_V1.00\source\bootloader\USER\Debug\Obj\USER
[8] = dl7M_tlf.a
[9] = m7M_tls.a
[10] = rt7M_tl.a
[11] = shb_l.a

  18'142 bytes of readonly  code memory
     574 bytes of readonly  data memory
  13'990 bytes of readwrite data memory

Errors: none
Warnings: none
